TACC:  Starting up job 998789 
TACC:  Setting up parallel environment for OpenMPI mpirun. 
TACC:  Starting parallel tasks... 

Root grid = 8 x 16 x 8 MeshBlocks
Total number of MeshBlocks = 1024
Number of logical  levels of refinement = 4 (5 levels total)
Number of physical levels of refinement = 0 (1 levels total)
Number of parallel ranks = 2
  Rank = 0: 512 MeshBlocks, cost = 512
  Rank = 1: 512 MeshBlocks, cost = 512
Load Balancing:
  Maximum normalized cost = 1, Average = 1

Setup complete, executing task list(s)...

elapsed=2.889809e-01 cycle=0 time=0.000000e+00 dt=8.789063e-04
[1789503040.370487] [c608-021:1529177:0]           ib_md.c:293  UCX  ERROR ibv_reg_dmabuf_mr(address=0x4004f9380000, length=393216, access=0xf) failed: Invalid argument
[1789503040.370514] [c608-021:1529177:0]          ucp_mm.c:70   UCX  ERROR failed to register address 0x4004f9380000 (cuda) length 393216 dmabuf_fd 85 on md[7]=mlx5_0: Input/output error (md supports: host)
[1789503040.370433] [c608-032:2116324:0]           ib_md.c:293  UCX  ERROR ibv_reg_dmabuf_mr(address=0x400519380000, length=393216, access=0xf) failed: Invalid argument
[1789503040.370458] [c608-032:2116324:0]          ucp_mm.c:70   UCX  ERROR failed to register address 0x400519380000 (cuda) length 393216 dmabuf_fd 85 on md[7]=mlx5_0: Input/output error (md supports: host)
TACC:  MPI job exited with code: 17 
TACC:  Shutdown complete. Exiting. 
