:0: : block: [131072,0,0], thread: [0,0,0] Assertion `DustGasDrag: particle outside deposit halo` failed.
:0: : block: [131072,0,0], thread: [0,1,0] Assertion `DustGasDrag: particle outside deposit halo` failed.
:0: : block: [131072,0,0], thread: [0,2,0] Assertion `DustGasDrag: particle outside deposit halo` failed.
:0: : block: [131072,0,0], thread: [0,3,0] Assertion `DustGasDrag: particle outside deposit halo` failed.
:0: : block: [131072,0,0], thread: [0,4,0] Assertion `DustGasDrag: particle outside deposit halo` failed.
:0: : block: [131072,0,0], thread: [0,5,0] Assertion `DustGasDrag: particle outside deposit halo` failed.
:0: : block: [131072,0,0], thread: [0,6,0] Assertion `DustGasDrag: particle outside deposit halo` failed.
:0: : block: [131072,0,0], thread: [0,7,0] Assertion `DustGasDrag: particle outside deposit halo` failed.
:0: : block: [131072,0,0], thread: [0,8,0] Assertion `DustGasDrag: particle outside deposit halo` failed.
:0: : block: [131072,0,0], thread: [0,9,0] Assertion `DustGasDrag: particle outside deposit halo` failed.
:0: : block: [131072,0,0], thread: [0,10,0] Assertion `DustGasDrag: particle outside deposit halo` failed.
:0: : block: [131072,0,0], thread: [0,11,0] Assertion `DustGasDrag: particle outside deposit halo` failed.
:0: : block: [131072,0,0], thread: [0,12,0] Assertion `DustGasDrag: particle outside deposit halo` failed.
:0: : block: [131072,0,0], thread: [0,13,0] Assertion `DustGasDrag: particle outside deposit halo` failed.
:0: : block: [131072,0,0], thread: [0,14,0] Assertion `DustGasDrag: particle outside deposit halo` failed.
cudaDeviceSynchronize() error( cudaErrorAssert): device-side assert triggered /work/10737/clolds/vista/athenak_dust/athenak/kokkos/core/src/Cuda/Kokkos_Cuda_Instance.cpp:154
Backtrace:
[0x135dd94] 
[0x130a468] 
[0x136dc80] 
[0x1366dd8] 
[0x132a014] 
[0x45c23c] 
[0x59ed90] 
[0x414248] 
[0x4000391f7540] 
[0x4000391f7618] __libc_start_main
[0x4134f0] 
[c639-151:3210324] *** Process received signal ***
[c639-151:3210324] Signal: Aborted (6)
[c639-151:3210324] Signal code:  (-6)
[c639-151:3210324] [ 0] linux-vdso.so.1(__kernel_rt_sigreturn+0x0)[0x4000327407f0]
[c639-151:3210324] [ 1] /lib64/libc.so.6(+0x82a78)[0x400039252a78]
[c639-151:3210324] [ 2] /lib64/libc.so.6(raise+0x1c)[0x40003920acfc]
[c639-151:3210324] [ 3] /lib64/libc.so.6(abort+0xe8)[0x4000391f7274]
[c639-151:3210324] [ 4] /work/10737/clolds/vista/athenak_dust/athenak/build-gpu-mpi/src/athena[0x130a474]
[c639-151:3210324] [ 5] /work/10737/clolds/vista/athenak_dust/athenak/build-gpu-mpi/src/athena[0x136dc80]
[c639-151:3210324] [ 6] /work/10737/clolds/vista/athenak_dust/athenak/build-gpu-mpi/src/athena[0x1366dd8]
[c639-151:3210324] [ 7] /work/10737/clolds/vista/athenak_dust/athenak/build-gpu-mpi/src/athena[0x132a014]
[c639-151:3210324] [ 8] /work/10737/clolds/vista/athenak_dust/athenak/build-gpu-mpi/src/athena[0x45c23c]
[c639-151:3210324] [ 9] /work/10737/clolds/vista/athenak_dust/athenak/build-gpu-mpi/src/athena[0x59ed90]
[c639-151:3210324] [10] /work/10737/clolds/vista/athenak_dust/athenak/build-gpu-mpi/src/athena[0x414248]
[c639-151:3210324] [11] /lib64/libc.so.6(+0x27540)[0x4000391f7540]
[c639-151:3210324] [12] /lib64/libc.so.6(__libc_start_main+0x98)[0x4000391f7618]
[c639-151:3210324] [13] /work/10737/clolds/vista/athenak_dust/athenak/build-gpu-mpi/src/athena[0x4134f0]
[c639-151:3210324] *** End of error message ***
:0: : block: [61446,0,0], thread: [0,120,0] Assertion `DustGasDrag: particle outside deposit halo` failed.
,121,0] Assertion `DustGasDrag: particle outside deposit halo` failed.
:0: : block: [61446,0,0], thread: [0,122,0] Assertion `DustGasDrag: particle outside deposit halo` failed.
:0: : block: [61446,0,0], thread: [0,123,0] Assertion `DustGasDrag: particle outside deposit halo` failed.
:0: : block: [61446,0,0], thread: [0,124,0] Assertion `DustGasDrag: particle outside deposit halo` failed.
:0: : block: [61454,0,0], thread: [0,120,0] Assertion `DustGasDrag: particle outside deposit halo` failed.
:0: : block: [61454,0,0], thread: [0,121,0] Assertion `DustGasDrag: particle outside deposit halo` failed.
:0: : block: [61454,0,0], thread: [0,122,0] Assertion `DustGasDrag: particle outside deposit halo` failed.
:0: : block: [61454,0,0], thread: [0,123,0] Assertion `DustGasDrag: particle outside deposit halo` failed.
:0: : block: [61454,0,0], thread: [0,124,0] Assertion `DustGasDrag: particle outside deposit halo` failed.
:0: : block: [61447,0,0], thread: [0,56,0] Assertion `DustGasDrag: particle outside deposit halo` failed.
:0: : block: [61447,0,0], thread: [0,57,0] Assertion `DustGasDrag: particle outside deposit halo` failed.
:0: : block: [61447,0,0], thread: [0,58,0] Assertion `DustGasDrag: particle outside deposit halo` failed.
:0: : block: [61447,0,0], thread: [0,59,0] Assertion `DustGasDrag: particle outside deposit halo` failed.
:0: : block: [61447,0,0], thread: [0,60,0] Assertion `DustGasDrag: particle outside deposit halo` failed.
:0: : block: [61455,0,0], thread: [0,56,0] Assertion `DustGasDrag: particle outside deposit halo` failed.
:0: : block: [61455,0,0], thread: [0,57,0] Assertion `DustGasDrag: particle outside deposit halo` failed.
:0: : block: [61455,0,0], thread: [0,58,0] Assertion `DustGasDrag: particle outside deposit halo` failed.
:0: : block: [61455,0,0], thread: [0,59,0] Assertion `DustGasDrag: particle outside deposit halo` failed.
:0: : block: [61455,0,0], thread: [0,60,0] Assertion `DustGasDrag: particle outside deposit halo` failed.
:0: : block: [61455,0,0], thread: [0,24,0] Assertion `DustGasDrag: particle outside deposit halo` failed.
:0: : block: [61455,0,0], thread: [0,25,0] Assertion `DustGasDrag: particle outside deposit halo` failed.
:0: : block: [61455,0,0], thread: [0,26,0] Assertion `DustGasDrag: particle outside deposit halo` failed.
:0: : block: [61455,0,0], thread: [0,27,0] Assertion `DustGasDrag: particle outside deposit halo` failed.
:0: : block: [61455,0,0], thread: [0,28,0] Assertion `DustGasDrag: particle outside deposit halo` failed.
:0: : block: [61447,0,0], thread: [0,24,0] Assertion `DustGasDrag: particle outside deposit halo` failed.
:0: : block: [61447,0,0], thread: [0,25,0] Assertion `DustGasDrag: particle outside deposit halo` failed.
:0: : block: [61447,0,0], thread: [0,26,0] Assertion `DustGasDrag: particle outside deposit halo` failed.
:0: : block: [61447,0,0], thread: [0,27,0] Assertion `DustGasDrag: particle outside deposit halo` failed.
:0: : block: [61447,0,0], thread: [0,28,0] Assertion `DustGasDrag: particle outside deposit halo` failed.
cudaDeviceSynchronize() error( cudaErrorAssert): device-side assert triggered /work/10737/clolds/vista/athenak_dust/athenak/kokkos/core/src/Cuda/Kokkos_Cuda_Instance.cpp:154
Backtrace:
[0x135dd94] 
[0x130a468] 
[0x136dc80] 
[0x1366dd8] 
[0x132a014] 
[0x45c23c] 
[0x59ed90] 
[0x414248] 
[0x400007137540] 
[0x400007137618] __libc_start_main
[0x4134f0] 
[c639-152:3099028] *** Process received signal ***
[c639-152:3099028] Signal: Aborted (6)
[c639-152:3099028] Signal code:  (-6)
[c639-152:3099028] [ 0] linux-vdso.so.1(__kernel_rt_sigreturn+0x0)[0x4000006807f0]
[c639-152:3099028] [ 1] /lib64/libc.so.6(+0x82a78)[0x400007192a78]
[c639-152:3099028] [ 2] /lib64/libc.so.6(raise+0x1c)[0x40000714acfc]
[c639-152:3099028] [ 3] /lib64/libc.so.6(abort+0xe8)[0x400007137274]
[c639-152:3099028] [ 4] /work/10737/clolds/vista/athenak_dust/athenak/build-gpu-mpi/src/athena[0x130a474]
[c639-152:3099028] [ 5] /work/10737/clolds/vista/athenak_dust/athenak/build-gpu-mpi/src/athena[0x136dc80]
[c639-152:3099028] [ 6] /work/10737/clolds/vista/athenak_dust/athenak/build-gpu-mpi/src/athena[0x1366dd8]
[c639-152:3099028] [ 7] /work/10737/clolds/vista/athenak_dust/athenak/build-gpu-mpi/src/athena[0x132a014]
[c639-152:3099028] [ 8] /work/10737/clolds/vista/athenak_dust/athenak/build-gpu-mpi/src/athena[0x45c23c]
[c639-152:3099028] [ 9] /work/10737/clolds/vista/athenak_dust/athenak/build-gpu-mpi/src/athena[0x59ed90]
[c639-152:3099028] [10] /work/10737/clolds/vista/athenak_dust/athenak/build-gpu-mpi/src/athena[0x414248]
[c639-152:3099028] [11] /lib64/libc.so.6(+0x27540)[0x400007137540]
[c639-152:3099028] [12] /lib64/libc.so.6(__libc_start_main+0x98)[0x400007137618]
[c639-152:3099028] [13] /work/10737/clolds/vista/athenak_dust/athenak/build-gpu-mpi/src/athena[0x4134f0]
[c639-152:3099028] *** End of error message ***
--------------------------------------------------------------------------
prterun noticed that process rank 0 with PID 3210324 on node c639-151 exited on
signal 6 (Aborted).
--------------------------------------------------------------------------
