TACC:  Starting up job 1015582 
TACC:  Setting up parallel environment for OpenMPI mpirun. 
TACC:  Starting parallel tasks... 

Root grid = 8 x 32 x 16 MeshBlocks
Total number of MeshBlocks = 4096
Number of logical  levels of refinement = 5 (6 levels total)
Number of physical levels of refinement = 0 (1 levels total)
Number of parallel ranks = 8
  Rank = 0: 512 MeshBlocks, cost = 512
  Rank = 1: 512 MeshBlocks, cost = 512
  Rank = 2: 512 MeshBlocks, cost = 512
  Rank = 3: 512 MeshBlocks, cost = 512
  Rank = 4: 512 MeshBlocks, cost = 512
  Rank = 5: 512 MeshBlocks, cost = 512
  Rank = 6: 512 MeshBlocks, cost = 512
  Rank = 7: 512 MeshBlocks, cost = 512
Load Balancing:
  Maximum normalized cost = 1, Average = 1

Setup complete, executing task list(s)...

elapsed=3.297857e-01 cycle=0 time=0.000000e+00 dt=4.394531e-04
elapsed=1.019539e+02 cycle=1000 time=4.394531e-01 dt=4.394531e-04

Terminating on cycle limit
time=4.394531e-01 cycle=1000
tlim=1.000000e+99 nlim=1000

MeshBlock-cycles = 4096000
cpu time used  = 1.016242e+02
zone-cycles/cpu_second = 1.320726e+09
particle-updates/cpu_second = 1.320726e+09
TACC:  Shutdown complete. Exiting. 
