TACC:  Starting up job 1015583 
TACC:  Setting up parallel environment for OpenMPI mpirun. 
TACC:  Starting parallel tasks... 

Root grid = 8 x 32 x 32 MeshBlocks
Total number of MeshBlocks = 8192
Number of logical  levels of refinement = 5 (6 levels total)
Number of physical levels of refinement = 0 (1 levels total)
Number of parallel ranks = 16
  Rank = 0: 512 MeshBlocks, cost = 512
  Rank = 1: 512 MeshBlocks, cost = 512
  Rank = 2: 512 MeshBlocks, cost = 512
  Rank = 3: 512 MeshBlocks, cost = 512
  Rank = 4: 512 MeshBlocks, cost = 512
  Rank = 5: 512 MeshBlocks, cost = 512
  Rank = 6: 512 MeshBlocks, cost = 512
  Rank = 7: 512 MeshBlocks, cost = 512
  Rank = 8: 512 MeshBlocks, cost = 512
  Rank = 9: 512 MeshBlocks, cost = 512
  Rank = 10: 512 MeshBlocks, cost = 512
  Rank = 11: 512 MeshBlocks, cost = 512
  Rank = 12: 512 MeshBlocks, cost = 512
  Rank = 13: 512 MeshBlocks, cost = 512
  Rank = 14: 512 MeshBlocks, cost = 512
  Rank = 15: 512 MeshBlocks, cost = 512
Load Balancing:
  Maximum normalized cost = 1, Average = 1

Setup complete, executing task list(s)...

elapsed=3.320546e-01 cycle=0 time=0.000000e+00 dt=4.394531e-04
elapsed=9.677392e+01 cycle=1000 time=1.062221e-01 dt=8.989026e-72

Terminating on cycle limit
time=1.062221e-01 cycle=1000
tlim=1.000000e+99 nlim=1000

MeshBlock-cycles = 8192000
cpu time used  = 9.644189e+01
zone-cycles/cpu_second = 2.783391e+09
particle-updates/cpu_second = 2.783391e+09
TACC:  Shutdown complete. Exiting. 
