TACC:  Starting up job 1032259 
TACC:  Setting up parallel environment for OpenMPI mpirun. 
TACC:  Starting parallel tasks... 

Root grid = 8 x 16 x 8 MeshBlocks
Total number of MeshBlocks = 1024
Number of logical  levels of refinement = 4 (5 levels total)
Number of physical levels of refinement = 0 (1 levels total)
Number of parallel ranks = 2
  Rank = 0: 512 MeshBlocks, cost = 512
  Rank = 1: 512 MeshBlocks, cost = 512
Load Balancing:
  Maximum normalized cost = 1, Average = 1

Setup complete, executing task list(s)...

elapsed=7.587000e-02 cycle=0 time=0.000000e+00 dt=8.789063e-04
elapsed=5.743004e+01 cycle=1000 time=8.292043e-01 dt=8.012304e-04

Terminating on cycle limit
time=8.292043e-01 cycle=1000
tlim=1.000000e+99 nlim=1000

MeshBlock-cycles = 1024000
cpu time used  = 5.735419e+01
zone-cycles/cpu_second = 5.850389e+08
particle-updates/cpu_second = 5.850389e+08
# DUST_HYBRID_SUMMARY pc2_cycles=1000 split_be_cycles=0 pc2_fraction=1.00000000000000e+00 last_zeta=8.00692987354377e-05 last_chi=1.40777233478817e-04
TACC:  Shutdown complete. Exiting. 
