TACC:  Starting up job 1032261 
TACC:  Setting up parallel environment for OpenMPI mpirun. 
TACC:  Starting parallel tasks... 

Root grid = 8 x 32 x 16 MeshBlocks
Total number of MeshBlocks = 4096
Number of logical  levels of refinement = 5 (6 levels total)
Number of physical levels of refinement = 0 (1 levels total)
Number of parallel ranks = 8
  Rank = 0: 512 MeshBlocks, cost = 512
  Rank = 1: 512 MeshBlocks, cost = 512
  Rank = 2: 512 MeshBlocks, cost = 512
  Rank = 3: 512 MeshBlocks, cost = 512
  Rank = 4: 512 MeshBlocks, cost = 512
  Rank = 5: 512 MeshBlocks, cost = 512
  Rank = 6: 512 MeshBlocks, cost = 512
  Rank = 7: 512 MeshBlocks, cost = 512
Load Balancing:
  Maximum normalized cost = 1, Average = 1

Setup complete, executing task list(s)...

elapsed=1.445255e-01 cycle=0 time=0.000000e+00 dt=4.394531e-04
elapsed=6.099763e+01 cycle=1000 time=4.394531e-01 dt=4.394531e-04

Terminating on cycle limit
time=4.394531e-01 cycle=1000
tlim=1.000000e+99 nlim=1000

MeshBlock-cycles = 4096000
cpu time used  = 6.085312e+01
zone-cycles/cpu_second = 2.205601e+09
particle-updates/cpu_second = 2.205601e+09
# DUST_HYBRID_SUMMARY pc2_cycles=1000 split_be_cycles=0 pc2_fraction=1.00000000000000e+00 last_zeta=4.39453125000000e-05 last_chi=4.39453125000025e-05
TACC:  Shutdown complete. Exiting. 
