TACC:  Starting up job 35617 
TACC:  Setting up parallel environment for OpenMPI mpirun. 
TACC:  Starting parallel tasks... 

Root grid = 8 x 16 x 8 MeshBlocks
Total number of MeshBlocks = 1024
Number of logical  levels of refinement = 4 (5 levels total)
Number of physical levels of refinement = 0 (1 levels total)
Number of parallel ranks = 128
  Rank = 0: 8 MeshBlocks, cost = 8
  Rank = 1: 8 MeshBlocks, cost = 8
  Rank = 2: 8 MeshBlocks, cost = 8
  Rank = 3: 8 MeshBlocks, cost = 8
  Rank = 4: 8 MeshBlocks, cost = 8
  Rank = 5: 8 MeshBlocks, cost = 8
  Rank = 6: 8 MeshBlocks, cost = 8
  Rank = 7: 8 MeshBlocks, cost = 8
  Rank = 8: 8 MeshBlocks, cost = 8
  Rank = 9: 8 MeshBlocks, cost = 8
  Rank = 10: 8 MeshBlocks, cost = 8
  Rank = 11: 8 MeshBlocks, cost = 8
  Rank = 12: 8 MeshBlocks, cost = 8
  Rank = 13: 8 MeshBlocks, cost = 8
  Rank = 14: 8 MeshBlocks, cost = 8
  Rank = 15: 8 MeshBlocks, cost = 8
  Rank = 16: 8 MeshBlocks, cost = 8
  Rank = 17: 8 MeshBlocks, cost = 8
  Rank = 18: 8 MeshBlocks, cost = 8
  Rank = 19: 8 MeshBlocks, cost = 8
  Rank = 20: 8 MeshBlocks, cost = 8
  Rank = 21: 8 MeshBlocks, cost = 8
  Rank = 22: 8 MeshBlocks, cost = 8
  Rank = 23: 8 MeshBlocks, cost = 8
  Rank = 24: 8 MeshBlocks, cost = 8
  Rank = 25: 8 MeshBlocks, cost = 8
  Rank = 26: 8 MeshBlocks, cost = 8
  Rank = 27: 8 MeshBlocks, cost = 8
  Rank = 28: 8 MeshBlocks, cost = 8
  Rank = 29: 8 MeshBlocks, cost = 8
  Rank = 30: 8 MeshBlocks, cost = 8
  Rank = 31: 8 MeshBlocks, cost = 8
  Rank = 32: 8 MeshBlocks, cost = 8
  Rank = 33: 8 MeshBlocks, cost = 8
  Rank = 34: 8 MeshBlocks, cost = 8
  Rank = 35: 8 MeshBlocks, cost = 8
  Rank = 36: 8 MeshBlocks, cost = 8
  Rank = 37: 8 MeshBlocks, cost = 8
  Rank = 38: 8 MeshBlocks, cost = 8
  Rank = 39: 8 MeshBlocks, cost = 8
  Rank = 40: 8 MeshBlocks, cost = 8
  Rank = 41: 8 MeshBlocks, cost = 8
  Rank = 42: 8 MeshBlocks, cost = 8
  Rank = 43: 8 MeshBlocks, cost = 8
  Rank = 44: 8 MeshBlocks, cost = 8
  Rank = 45: 8 MeshBlocks, cost = 8
  Rank = 46: 8 MeshBlocks, cost = 8
  Rank = 47: 8 MeshBlocks, cost = 8
  Rank = 48: 8 MeshBlocks, cost = 8
  Rank = 49: 8 MeshBlocks, cost = 8
  Rank = 50: 8 MeshBlocks, cost = 8
  Rank = 51: 8 MeshBlocks, cost = 8
  Rank = 52: 8 MeshBlocks, cost = 8
  Rank = 53: 8 MeshBlocks, cost = 8
  Rank = 54: 8 MeshBlocks, cost = 8
  Rank = 55: 8 MeshBlocks, cost = 8
  Rank = 56: 8 MeshBlocks, cost = 8
  Rank = 57: 8 MeshBlocks, cost = 8
  Rank = 58: 8 MeshBlocks, cost = 8
  Rank = 59: 8 MeshBlocks, cost = 8
  Rank = 60: 8 MeshBlocks, cost = 8
  Rank = 61: 8 MeshBlocks, cost = 8
  Rank = 62: 8 MeshBlocks, cost = 8
  Rank = 63: 8 MeshBlocks, cost = 8
  Rank = 64: 8 MeshBlocks, cost = 8
  Rank = 65: 8 MeshBlocks, cost = 8
  Rank = 66: 8 MeshBlocks, cost = 8
  Rank = 67: 8 MeshBlocks, cost = 8
  Rank = 68: 8 MeshBlocks, cost = 8
  Rank = 69: 8 MeshBlocks, cost = 8
  Rank = 70: 8 MeshBlocks, cost = 8
  Rank = 71: 8 MeshBlocks, cost = 8
  Rank = 72: 8 MeshBlocks, cost = 8
  Rank = 73: 8 MeshBlocks, cost = 8
  Rank = 74: 8 MeshBlocks, cost = 8
  Rank = 75: 8 MeshBlocks, cost = 8
  Rank = 76: 8 MeshBlocks, cost = 8
  Rank = 77: 8 MeshBlocks, cost = 8
  Rank = 78: 8 MeshBlocks, cost = 8
  Rank = 79: 8 MeshBlocks, cost = 8
  Rank = 80: 8 MeshBlocks, cost = 8
  Rank = 81: 8 MeshBlocks, cost = 8
  Rank = 82: 8 MeshBlocks, cost = 8
  Rank = 83: 8 MeshBlocks, cost = 8
  Rank = 84: 8 MeshBlocks, cost = 8
  Rank = 85: 8 MeshBlocks, cost = 8
  Rank = 86: 8 MeshBlocks, cost = 8
  Rank = 87: 8 MeshBlocks, cost = 8
  Rank = 88: 8 MeshBlocks, cost = 8
  Rank = 89: 8 MeshBlocks, cost = 8
  Rank = 90: 8 MeshBlocks, cost = 8
  Rank = 91: 8 MeshBlocks, cost = 8
  Rank = 92: 8 MeshBlocks, cost = 8
  Rank = 93: 8 MeshBlocks, cost = 8
  Rank = 94: 8 MeshBlocks, cost = 8
  Rank = 95: 8 MeshBlocks, cost = 8
  Rank = 96: 8 MeshBlocks, cost = 8
  Rank = 97: 8 MeshBlocks, cost = 8
  Rank = 98: 8 MeshBlocks, cost = 8
  Rank = 99: 8 MeshBlocks, cost = 8
  Rank = 100: 8 MeshBlocks, cost = 8
  Rank = 101: 8 MeshBlocks, cost = 8
  Rank = 102: 8 MeshBlocks, cost = 8
  Rank = 103: 8 MeshBlocks, cost = 8
  Rank = 104: 8 MeshBlocks, cost = 8
  Rank = 105: 8 MeshBlocks, cost = 8
  Rank = 106: 8 MeshBlocks, cost = 8
  Rank = 107: 8 MeshBlocks, cost = 8
  Rank = 108: 8 MeshBlocks, cost = 8
  Rank = 109: 8 MeshBlocks, cost = 8
  Rank = 110: 8 MeshBlocks, cost = 8
  Rank = 111: 8 MeshBlocks, cost = 8
  Rank = 112: 8 MeshBlocks, cost = 8
  Rank = 113: 8 MeshBlocks, cost = 8
  Rank = 114: 8 MeshBlocks, cost = 8
  Rank = 115: 8 MeshBlocks, cost = 8
  Rank = 116: 8 MeshBlocks, cost = 8
  Rank = 117: 8 MeshBlocks, cost = 8
  Rank = 118: 8 MeshBlocks, cost = 8
  Rank = 119: 8 MeshBlocks, cost = 8
  Rank = 120: 8 MeshBlocks, cost = 8
  Rank = 121: 8 MeshBlocks, cost = 8
  Rank = 122: 8 MeshBlocks, cost = 8
  Rank = 123: 8 MeshBlocks, cost = 8
  Rank = 124: 8 MeshBlocks, cost = 8
  Rank = 125: 8 MeshBlocks, cost = 8
  Rank = 126: 8 MeshBlocks, cost = 8
  Rank = 127: 8 MeshBlocks, cost = 8
Load Balancing:
  Maximum normalized cost = 1, Average = 1

Setup complete, executing task list(s)...

elapsed=7.805010e-01 cycle=0 time=0.000000e+00 dt=8.789063e-04
elapsed=8.108355e+02 cycle=1000 time=8.081243e-01 dt=7.970365e-04

Terminating on cycle limit
time=8.081243e-01 cycle=1000
tlim=1.000000e+99 nlim=1000

MeshBlock-cycles = 1024000
cpu time used  = 8.100550e+02
zone-cycles/cpu_second = 4.142241e+07
particle-updates/cpu_second = 4.142241e+07
TACC:  Shutdown complete. Exiting. 
