TACC:  Starting up job 35618 
TACC:  Setting up parallel environment for OpenMPI mpirun. 
TACC:  Starting parallel tasks... 

Root grid = 8 x 16 x 16 MeshBlocks
Total number of MeshBlocks = 2048
Number of logical  levels of refinement = 4 (5 levels total)
Number of physical levels of refinement = 0 (1 levels total)
Number of parallel ranks = 256
  Rank = 0: 8 MeshBlocks, cost = 8
  Rank = 1: 8 MeshBlocks, cost = 8
  Rank = 2: 8 MeshBlocks, cost = 8
  Rank = 3: 8 MeshBlocks, cost = 8
  Rank = 4: 8 MeshBlocks, cost = 8
  Rank = 5: 8 MeshBlocks, cost = 8
  Rank = 6: 8 MeshBlocks, cost = 8
  Rank = 7: 8 MeshBlocks, cost = 8
  Rank = 8: 8 MeshBlocks, cost = 8
  Rank = 9: 8 MeshBlocks, cost = 8
  Rank = 10: 8 MeshBlocks, cost = 8
  Rank = 11: 8 MeshBlocks, cost = 8
  Rank = 12: 8 MeshBlocks, cost = 8
  Rank = 13: 8 MeshBlocks, cost = 8
  Rank = 14: 8 MeshBlocks, cost = 8
  Rank = 15: 8 MeshBlocks, cost = 8
  Rank = 16: 8 MeshBlocks, cost = 8
  Rank = 17: 8 MeshBlocks, cost = 8
  Rank = 18: 8 MeshBlocks, cost = 8
  Rank = 19: 8 MeshBlocks, cost = 8
  Rank = 20: 8 MeshBlocks, cost = 8
  Rank = 21: 8 MeshBlocks, cost = 8
  Rank = 22: 8 MeshBlocks, cost = 8
  Rank = 23: 8 MeshBlocks, cost = 8
  Rank = 24: 8 MeshBlocks, cost = 8
  Rank = 25: 8 MeshBlocks, cost = 8
  Rank = 26: 8 MeshBlocks, cost = 8
  Rank = 27: 8 MeshBlocks, cost = 8
  Rank = 28: 8 MeshBlocks, cost = 8
  Rank = 29: 8 MeshBlocks, cost = 8
  Rank = 30: 8 MeshBlocks, cost = 8
  Rank = 31: 8 MeshBlocks, cost = 8
  Rank = 32: 8 MeshBlocks, cost = 8
  Rank = 33: 8 MeshBlocks, cost = 8
  Rank = 34: 8 MeshBlocks, cost = 8
  Rank = 35: 8 MeshBlocks, cost = 8
  Rank = 36: 8 MeshBlocks, cost = 8
  Rank = 37: 8 MeshBlocks, cost = 8
  Rank = 38: 8 MeshBlocks, cost = 8
  Rank = 39: 8 MeshBlocks, cost = 8
  Rank = 40: 8 MeshBlocks, cost = 8
  Rank = 41: 8 MeshBlocks, cost = 8
  Rank = 42: 8 MeshBlocks, cost = 8
  Rank = 43: 8 MeshBlocks, cost = 8
  Rank = 44: 8 MeshBlocks, cost = 8
  Rank = 45: 8 MeshBlocks, cost = 8
  Rank = 46: 8 MeshBlocks, cost = 8
  Rank = 47: 8 MeshBlocks, cost = 8
  Rank = 48: 8 MeshBlocks, cost = 8
  Rank = 49: 8 MeshBlocks, cost = 8
  Rank = 50: 8 MeshBlocks, cost = 8
  Rank = 51: 8 MeshBlocks, cost = 8
  Rank = 52: 8 MeshBlocks, cost = 8
  Rank = 53: 8 MeshBlocks, cost = 8
  Rank = 54: 8 MeshBlocks, cost = 8
  Rank = 55: 8 MeshBlocks, cost = 8
  Rank = 56: 8 MeshBlocks, cost = 8
  Rank = 57: 8 MeshBlocks, cost = 8
  Rank = 58: 8 MeshBlocks, cost = 8
  Rank = 59: 8 MeshBlocks, cost = 8
  Rank = 60: 8 MeshBlocks, cost = 8
  Rank = 61: 8 MeshBlocks, cost = 8
  Rank = 62: 8 MeshBlocks, cost = 8
  Rank = 63: 8 MeshBlocks, cost = 8
  Rank = 64: 8 MeshBlocks, cost = 8
  Rank = 65: 8 MeshBlocks, cost = 8
  Rank = 66: 8 MeshBlocks, cost = 8
  Rank = 67: 8 MeshBlocks, cost = 8
  Rank = 68: 8 MeshBlocks, cost = 8
  Rank = 69: 8 MeshBlocks, cost = 8
  Rank = 70: 8 MeshBlocks, cost = 8
  Rank = 71: 8 MeshBlocks, cost = 8
  Rank = 72: 8 MeshBlocks, cost = 8
  Rank = 73: 8 MeshBlocks, cost = 8
  Rank = 74: 8 MeshBlocks, cost = 8
  Rank = 75: 8 MeshBlocks, cost = 8
  Rank = 76: 8 MeshBlocks, cost = 8
  Rank = 77: 8 MeshBlocks, cost = 8
  Rank = 78: 8 MeshBlocks, cost = 8
  Rank = 79: 8 MeshBlocks, cost = 8
  Rank = 80: 8 MeshBlocks, cost = 8
  Rank = 81: 8 MeshBlocks, cost = 8
  Rank = 82: 8 MeshBlocks, cost = 8
  Rank = 83: 8 MeshBlocks, cost = 8
  Rank = 84: 8 MeshBlocks, cost = 8
  Rank = 85: 8 MeshBlocks, cost = 8
  Rank = 86: 8 MeshBlocks, cost = 8
  Rank = 87: 8 MeshBlocks, cost = 8
  Rank = 88: 8 MeshBlocks, cost = 8
  Rank = 89: 8 MeshBlocks, cost = 8
  Rank = 90: 8 MeshBlocks, cost = 8
  Rank = 91: 8 MeshBlocks, cost = 8
  Rank = 92: 8 MeshBlocks, cost = 8
  Rank = 93: 8 MeshBlocks, cost = 8
  Rank = 94: 8 MeshBlocks, cost = 8
  Rank = 95: 8 MeshBlocks, cost = 8
  Rank = 96: 8 MeshBlocks, cost = 8
  Rank = 97: 8 MeshBlocks, cost = 8
  Rank = 98: 8 MeshBlocks, cost = 8
  Rank = 99: 8 MeshBlocks, cost = 8
  Rank = 100: 8 MeshBlocks, cost = 8
  Rank = 101: 8 MeshBlocks, cost = 8
  Rank = 102: 8 MeshBlocks, cost = 8
  Rank = 103: 8 MeshBlocks, cost = 8
  Rank = 104: 8 MeshBlocks, cost = 8
  Rank = 105: 8 MeshBlocks, cost = 8
  Rank = 106: 8 MeshBlocks, cost = 8
  Rank = 107: 8 MeshBlocks, cost = 8
  Rank = 108: 8 MeshBlocks, cost = 8
  Rank = 109: 8 MeshBlocks, cost = 8
  Rank = 110: 8 MeshBlocks, cost = 8
  Rank = 111: 8 MeshBlocks, cost = 8
  Rank = 112: 8 MeshBlocks, cost = 8
  Rank = 113: 8 MeshBlocks, cost = 8
  Rank = 114: 8 MeshBlocks, cost = 8
  Rank = 115: 8 MeshBlocks, cost = 8
  Rank = 116: 8 MeshBlocks, cost = 8
  Rank = 117: 8 MeshBlocks, cost = 8
  Rank = 118: 8 MeshBlocks, cost = 8
  Rank = 119: 8 MeshBlocks, cost = 8
  Rank = 120: 8 MeshBlocks, cost = 8
  Rank = 121: 8 MeshBlocks, cost = 8
  Rank = 122: 8 MeshBlocks, cost = 8
  Rank = 123: 8 MeshBlocks, cost = 8
  Rank = 124: 8 MeshBlocks, cost = 8
  Rank = 125: 8 MeshBlocks, cost = 8
  Rank = 126: 8 MeshBlocks, cost = 8
  Rank = 127: 8 MeshBlocks, cost = 8
  Rank = 128: 8 MeshBlocks, cost = 8
  Rank = 129: 8 MeshBlocks, cost = 8
  Rank = 130: 8 MeshBlocks, cost = 8
  Rank = 131: 8 MeshBlocks, cost = 8
  Rank = 132: 8 MeshBlocks, cost = 8
  Rank = 133: 8 MeshBlocks, cost = 8
  Rank = 134: 8 MeshBlocks, cost = 8
  Rank = 135: 8 MeshBlocks, cost = 8
  Rank = 136: 8 MeshBlocks, cost = 8
  Rank = 137: 8 MeshBlocks, cost = 8
  Rank = 138: 8 MeshBlocks, cost = 8
  Rank = 139: 8 MeshBlocks, cost = 8
  Rank = 140: 8 MeshBlocks, cost = 8
  Rank = 141: 8 MeshBlocks, cost = 8
  Rank = 142: 8 MeshBlocks, cost = 8
  Rank = 143: 8 MeshBlocks, cost = 8
  Rank = 144: 8 MeshBlocks, cost = 8
  Rank = 145: 8 MeshBlocks, cost = 8
  Rank = 146: 8 MeshBlocks, cost = 8
  Rank = 147: 8 MeshBlocks, cost = 8
  Rank = 148: 8 MeshBlocks, cost = 8
  Rank = 149: 8 MeshBlocks, cost = 8
  Rank = 150: 8 MeshBlocks, cost = 8
  Rank = 151: 8 MeshBlocks, cost = 8
  Rank = 152: 8 MeshBlocks, cost = 8
  Rank = 153: 8 MeshBlocks, cost = 8
  Rank = 154: 8 MeshBlocks, cost = 8
  Rank = 155: 8 MeshBlocks, cost = 8
  Rank = 156: 8 MeshBlocks, cost = 8
  Rank = 157: 8 MeshBlocks, cost = 8
  Rank = 158: 8 MeshBlocks, cost = 8
  Rank = 159: 8 MeshBlocks, cost = 8
  Rank = 160: 8 MeshBlocks, cost = 8
  Rank = 161: 8 MeshBlocks, cost = 8
  Rank = 162: 8 MeshBlocks, cost = 8
  Rank = 163: 8 MeshBlocks, cost = 8
  Rank = 164: 8 MeshBlocks, cost = 8
  Rank = 165: 8 MeshBlocks, cost = 8
  Rank = 166: 8 MeshBlocks, cost = 8
  Rank = 167: 8 MeshBlocks, cost = 8
  Rank = 168: 8 MeshBlocks, cost = 8
  Rank = 169: 8 MeshBlocks, cost = 8
  Rank = 170: 8 MeshBlocks, cost = 8
  Rank = 171: 8 MeshBlocks, cost = 8
  Rank = 172: 8 MeshBlocks, cost = 8
  Rank = 173: 8 MeshBlocks, cost = 8
  Rank = 174: 8 MeshBlocks, cost = 8
  Rank = 175: 8 MeshBlocks, cost = 8
  Rank = 176: 8 MeshBlocks, cost = 8
  Rank = 177: 8 MeshBlocks, cost = 8
  Rank = 178: 8 MeshBlocks, cost = 8
  Rank = 179: 8 MeshBlocks, cost = 8
  Rank = 180: 8 MeshBlocks, cost = 8
  Rank = 181: 8 MeshBlocks, cost = 8
  Rank = 182: 8 MeshBlocks, cost = 8
  Rank = 183: 8 MeshBlocks, cost = 8
  Rank = 184: 8 MeshBlocks, cost = 8
  Rank = 185: 8 MeshBlocks, cost = 8
  Rank = 186: 8 MeshBlocks, cost = 8
  Rank = 187: 8 MeshBlocks, cost = 8
  Rank = 188: 8 MeshBlocks, cost = 8
  Rank = 189: 8 MeshBlocks, cost = 8
  Rank = 190: 8 MeshBlocks, cost = 8
  Rank = 191: 8 MeshBlocks, cost = 8
  Rank = 192: 8 MeshBlocks, cost = 8
  Rank = 193: 8 MeshBlocks, cost = 8
  Rank = 194: 8 MeshBlocks, cost = 8
  Rank = 195: 8 MeshBlocks, cost = 8
  Rank = 196: 8 MeshBlocks, cost = 8
  Rank = 197: 8 MeshBlocks, cost = 8
  Rank = 198: 8 MeshBlocks, cost = 8
  Rank = 199: 8 MeshBlocks, cost = 8
  Rank = 200: 8 MeshBlocks, cost = 8
  Rank = 201: 8 MeshBlocks, cost = 8
  Rank = 202: 8 MeshBlocks, cost = 8
  Rank = 203: 8 MeshBlocks, cost = 8
  Rank = 204: 8 MeshBlocks, cost = 8
  Rank = 205: 8 MeshBlocks, cost = 8
  Rank = 206: 8 MeshBlocks, cost = 8
  Rank = 207: 8 MeshBlocks, cost = 8
  Rank = 208: 8 MeshBlocks, cost = 8
  Rank = 209: 8 MeshBlocks, cost = 8
  Rank = 210: 8 MeshBlocks, cost = 8
  Rank = 211: 8 MeshBlocks, cost = 8
  Rank = 212: 8 MeshBlocks, cost = 8
  Rank = 213: 8 MeshBlocks, cost = 8
  Rank = 214: 8 MeshBlocks, cost = 8
  Rank = 215: 8 MeshBlocks, cost = 8
  Rank = 216: 8 MeshBlocks, cost = 8
  Rank = 217: 8 MeshBlocks, cost = 8
  Rank = 218: 8 MeshBlocks, cost = 8
  Rank = 219: 8 MeshBlocks, cost = 8
  Rank = 220: 8 MeshBlocks, cost = 8
  Rank = 221: 8 MeshBlocks, cost = 8
  Rank = 222: 8 MeshBlocks, cost = 8
  Rank = 223: 8 MeshBlocks, cost = 8
  Rank = 224: 8 MeshBlocks, cost = 8
  Rank = 225: 8 MeshBlocks, cost = 8
  Rank = 226: 8 MeshBlocks, cost = 8
  Rank = 227: 8 MeshBlocks, cost = 8
  Rank = 228: 8 MeshBlocks, cost = 8
  Rank = 229: 8 MeshBlocks, cost = 8
  Rank = 230: 8 MeshBlocks, cost = 8
  Rank = 231: 8 MeshBlocks, cost = 8
  Rank = 232: 8 MeshBlocks, cost = 8
  Rank = 233: 8 MeshBlocks, cost = 8
  Rank = 234: 8 MeshBlocks, cost = 8
  Rank = 235: 8 MeshBlocks, cost = 8
  Rank = 236: 8 MeshBlocks, cost = 8
  Rank = 237: 8 MeshBlocks, cost = 8
  Rank = 238: 8 MeshBlocks, cost = 8
  Rank = 239: 8 MeshBlocks, cost = 8
  Rank = 240: 8 MeshBlocks, cost = 8
  Rank = 241: 8 MeshBlocks, cost = 8
  Rank = 242: 8 MeshBlocks, cost = 8
  Rank = 243: 8 MeshBlocks, cost = 8
  Rank = 244: 8 MeshBlocks, cost = 8
  Rank = 245: 8 MeshBlocks, cost = 8
  Rank = 246: 8 MeshBlocks, cost = 8
  Rank = 247: 8 MeshBlocks, cost = 8
  Rank = 248: 8 MeshBlocks, cost = 8
  Rank = 249: 8 MeshBlocks, cost = 8
  Rank = 250: 8 MeshBlocks, cost = 8
  Rank = 251: 8 MeshBlocks, cost = 8
  Rank = 252: 8 MeshBlocks, cost = 8
  Rank = 253: 8 MeshBlocks, cost = 8
  Rank = 254: 8 MeshBlocks, cost = 8
  Rank = 255: 8 MeshBlocks, cost = 8
Load Balancing:
  Maximum normalized cost = 1, Average = 1

Setup complete, executing task list(s)...

elapsed=9.016592e-01 cycle=0 time=0.000000e+00 dt=8.789063e-04
elapsed=9.641732e+02 cycle=1000 time=6.471381e-02 dt=1.703309e-103

Terminating on cycle limit
time=6.471381e-02 cycle=1000
tlim=1.000000e+99 nlim=1000

MeshBlock-cycles = 2048000
cpu time used  = 9.632715e+02
zone-cycles/cpu_second = 6.966765e+07
particle-updates/cpu_second = 6.966765e+07
TACC:  Shutdown complete. Exiting. 
