TACC:  Starting up job 35627 
TACC:  Setting up parallel environment for OpenMPI mpirun. 
TACC:  Starting parallel tasks... 

Root grid = 8 x 32 x 16 MeshBlocks
Total number of MeshBlocks = 4096
Number of logical  levels of refinement = 5 (6 levels total)
Number of physical levels of refinement = 0 (1 levels total)
Number of parallel ranks = 512
  Rank = 0: 8 MeshBlocks, cost = 8
  Rank = 1: 8 MeshBlocks, cost = 8
  Rank = 2: 8 MeshBlocks, cost = 8
  Rank = 3: 8 MeshBlocks, cost = 8
  Rank = 4: 8 MeshBlocks, cost = 8
  Rank = 5: 8 MeshBlocks, cost = 8
  Rank = 6: 8 MeshBlocks, cost = 8
  Rank = 7: 8 MeshBlocks, cost = 8
  Rank = 8: 8 MeshBlocks, cost = 8
  Rank = 9: 8 MeshBlocks, cost = 8
  Rank = 10: 8 MeshBlocks, cost = 8
  Rank = 11: 8 MeshBlocks, cost = 8
  Rank = 12: 8 MeshBlocks, cost = 8
  Rank = 13: 8 MeshBlocks, cost = 8
  Rank = 14: 8 MeshBlocks, cost = 8
  Rank = 15: 8 MeshBlocks, cost = 8
  Rank = 16: 8 MeshBlocks, cost = 8
  Rank = 17: 8 MeshBlocks, cost = 8
  Rank = 18: 8 MeshBlocks, cost = 8
  Rank = 19: 8 MeshBlocks, cost = 8
  Rank = 20: 8 MeshBlocks, cost = 8
  Rank = 21: 8 MeshBlocks, cost = 8
  Rank = 22: 8 MeshBlocks, cost = 8
  Rank = 23: 8 MeshBlocks, cost = 8
  Rank = 24: 8 MeshBlocks, cost = 8
  Rank = 25: 8 MeshBlocks, cost = 8
  Rank = 26: 8 MeshBlocks, cost = 8
  Rank = 27: 8 MeshBlocks, cost = 8
  Rank = 28: 8 MeshBlocks, cost = 8
  Rank = 29: 8 MeshBlocks, cost = 8
  Rank = 30: 8 MeshBlocks, cost = 8
  Rank = 31: 8 MeshBlocks, cost = 8
  Rank = 32: 8 MeshBlocks, cost = 8
  Rank = 33: 8 MeshBlocks, cost = 8
  Rank = 34: 8 MeshBlocks, cost = 8
  Rank = 35: 8 MeshBlocks, cost = 8
  Rank = 36: 8 MeshBlocks, cost = 8
  Rank = 37: 8 MeshBlocks, cost = 8
  Rank = 38: 8 MeshBlocks, cost = 8
  Rank = 39: 8 MeshBlocks, cost = 8
  Rank = 40: 8 MeshBlocks, cost = 8
  Rank = 41: 8 MeshBlocks, cost = 8
  Rank = 42: 8 MeshBlocks, cost = 8
  Rank = 43: 8 MeshBlocks, cost = 8
  Rank = 44: 8 MeshBlocks, cost = 8
  Rank = 45: 8 MeshBlocks, cost = 8
  Rank = 46: 8 MeshBlocks, cost = 8
  Rank = 47: 8 MeshBlocks, cost = 8
  Rank = 48: 8 MeshBlocks, cost = 8
  Rank = 49: 8 MeshBlocks, cost = 8
  Rank = 50: 8 MeshBlocks, cost = 8
  Rank = 51: 8 MeshBlocks, cost = 8
  Rank = 52: 8 MeshBlocks, cost = 8
  Rank = 53: 8 MeshBlocks, cost = 8
  Rank = 54: 8 MeshBlocks, cost = 8
  Rank = 55: 8 MeshBlocks, cost = 8
  Rank = 56: 8 MeshBlocks, cost = 8
  Rank = 57: 8 MeshBlocks, cost = 8
  Rank = 58: 8 MeshBlocks, cost = 8
  Rank = 59: 8 MeshBlocks, cost = 8
  Rank = 60: 8 MeshBlocks, cost = 8
  Rank = 61: 8 MeshBlocks, cost = 8
  Rank = 62: 8 MeshBlocks, cost = 8
  Rank = 63: 8 MeshBlocks, cost = 8
  Rank = 64: 8 MeshBlocks, cost = 8
  Rank = 65: 8 MeshBlocks, cost = 8
  Rank = 66: 8 MeshBlocks, cost = 8
  Rank = 67: 8 MeshBlocks, cost = 8
  Rank = 68: 8 MeshBlocks, cost = 8
  Rank = 69: 8 MeshBlocks, cost = 8
  Rank = 70: 8 MeshBlocks, cost = 8
  Rank = 71: 8 MeshBlocks, cost = 8
  Rank = 72: 8 MeshBlocks, cost = 8
  Rank = 73: 8 MeshBlocks, cost = 8
  Rank = 74: 8 MeshBlocks, cost = 8
  Rank = 75: 8 MeshBlocks, cost = 8
  Rank = 76: 8 MeshBlocks, cost = 8
  Rank = 77: 8 MeshBlocks, cost = 8
  Rank = 78: 8 MeshBlocks, cost = 8
  Rank = 79: 8 MeshBlocks, cost = 8
  Rank = 80: 8 MeshBlocks, cost = 8
  Rank = 81: 8 MeshBlocks, cost = 8
  Rank = 82: 8 MeshBlocks, cost = 8
  Rank = 83: 8 MeshBlocks, cost = 8
  Rank = 84: 8 MeshBlocks, cost = 8
  Rank = 85: 8 MeshBlocks, cost = 8
  Rank = 86: 8 MeshBlocks, cost = 8
  Rank = 87: 8 MeshBlocks, cost = 8
  Rank = 88: 8 MeshBlocks, cost = 8
  Rank = 89: 8 MeshBlocks, cost = 8
  Rank = 90: 8 MeshBlocks, cost = 8
  Rank = 91: 8 MeshBlocks, cost = 8
  Rank = 92: 8 MeshBlocks, cost = 8
  Rank = 93: 8 MeshBlocks, cost = 8
  Rank = 94: 8 MeshBlocks, cost = 8
  Rank = 95: 8 MeshBlocks, cost = 8
  Rank = 96: 8 MeshBlocks, cost = 8
  Rank = 97: 8 MeshBlocks, cost = 8
  Rank = 98: 8 MeshBlocks, cost = 8
  Rank = 99: 8 MeshBlocks, cost = 8
  Rank = 100: 8 MeshBlocks, cost = 8
  Rank = 101: 8 MeshBlocks, cost = 8
  Rank = 102: 8 MeshBlocks, cost = 8
  Rank = 103: 8 MeshBlocks, cost = 8
  Rank = 104: 8 MeshBlocks, cost = 8
  Rank = 105: 8 MeshBlocks, cost = 8
  Rank = 106: 8 MeshBlocks, cost = 8
  Rank = 107: 8 MeshBlocks, cost = 8
  Rank = 108: 8 MeshBlocks, cost = 8
  Rank = 109: 8 MeshBlocks, cost = 8
  Rank = 110: 8 MeshBlocks, cost = 8
  Rank = 111: 8 MeshBlocks, cost = 8
  Rank = 112: 8 MeshBlocks, cost = 8
  Rank = 113: 8 MeshBlocks, cost = 8
  Rank = 114: 8 MeshBlocks, cost = 8
  Rank = 115: 8 MeshBlocks, cost = 8
  Rank = 116: 8 MeshBlocks, cost = 8
  Rank = 117: 8 MeshBlocks, cost = 8
  Rank = 118: 8 MeshBlocks, cost = 8
  Rank = 119: 8 MeshBlocks, cost = 8
  Rank = 120: 8 MeshBlocks, cost = 8
  Rank = 121: 8 MeshBlocks, cost = 8
  Rank = 122: 8 MeshBlocks, cost = 8
  Rank = 123: 8 MeshBlocks, cost = 8
  Rank = 124: 8 MeshBlocks, cost = 8
  Rank = 125: 8 MeshBlocks, cost = 8
  Rank = 126: 8 MeshBlocks, cost = 8
  Rank = 127: 8 MeshBlocks, cost = 8
  Rank = 128: 8 MeshBlocks, cost = 8
  Rank = 129: 8 MeshBlocks, cost = 8
  Rank = 130: 8 MeshBlocks, cost = 8
  Rank = 131: 8 MeshBlocks, cost = 8
  Rank = 132: 8 MeshBlocks, cost = 8
  Rank = 133: 8 MeshBlocks, cost = 8
  Rank = 134: 8 MeshBlocks, cost = 8
  Rank = 135: 8 MeshBlocks, cost = 8
  Rank = 136: 8 MeshBlocks, cost = 8
  Rank = 137: 8 MeshBlocks, cost = 8
  Rank = 138: 8 MeshBlocks, cost = 8
  Rank = 139: 8 MeshBlocks, cost = 8
  Rank = 140: 8 MeshBlocks, cost = 8
  Rank = 141: 8 MeshBlocks, cost = 8
  Rank = 142: 8 MeshBlocks, cost = 8
  Rank = 143: 8 MeshBlocks, cost = 8
  Rank = 144: 8 MeshBlocks, cost = 8
  Rank = 145: 8 MeshBlocks, cost = 8
  Rank = 146: 8 MeshBlocks, cost = 8
  Rank = 147: 8 MeshBlocks, cost = 8
  Rank = 148: 8 MeshBlocks, cost = 8
  Rank = 149: 8 MeshBlocks, cost = 8
  Rank = 150: 8 MeshBlocks, cost = 8
  Rank = 151: 8 MeshBlocks, cost = 8
  Rank = 152: 8 MeshBlocks, cost = 8
  Rank = 153: 8 MeshBlocks, cost = 8
  Rank = 154: 8 MeshBlocks, cost = 8
  Rank = 155: 8 MeshBlocks, cost = 8
  Rank = 156: 8 MeshBlocks, cost = 8
  Rank = 157: 8 MeshBlocks, cost = 8
  Rank = 158: 8 MeshBlocks, cost = 8
  Rank = 159: 8 MeshBlocks, cost = 8
  Rank = 160: 8 MeshBlocks, cost = 8
  Rank = 161: 8 MeshBlocks, cost = 8
  Rank = 162: 8 MeshBlocks, cost = 8
  Rank = 163: 8 MeshBlocks, cost = 8
  Rank = 164: 8 MeshBlocks, cost = 8
  Rank = 165: 8 MeshBlocks, cost = 8
  Rank = 166: 8 MeshBlocks, cost = 8
  Rank = 167: 8 MeshBlocks, cost = 8
  Rank = 168: 8 MeshBlocks, cost = 8
  Rank = 169: 8 MeshBlocks, cost = 8
  Rank = 170: 8 MeshBlocks, cost = 8
  Rank = 171: 8 MeshBlocks, cost = 8
  Rank = 172: 8 MeshBlocks, cost = 8
  Rank = 173: 8 MeshBlocks, cost = 8
  Rank = 174: 8 MeshBlocks, cost = 8
  Rank = 175: 8 MeshBlocks, cost = 8
  Rank = 176: 8 MeshBlocks, cost = 8
  Rank = 177: 8 MeshBlocks, cost = 8
  Rank = 178: 8 MeshBlocks, cost = 8
  Rank = 179: 8 MeshBlocks, cost = 8
  Rank = 180: 8 MeshBlocks, cost = 8
  Rank = 181: 8 MeshBlocks, cost = 8
  Rank = 182: 8 MeshBlocks, cost = 8
  Rank = 183: 8 MeshBlocks, cost = 8
  Rank = 184: 8 MeshBlocks, cost = 8
  Rank = 185: 8 MeshBlocks, cost = 8
  Rank = 186: 8 MeshBlocks, cost = 8
  Rank = 187: 8 MeshBlocks, cost = 8
  Rank = 188: 8 MeshBlocks, cost = 8
  Rank = 189: 8 MeshBlocks, cost = 8
  Rank = 190: 8 MeshBlocks, cost = 8
  Rank = 191: 8 MeshBlocks, cost = 8
  Rank = 192: 8 MeshBlocks, cost = 8
  Rank = 193: 8 MeshBlocks, cost = 8
  Rank = 194: 8 MeshBlocks, cost = 8
  Rank = 195: 8 MeshBlocks, cost = 8
  Rank = 196: 8 MeshBlocks, cost = 8
  Rank = 197: 8 MeshBlocks, cost = 8
  Rank = 198: 8 MeshBlocks, cost = 8
  Rank = 199: 8 MeshBlocks, cost = 8
  Rank = 200: 8 MeshBlocks, cost = 8
  Rank = 201: 8 MeshBlocks, cost = 8
  Rank = 202: 8 MeshBlocks, cost = 8
  Rank = 203: 8 MeshBlocks, cost = 8
  Rank = 204: 8 MeshBlocks, cost = 8
  Rank = 205: 8 MeshBlocks, cost = 8
  Rank = 206: 8 MeshBlocks, cost = 8
  Rank = 207: 8 MeshBlocks, cost = 8
  Rank = 208: 8 MeshBlocks, cost = 8
  Rank = 209: 8 MeshBlocks, cost = 8
  Rank = 210: 8 MeshBlocks, cost = 8
  Rank = 211: 8 MeshBlocks, cost = 8
  Rank = 212: 8 MeshBlocks, cost = 8
  Rank = 213: 8 MeshBlocks, cost = 8
  Rank = 214: 8 MeshBlocks, cost = 8
  Rank = 215: 8 MeshBlocks, cost = 8
  Rank = 216: 8 MeshBlocks, cost = 8
  Rank = 217: 8 MeshBlocks, cost = 8
  Rank = 218: 8 MeshBlocks, cost = 8
  Rank = 219: 8 MeshBlocks, cost = 8
  Rank = 220: 8 MeshBlocks, cost = 8
  Rank = 221: 8 MeshBlocks, cost = 8
  Rank = 222: 8 MeshBlocks, cost = 8
  Rank = 223: 8 MeshBlocks, cost = 8
  Rank = 224: 8 MeshBlocks, cost = 8
  Rank = 225: 8 MeshBlocks, cost = 8
  Rank = 226: 8 MeshBlocks, cost = 8
  Rank = 227: 8 MeshBlocks, cost = 8
  Rank = 228: 8 MeshBlocks, cost = 8
  Rank = 229: 8 MeshBlocks, cost = 8
  Rank = 230: 8 MeshBlocks, cost = 8
  Rank = 231: 8 MeshBlocks, cost = 8
  Rank = 232: 8 MeshBlocks, cost = 8
  Rank = 233: 8 MeshBlocks, cost = 8
  Rank = 234: 8 MeshBlocks, cost = 8
  Rank = 235: 8 MeshBlocks, cost = 8
  Rank = 236: 8 MeshBlocks, cost = 8
  Rank = 237: 8 MeshBlocks, cost = 8
  Rank = 238: 8 MeshBlocks, cost = 8
  Rank = 239: 8 MeshBlocks, cost = 8
  Rank = 240: 8 MeshBlocks, cost = 8
  Rank = 241: 8 MeshBlocks, cost = 8
  Rank = 242: 8 MeshBlocks, cost = 8
  Rank = 243: 8 MeshBlocks, cost = 8
  Rank = 244: 8 MeshBlocks, cost = 8
  Rank = 245: 8 MeshBlocks, cost = 8
  Rank = 246: 8 MeshBlocks, cost = 8
  Rank = 247: 8 MeshBlocks, cost = 8
  Rank = 248: 8 MeshBlocks, cost = 8
  Rank = 249: 8 MeshBlocks, cost = 8
  Rank = 250: 8 MeshBlocks, cost = 8
  Rank = 251: 8 MeshBlocks, cost = 8
  Rank = 252: 8 MeshBlocks, cost = 8
  Rank = 253: 8 MeshBlocks, cost = 8
  Rank = 254: 8 MeshBlocks, cost = 8
  Rank = 255: 8 MeshBlocks, cost = 8
  Rank = 256: 8 MeshBlocks, cost = 8
  Rank = 257: 8 MeshBlocks, cost = 8
  Rank = 258: 8 MeshBlocks, cost = 8
  Rank = 259: 8 MeshBlocks, cost = 8
  Rank = 260: 8 MeshBlocks, cost = 8
  Rank = 261: 8 MeshBlocks, cost = 8
  Rank = 262: 8 MeshBlocks, cost = 8
  Rank = 263: 8 MeshBlocks, cost = 8
  Rank = 264: 8 MeshBlocks, cost = 8
  Rank = 265: 8 MeshBlocks, cost = 8
  Rank = 266: 8 MeshBlocks, cost = 8
  Rank = 267: 8 MeshBlocks, cost = 8
  Rank = 268: 8 MeshBlocks, cost = 8
  Rank = 269: 8 MeshBlocks, cost = 8
  Rank = 270: 8 MeshBlocks, cost = 8
  Rank = 271: 8 MeshBlocks, cost = 8
  Rank = 272: 8 MeshBlocks, cost = 8
  Rank = 273: 8 MeshBlocks, cost = 8
  Rank = 274: 8 MeshBlocks, cost = 8
  Rank = 275: 8 MeshBlocks, cost = 8
  Rank = 276: 8 MeshBlocks, cost = 8
  Rank = 277: 8 MeshBlocks, cost = 8
  Rank = 278: 8 MeshBlocks, cost = 8
  Rank = 279: 8 MeshBlocks, cost = 8
  Rank = 280: 8 MeshBlocks, cost = 8
  Rank = 281: 8 MeshBlocks, cost = 8
  Rank = 282: 8 MeshBlocks, cost = 8
  Rank = 283: 8 MeshBlocks, cost = 8
  Rank = 284: 8 MeshBlocks, cost = 8
  Rank = 285: 8 MeshBlocks, cost = 8
  Rank = 286: 8 MeshBlocks, cost = 8
  Rank = 287: 8 MeshBlocks, cost = 8
  Rank = 288: 8 MeshBlocks, cost = 8
  Rank = 289: 8 MeshBlocks, cost = 8
  Rank = 290: 8 MeshBlocks, cost = 8
  Rank = 291: 8 MeshBlocks, cost = 8
  Rank = 292: 8 MeshBlocks, cost = 8
  Rank = 293: 8 MeshBlocks, cost = 8
  Rank = 294: 8 MeshBlocks, cost = 8
  Rank = 295: 8 MeshBlocks, cost = 8
  Rank = 296: 8 MeshBlocks, cost = 8
  Rank = 297: 8 MeshBlocks, cost = 8
  Rank = 298: 8 MeshBlocks, cost = 8
  Rank = 299: 8 MeshBlocks, cost = 8
  Rank = 300: 8 MeshBlocks, cost = 8
  Rank = 301: 8 MeshBlocks, cost = 8
  Rank = 302: 8 MeshBlocks, cost = 8
  Rank = 303: 8 MeshBlocks, cost = 8
  Rank = 304: 8 MeshBlocks, cost = 8
  Rank = 305: 8 MeshBlocks, cost = 8
  Rank = 306: 8 MeshBlocks, cost = 8
  Rank = 307: 8 MeshBlocks, cost = 8
  Rank = 308: 8 MeshBlocks, cost = 8
  Rank = 309: 8 MeshBlocks, cost = 8
  Rank = 310: 8 MeshBlocks, cost = 8
  Rank = 311: 8 MeshBlocks, cost = 8
  Rank = 312: 8 MeshBlocks, cost = 8
  Rank = 313: 8 MeshBlocks, cost = 8
  Rank = 314: 8 MeshBlocks, cost = 8
  Rank = 315: 8 MeshBlocks, cost = 8
  Rank = 316: 8 MeshBlocks, cost = 8
  Rank = 317: 8 MeshBlocks, cost = 8
  Rank = 318: 8 MeshBlocks, cost = 8
  Rank = 319: 8 MeshBlocks, cost = 8
  Rank = 320: 8 MeshBlocks, cost = 8
  Rank = 321: 8 MeshBlocks, cost = 8
  Rank = 322: 8 MeshBlocks, cost = 8
  Rank = 323: 8 MeshBlocks, cost = 8
  Rank = 324: 8 MeshBlocks, cost = 8
  Rank = 325: 8 MeshBlocks, cost = 8
  Rank = 326: 8 MeshBlocks, cost = 8
  Rank = 327: 8 MeshBlocks, cost = 8
  Rank = 328: 8 MeshBlocks, cost = 8
  Rank = 329: 8 MeshBlocks, cost = 8
  Rank = 330: 8 MeshBlocks, cost = 8
  Rank = 331: 8 MeshBlocks, cost = 8
  Rank = 332: 8 MeshBlocks, cost = 8
  Rank = 333: 8 MeshBlocks, cost = 8
  Rank = 334: 8 MeshBlocks, cost = 8
  Rank = 335: 8 MeshBlocks, cost = 8
  Rank = 336: 8 MeshBlocks, cost = 8
  Rank = 337: 8 MeshBlocks, cost = 8
  Rank = 338: 8 MeshBlocks, cost = 8
  Rank = 339: 8 MeshBlocks, cost = 8
  Rank = 340: 8 MeshBlocks, cost = 8
  Rank = 341: 8 MeshBlocks, cost = 8
  Rank = 342: 8 MeshBlocks, cost = 8
  Rank = 343: 8 MeshBlocks, cost = 8
  Rank = 344: 8 MeshBlocks, cost = 8
  Rank = 345: 8 MeshBlocks, cost = 8
  Rank = 346: 8 MeshBlocks, cost = 8
  Rank = 347: 8 MeshBlocks, cost = 8
  Rank = 348: 8 MeshBlocks, cost = 8
  Rank = 349: 8 MeshBlocks, cost = 8
  Rank = 350: 8 MeshBlocks, cost = 8
  Rank = 351: 8 MeshBlocks, cost = 8
  Rank = 352: 8 MeshBlocks, cost = 8
  Rank = 353: 8 MeshBlocks, cost = 8
  Rank = 354: 8 MeshBlocks, cost = 8
  Rank = 355: 8 MeshBlocks, cost = 8
  Rank = 356: 8 MeshBlocks, cost = 8
  Rank = 357: 8 MeshBlocks, cost = 8
  Rank = 358: 8 MeshBlocks, cost = 8
  Rank = 359: 8 MeshBlocks, cost = 8
  Rank = 360: 8 MeshBlocks, cost = 8
  Rank = 361: 8 MeshBlocks, cost = 8
  Rank = 362: 8 MeshBlocks, cost = 8
  Rank = 363: 8 MeshBlocks, cost = 8
  Rank = 364: 8 MeshBlocks, cost = 8
  Rank = 365: 8 MeshBlocks, cost = 8
  Rank = 366: 8 MeshBlocks, cost = 8
  Rank = 367: 8 MeshBlocks, cost = 8
  Rank = 368: 8 MeshBlocks, cost = 8
  Rank = 369: 8 MeshBlocks, cost = 8
  Rank = 370: 8 MeshBlocks, cost = 8
  Rank = 371: 8 MeshBlocks, cost = 8
  Rank = 372: 8 MeshBlocks, cost = 8
  Rank = 373: 8 MeshBlocks, cost = 8
  Rank = 374: 8 MeshBlocks, cost = 8
  Rank = 375: 8 MeshBlocks, cost = 8
  Rank = 376: 8 MeshBlocks, cost = 8
  Rank = 377: 8 MeshBlocks, cost = 8
  Rank = 378: 8 MeshBlocks, cost = 8
  Rank = 379: 8 MeshBlocks, cost = 8
  Rank = 380: 8 MeshBlocks, cost = 8
  Rank = 381: 8 MeshBlocks, cost = 8
  Rank = 382: 8 MeshBlocks, cost = 8
  Rank = 383: 8 MeshBlocks, cost = 8
  Rank = 384: 8 MeshBlocks, cost = 8
  Rank = 385: 8 MeshBlocks, cost = 8
  Rank = 386: 8 MeshBlocks, cost = 8
  Rank = 387: 8 MeshBlocks, cost = 8
  Rank = 388: 8 MeshBlocks, cost = 8
  Rank = 389: 8 MeshBlocks, cost = 8
  Rank = 390: 8 MeshBlocks, cost = 8
  Rank = 391: 8 MeshBlocks, cost = 8
  Rank = 392: 8 MeshBlocks, cost = 8
  Rank = 393: 8 MeshBlocks, cost = 8
  Rank = 394: 8 MeshBlocks, cost = 8
  Rank = 395: 8 MeshBlocks, cost = 8
  Rank = 396: 8 MeshBlocks, cost = 8
  Rank = 397: 8 MeshBlocks, cost = 8
  Rank = 398: 8 MeshBlocks, cost = 8
  Rank = 399: 8 MeshBlocks, cost = 8
  Rank = 400: 8 MeshBlocks, cost = 8
  Rank = 401: 8 MeshBlocks, cost = 8
  Rank = 402: 8 MeshBlocks, cost = 8
  Rank = 403: 8 MeshBlocks, cost = 8
  Rank = 404: 8 MeshBlocks, cost = 8
  Rank = 405: 8 MeshBlocks, cost = 8
  Rank = 406: 8 MeshBlocks, cost = 8
  Rank = 407: 8 MeshBlocks, cost = 8
  Rank = 408: 8 MeshBlocks, cost = 8
  Rank = 409: 8 MeshBlocks, cost = 8
  Rank = 410: 8 MeshBlocks, cost = 8
  Rank = 411: 8 MeshBlocks, cost = 8
  Rank = 412: 8 MeshBlocks, cost = 8
  Rank = 413: 8 MeshBlocks, cost = 8
  Rank = 414: 8 MeshBlocks, cost = 8
  Rank = 415: 8 MeshBlocks, cost = 8
  Rank = 416: 8 MeshBlocks, cost = 8
  Rank = 417: 8 MeshBlocks, cost = 8
  Rank = 418: 8 MeshBlocks, cost = 8
  Rank = 419: 8 MeshBlocks, cost = 8
  Rank = 420: 8 MeshBlocks, cost = 8
  Rank = 421: 8 MeshBlocks, cost = 8
  Rank = 422: 8 MeshBlocks, cost = 8
  Rank = 423: 8 MeshBlocks, cost = 8
  Rank = 424: 8 MeshBlocks, cost = 8
  Rank = 425: 8 MeshBlocks, cost = 8
  Rank = 426: 8 MeshBlocks, cost = 8
  Rank = 427: 8 MeshBlocks, cost = 8
  Rank = 428: 8 MeshBlocks, cost = 8
  Rank = 429: 8 MeshBlocks, cost = 8
  Rank = 430: 8 MeshBlocks, cost = 8
  Rank = 431: 8 MeshBlocks, cost = 8
  Rank = 432: 8 MeshBlocks, cost = 8
  Rank = 433: 8 MeshBlocks, cost = 8
  Rank = 434: 8 MeshBlocks, cost = 8
  Rank = 435: 8 MeshBlocks, cost = 8
  Rank = 436: 8 MeshBlocks, cost = 8
  Rank = 437: 8 MeshBlocks, cost = 8
  Rank = 438: 8 MeshBlocks, cost = 8
  Rank = 439: 8 MeshBlocks, cost = 8
  Rank = 440: 8 MeshBlocks, cost = 8
  Rank = 441: 8 MeshBlocks, cost = 8
  Rank = 442: 8 MeshBlocks, cost = 8
  Rank = 443: 8 MeshBlocks, cost = 8
  Rank = 444: 8 MeshBlocks, cost = 8
  Rank = 445: 8 MeshBlocks, cost = 8
  Rank = 446: 8 MeshBlocks, cost = 8
  Rank = 447: 8 MeshBlocks, cost = 8
  Rank = 448: 8 MeshBlocks, cost = 8
  Rank = 449: 8 MeshBlocks, cost = 8
  Rank = 450: 8 MeshBlocks, cost = 8
  Rank = 451: 8 MeshBlocks, cost = 8
  Rank = 452: 8 MeshBlocks, cost = 8
  Rank = 453: 8 MeshBlocks, cost = 8
  Rank = 454: 8 MeshBlocks, cost = 8
  Rank = 455: 8 MeshBlocks, cost = 8
  Rank = 456: 8 MeshBlocks, cost = 8
  Rank = 457: 8 MeshBlocks, cost = 8
  Rank = 458: 8 MeshBlocks, cost = 8
  Rank = 459: 8 MeshBlocks, cost = 8
  Rank = 460: 8 MeshBlocks, cost = 8
  Rank = 461: 8 MeshBlocks, cost = 8
  Rank = 462: 8 MeshBlocks, cost = 8
  Rank = 463: 8 MeshBlocks, cost = 8
  Rank = 464: 8 MeshBlocks, cost = 8
  Rank = 465: 8 MeshBlocks, cost = 8
  Rank = 466: 8 MeshBlocks, cost = 8
  Rank = 467: 8 MeshBlocks, cost = 8
  Rank = 468: 8 MeshBlocks, cost = 8
  Rank = 469: 8 MeshBlocks, cost = 8
  Rank = 470: 8 MeshBlocks, cost = 8
  Rank = 471: 8 MeshBlocks, cost = 8
  Rank = 472: 8 MeshBlocks, cost = 8
  Rank = 473: 8 MeshBlocks, cost = 8
  Rank = 474: 8 MeshBlocks, cost = 8
  Rank = 475: 8 MeshBlocks, cost = 8
  Rank = 476: 8 MeshBlocks, cost = 8
  Rank = 477: 8 MeshBlocks, cost = 8
  Rank = 478: 8 MeshBlocks, cost = 8
  Rank = 479: 8 MeshBlocks, cost = 8
  Rank = 480: 8 MeshBlocks, cost = 8
  Rank = 481: 8 MeshBlocks, cost = 8
  Rank = 482: 8 MeshBlocks, cost = 8
  Rank = 483: 8 MeshBlocks, cost = 8
  Rank = 484: 8 MeshBlocks, cost = 8
  Rank = 485: 8 MeshBlocks, cost = 8
  Rank = 486: 8 MeshBlocks, cost = 8
  Rank = 487: 8 MeshBlocks, cost = 8
  Rank = 488: 8 MeshBlocks, cost = 8
  Rank = 489: 8 MeshBlocks, cost = 8
  Rank = 490: 8 MeshBlocks, cost = 8
  Rank = 491: 8 MeshBlocks, cost = 8
  Rank = 492: 8 MeshBlocks, cost = 8
  Rank = 493: 8 MeshBlocks, cost = 8
  Rank = 494: 8 MeshBlocks, cost = 8
  Rank = 495: 8 MeshBlocks, cost = 8
  Rank = 496: 8 MeshBlocks, cost = 8
  Rank = 497: 8 MeshBlocks, cost = 8
  Rank = 498: 8 MeshBlocks, cost = 8
  Rank = 499: 8 MeshBlocks, cost = 8
  Rank = 500: 8 MeshBlocks, cost = 8
  Rank = 501: 8 MeshBlocks, cost = 8
  Rank = 502: 8 MeshBlocks, cost = 8
  Rank = 503: 8 MeshBlocks, cost = 8
  Rank = 504: 8 MeshBlocks, cost = 8
  Rank = 505: 8 MeshBlocks, cost = 8
  Rank = 506: 8 MeshBlocks, cost = 8
  Rank = 507: 8 MeshBlocks, cost = 8
  Rank = 508: 8 MeshBlocks, cost = 8
  Rank = 509: 8 MeshBlocks, cost = 8
  Rank = 510: 8 MeshBlocks, cost = 8
  Rank = 511: 8 MeshBlocks, cost = 8
Load Balancing:
  Maximum normalized cost = 1, Average = 1

Setup complete, executing task list(s)...

elapsed=1.064861e+00 cycle=0 time=0.000000e+00 dt=4.394531e-04
elapsed=8.061872e+02 cycle=1000 time=4.394531e-01 dt=4.394531e-04

Terminating on cycle limit
time=4.394531e-01 cycle=1000
tlim=1.000000e+99 nlim=1000

MeshBlock-cycles = 4096000
cpu time used  = 8.051224e+02
zone-cycles/cpu_second = 1.667048e+08
particle-updates/cpu_second = 1.667048e+08
TACC:  Shutdown complete. Exiting. 
