TACC:  Starting up job 35628 
TACC:  Setting up parallel environment for OpenMPI mpirun. 
TACC:  Starting parallel tasks... 

Root grid = 8 x 32 x 32 MeshBlocks
Total number of MeshBlocks = 8192
Number of logical  levels of refinement = 5 (6 levels total)
Number of physical levels of refinement = 0 (1 levels total)
Number of parallel ranks = 1024
  Rank = 0: 8 MeshBlocks, cost = 8
  Rank = 1: 8 MeshBlocks, cost = 8
  Rank = 2: 8 MeshBlocks, cost = 8
  Rank = 3: 8 MeshBlocks, cost = 8
  Rank = 4: 8 MeshBlocks, cost = 8
  Rank = 5: 8 MeshBlocks, cost = 8
  Rank = 6: 8 MeshBlocks, cost = 8
  Rank = 7: 8 MeshBlocks, cost = 8
  Rank = 8: 8 MeshBlocks, cost = 8
  Rank = 9: 8 MeshBlocks, cost = 8
  Rank = 10: 8 MeshBlocks, cost = 8
  Rank = 11: 8 MeshBlocks, cost = 8
  Rank = 12: 8 MeshBlocks, cost = 8
  Rank = 13: 8 MeshBlocks, cost = 8
  Rank = 14: 8 MeshBlocks, cost = 8
  Rank = 15: 8 MeshBlocks, cost = 8
  Rank = 16: 8 MeshBlocks, cost = 8
  Rank = 17: 8 MeshBlocks, cost = 8
  Rank = 18: 8 MeshBlocks, cost = 8
  Rank = 19: 8 MeshBlocks, cost = 8
  Rank = 20: 8 MeshBlocks, cost = 8
  Rank = 21: 8 MeshBlocks, cost = 8
  Rank = 22: 8 MeshBlocks, cost = 8
  Rank = 23: 8 MeshBlocks, cost = 8
  Rank = 24: 8 MeshBlocks, cost = 8
  Rank = 25: 8 MeshBlocks, cost = 8
  Rank = 26: 8 MeshBlocks, cost = 8
  Rank = 27: 8 MeshBlocks, cost = 8
  Rank = 28: 8 MeshBlocks, cost = 8
  Rank = 29: 8 MeshBlocks, cost = 8
  Rank = 30: 8 MeshBlocks, cost = 8
  Rank = 31: 8 MeshBlocks, cost = 8
  Rank = 32: 8 MeshBlocks, cost = 8
  Rank = 33: 8 MeshBlocks, cost = 8
  Rank = 34: 8 MeshBlocks, cost = 8
  Rank = 35: 8 MeshBlocks, cost = 8
  Rank = 36: 8 MeshBlocks, cost = 8
  Rank = 37: 8 MeshBlocks, cost = 8
  Rank = 38: 8 MeshBlocks, cost = 8
  Rank = 39: 8 MeshBlocks, cost = 8
  Rank = 40: 8 MeshBlocks, cost = 8
  Rank = 41: 8 MeshBlocks, cost = 8
  Rank = 42: 8 MeshBlocks, cost = 8
  Rank = 43: 8 MeshBlocks, cost = 8
  Rank = 44: 8 MeshBlocks, cost = 8
  Rank = 45: 8 MeshBlocks, cost = 8
  Rank = 46: 8 MeshBlocks, cost = 8
  Rank = 47: 8 MeshBlocks, cost = 8
  Rank = 48: 8 MeshBlocks, cost = 8
  Rank = 49: 8 MeshBlocks, cost = 8
  Rank = 50: 8 MeshBlocks, cost = 8
  Rank = 51: 8 MeshBlocks, cost = 8
  Rank = 52: 8 MeshBlocks, cost = 8
  Rank = 53: 8 MeshBlocks, cost = 8
  Rank = 54: 8 MeshBlocks, cost = 8
  Rank = 55: 8 MeshBlocks, cost = 8
  Rank = 56: 8 MeshBlocks, cost = 8
  Rank = 57: 8 MeshBlocks, cost = 8
  Rank = 58: 8 MeshBlocks, cost = 8
  Rank = 59: 8 MeshBlocks, cost = 8
  Rank = 60: 8 MeshBlocks, cost = 8
  Rank = 61: 8 MeshBlocks, cost = 8
  Rank = 62: 8 MeshBlocks, cost = 8
  Rank = 63: 8 MeshBlocks, cost = 8
  Rank = 64: 8 MeshBlocks, cost = 8
  Rank = 65: 8 MeshBlocks, cost = 8
  Rank = 66: 8 MeshBlocks, cost = 8
  Rank = 67: 8 MeshBlocks, cost = 8
  Rank = 68: 8 MeshBlocks, cost = 8
  Rank = 69: 8 MeshBlocks, cost = 8
  Rank = 70: 8 MeshBlocks, cost = 8
  Rank = 71: 8 MeshBlocks, cost = 8
  Rank = 72: 8 MeshBlocks, cost = 8
  Rank = 73: 8 MeshBlocks, cost = 8
  Rank = 74: 8 MeshBlocks, cost = 8
  Rank = 75: 8 MeshBlocks, cost = 8
  Rank = 76: 8 MeshBlocks, cost = 8
  Rank = 77: 8 MeshBlocks, cost = 8
  Rank = 78: 8 MeshBlocks, cost = 8
  Rank = 79: 8 MeshBlocks, cost = 8
  Rank = 80: 8 MeshBlocks, cost = 8
  Rank = 81: 8 MeshBlocks, cost = 8
  Rank = 82: 8 MeshBlocks, cost = 8
  Rank = 83: 8 MeshBlocks, cost = 8
  Rank = 84: 8 MeshBlocks, cost = 8
  Rank = 85: 8 MeshBlocks, cost = 8
  Rank = 86: 8 MeshBlocks, cost = 8
  Rank = 87: 8 MeshBlocks, cost = 8
  Rank = 88: 8 MeshBlocks, cost = 8
  Rank = 89: 8 MeshBlocks, cost = 8
  Rank = 90: 8 MeshBlocks, cost = 8
  Rank = 91: 8 MeshBlocks, cost = 8
  Rank = 92: 8 MeshBlocks, cost = 8
  Rank = 93: 8 MeshBlocks, cost = 8
  Rank = 94: 8 MeshBlocks, cost = 8
  Rank = 95: 8 MeshBlocks, cost = 8
  Rank = 96: 8 MeshBlocks, cost = 8
  Rank = 97: 8 MeshBlocks, cost = 8
  Rank = 98: 8 MeshBlocks, cost = 8
  Rank = 99: 8 MeshBlocks, cost = 8
  Rank = 100: 8 MeshBlocks, cost = 8
  Rank = 101: 8 MeshBlocks, cost = 8
  Rank = 102: 8 MeshBlocks, cost = 8
  Rank = 103: 8 MeshBlocks, cost = 8
  Rank = 104: 8 MeshBlocks, cost = 8
  Rank = 105: 8 MeshBlocks, cost = 8
  Rank = 106: 8 MeshBlocks, cost = 8
  Rank = 107: 8 MeshBlocks, cost = 8
  Rank = 108: 8 MeshBlocks, cost = 8
  Rank = 109: 8 MeshBlocks, cost = 8
  Rank = 110: 8 MeshBlocks, cost = 8
  Rank = 111: 8 MeshBlocks, cost = 8
  Rank = 112: 8 MeshBlocks, cost = 8
  Rank = 113: 8 MeshBlocks, cost = 8
  Rank = 114: 8 MeshBlocks, cost = 8
  Rank = 115: 8 MeshBlocks, cost = 8
  Rank = 116: 8 MeshBlocks, cost = 8
  Rank = 117: 8 MeshBlocks, cost = 8
  Rank = 118: 8 MeshBlocks, cost = 8
  Rank = 119: 8 MeshBlocks, cost = 8
  Rank = 120: 8 MeshBlocks, cost = 8
  Rank = 121: 8 MeshBlocks, cost = 8
  Rank = 122: 8 MeshBlocks, cost = 8
  Rank = 123: 8 MeshBlocks, cost = 8
  Rank = 124: 8 MeshBlocks, cost = 8
  Rank = 125: 8 MeshBlocks, cost = 8
  Rank = 126: 8 MeshBlocks, cost = 8
  Rank = 127: 8 MeshBlocks, cost = 8
  Rank = 128: 8 MeshBlocks, cost = 8
  Rank = 129: 8 MeshBlocks, cost = 8
  Rank = 130: 8 MeshBlocks, cost = 8
  Rank = 131: 8 MeshBlocks, cost = 8
  Rank = 132: 8 MeshBlocks, cost = 8
  Rank = 133: 8 MeshBlocks, cost = 8
  Rank = 134: 8 MeshBlocks, cost = 8
  Rank = 135: 8 MeshBlocks, cost = 8
  Rank = 136: 8 MeshBlocks, cost = 8
  Rank = 137: 8 MeshBlocks, cost = 8
  Rank = 138: 8 MeshBlocks, cost = 8
  Rank = 139: 8 MeshBlocks, cost = 8
  Rank = 140: 8 MeshBlocks, cost = 8
  Rank = 141: 8 MeshBlocks, cost = 8
  Rank = 142: 8 MeshBlocks, cost = 8
  Rank = 143: 8 MeshBlocks, cost = 8
  Rank = 144: 8 MeshBlocks, cost = 8
  Rank = 145: 8 MeshBlocks, cost = 8
  Rank = 146: 8 MeshBlocks, cost = 8
  Rank = 147: 8 MeshBlocks, cost = 8
  Rank = 148: 8 MeshBlocks, cost = 8
  Rank = 149: 8 MeshBlocks, cost = 8
  Rank = 150: 8 MeshBlocks, cost = 8
  Rank = 151: 8 MeshBlocks, cost = 8
  Rank = 152: 8 MeshBlocks, cost = 8
  Rank = 153: 8 MeshBlocks, cost = 8
  Rank = 154: 8 MeshBlocks, cost = 8
  Rank = 155: 8 MeshBlocks, cost = 8
  Rank = 156: 8 MeshBlocks, cost = 8
  Rank = 157: 8 MeshBlocks, cost = 8
  Rank = 158: 8 MeshBlocks, cost = 8
  Rank = 159: 8 MeshBlocks, cost = 8
  Rank = 160: 8 MeshBlocks, cost = 8
  Rank = 161: 8 MeshBlocks, cost = 8
  Rank = 162: 8 MeshBlocks, cost = 8
  Rank = 163: 8 MeshBlocks, cost = 8
  Rank = 164: 8 MeshBlocks, cost = 8
  Rank = 165: 8 MeshBlocks, cost = 8
  Rank = 166: 8 MeshBlocks, cost = 8
  Rank = 167: 8 MeshBlocks, cost = 8
  Rank = 168: 8 MeshBlocks, cost = 8
  Rank = 169: 8 MeshBlocks, cost = 8
  Rank = 170: 8 MeshBlocks, cost = 8
  Rank = 171: 8 MeshBlocks, cost = 8
  Rank = 172: 8 MeshBlocks, cost = 8
  Rank = 173: 8 MeshBlocks, cost = 8
  Rank = 174: 8 MeshBlocks, cost = 8
  Rank = 175: 8 MeshBlocks, cost = 8
  Rank = 176: 8 MeshBlocks, cost = 8
  Rank = 177: 8 MeshBlocks, cost = 8
  Rank = 178: 8 MeshBlocks, cost = 8
  Rank = 179: 8 MeshBlocks, cost = 8
  Rank = 180: 8 MeshBlocks, cost = 8
  Rank = 181: 8 MeshBlocks, cost = 8
  Rank = 182: 8 MeshBlocks, cost = 8
  Rank = 183: 8 MeshBlocks, cost = 8
  Rank = 184: 8 MeshBlocks, cost = 8
  Rank = 185: 8 MeshBlocks, cost = 8
  Rank = 186: 8 MeshBlocks, cost = 8
  Rank = 187: 8 MeshBlocks, cost = 8
  Rank = 188: 8 MeshBlocks, cost = 8
  Rank = 189: 8 MeshBlocks, cost = 8
  Rank = 190: 8 MeshBlocks, cost = 8
  Rank = 191: 8 MeshBlocks, cost = 8
  Rank = 192: 8 MeshBlocks, cost = 8
  Rank = 193: 8 MeshBlocks, cost = 8
  Rank = 194: 8 MeshBlocks, cost = 8
  Rank = 195: 8 MeshBlocks, cost = 8
  Rank = 196: 8 MeshBlocks, cost = 8
  Rank = 197: 8 MeshBlocks, cost = 8
  Rank = 198: 8 MeshBlocks, cost = 8
  Rank = 199: 8 MeshBlocks, cost = 8
  Rank = 200: 8 MeshBlocks, cost = 8
  Rank = 201: 8 MeshBlocks, cost = 8
  Rank = 202: 8 MeshBlocks, cost = 8
  Rank = 203: 8 MeshBlocks, cost = 8
  Rank = 204: 8 MeshBlocks, cost = 8
  Rank = 205: 8 MeshBlocks, cost = 8
  Rank = 206: 8 MeshBlocks, cost = 8
  Rank = 207: 8 MeshBlocks, cost = 8
  Rank = 208: 8 MeshBlocks, cost = 8
  Rank = 209: 8 MeshBlocks, cost = 8
  Rank = 210: 8 MeshBlocks, cost = 8
  Rank = 211: 8 MeshBlocks, cost = 8
  Rank = 212: 8 MeshBlocks, cost = 8
  Rank = 213: 8 MeshBlocks, cost = 8
  Rank = 214: 8 MeshBlocks, cost = 8
  Rank = 215: 8 MeshBlocks, cost = 8
  Rank = 216: 8 MeshBlocks, cost = 8
  Rank = 217: 8 MeshBlocks, cost = 8
  Rank = 218: 8 MeshBlocks, cost = 8
  Rank = 219: 8 MeshBlocks, cost = 8
  Rank = 220: 8 MeshBlocks, cost = 8
  Rank = 221: 8 MeshBlocks, cost = 8
  Rank = 222: 8 MeshBlocks, cost = 8
  Rank = 223: 8 MeshBlocks, cost = 8
  Rank = 224: 8 MeshBlocks, cost = 8
  Rank = 225: 8 MeshBlocks, cost = 8
  Rank = 226: 8 MeshBlocks, cost = 8
  Rank = 227: 8 MeshBlocks, cost = 8
  Rank = 228: 8 MeshBlocks, cost = 8
  Rank = 229: 8 MeshBlocks, cost = 8
  Rank = 230: 8 MeshBlocks, cost = 8
  Rank = 231: 8 MeshBlocks, cost = 8
  Rank = 232: 8 MeshBlocks, cost = 8
  Rank = 233: 8 MeshBlocks, cost = 8
  Rank = 234: 8 MeshBlocks, cost = 8
  Rank = 235: 8 MeshBlocks, cost = 8
  Rank = 236: 8 MeshBlocks, cost = 8
  Rank = 237: 8 MeshBlocks, cost = 8
  Rank = 238: 8 MeshBlocks, cost = 8
  Rank = 239: 8 MeshBlocks, cost = 8
  Rank = 240: 8 MeshBlocks, cost = 8
  Rank = 241: 8 MeshBlocks, cost = 8
  Rank = 242: 8 MeshBlocks, cost = 8
  Rank = 243: 8 MeshBlocks, cost = 8
  Rank = 244: 8 MeshBlocks, cost = 8
  Rank = 245: 8 MeshBlocks, cost = 8
  Rank = 246: 8 MeshBlocks, cost = 8
  Rank = 247: 8 MeshBlocks, cost = 8
  Rank = 248: 8 MeshBlocks, cost = 8
  Rank = 249: 8 MeshBlocks, cost = 8
  Rank = 250: 8 MeshBlocks, cost = 8
  Rank = 251: 8 MeshBlocks, cost = 8
  Rank = 252: 8 MeshBlocks, cost = 8
  Rank = 253: 8 MeshBlocks, cost = 8
  Rank = 254: 8 MeshBlocks, cost = 8
  Rank = 255: 8 MeshBlocks, cost = 8
  Rank = 256: 8 MeshBlocks, cost = 8
  Rank = 257: 8 MeshBlocks, cost = 8
  Rank = 258: 8 MeshBlocks, cost = 8
  Rank = 259: 8 MeshBlocks, cost = 8
  Rank = 260: 8 MeshBlocks, cost = 8
  Rank = 261: 8 MeshBlocks, cost = 8
  Rank = 262: 8 MeshBlocks, cost = 8
  Rank = 263: 8 MeshBlocks, cost = 8
  Rank = 264: 8 MeshBlocks, cost = 8
  Rank = 265: 8 MeshBlocks, cost = 8
  Rank = 266: 8 MeshBlocks, cost = 8
  Rank = 267: 8 MeshBlocks, cost = 8
  Rank = 268: 8 MeshBlocks, cost = 8
  Rank = 269: 8 MeshBlocks, cost = 8
  Rank = 270: 8 MeshBlocks, cost = 8
  Rank = 271: 8 MeshBlocks, cost = 8
  Rank = 272: 8 MeshBlocks, cost = 8
  Rank = 273: 8 MeshBlocks, cost = 8
  Rank = 274: 8 MeshBlocks, cost = 8
  Rank = 275: 8 MeshBlocks, cost = 8
  Rank = 276: 8 MeshBlocks, cost = 8
  Rank = 277: 8 MeshBlocks, cost = 8
  Rank = 278: 8 MeshBlocks, cost = 8
  Rank = 279: 8 MeshBlocks, cost = 8
  Rank = 280: 8 MeshBlocks, cost = 8
  Rank = 281: 8 MeshBlocks, cost = 8
  Rank = 282: 8 MeshBlocks, cost = 8
  Rank = 283: 8 MeshBlocks, cost = 8
  Rank = 284: 8 MeshBlocks, cost = 8
  Rank = 285: 8 MeshBlocks, cost = 8
  Rank = 286: 8 MeshBlocks, cost = 8
  Rank = 287: 8 MeshBlocks, cost = 8
  Rank = 288: 8 MeshBlocks, cost = 8
  Rank = 289: 8 MeshBlocks, cost = 8
  Rank = 290: 8 MeshBlocks, cost = 8
  Rank = 291: 8 MeshBlocks, cost = 8
  Rank = 292: 8 MeshBlocks, cost = 8
  Rank = 293: 8 MeshBlocks, cost = 8
  Rank = 294: 8 MeshBlocks, cost = 8
  Rank = 295: 8 MeshBlocks, cost = 8
  Rank = 296: 8 MeshBlocks, cost = 8
  Rank = 297: 8 MeshBlocks, cost = 8
  Rank = 298: 8 MeshBlocks, cost = 8
  Rank = 299: 8 MeshBlocks, cost = 8
  Rank = 300: 8 MeshBlocks, cost = 8
  Rank = 301: 8 MeshBlocks, cost = 8
  Rank = 302: 8 MeshBlocks, cost = 8
  Rank = 303: 8 MeshBlocks, cost = 8
  Rank = 304: 8 MeshBlocks, cost = 8
  Rank = 305: 8 MeshBlocks, cost = 8
  Rank = 306: 8 MeshBlocks, cost = 8
  Rank = 307: 8 MeshBlocks, cost = 8
  Rank = 308: 8 MeshBlocks, cost = 8
  Rank = 309: 8 MeshBlocks, cost = 8
  Rank = 310: 8 MeshBlocks, cost = 8
  Rank = 311: 8 MeshBlocks, cost = 8
  Rank = 312: 8 MeshBlocks, cost = 8
  Rank = 313: 8 MeshBlocks, cost = 8
  Rank = 314: 8 MeshBlocks, cost = 8
  Rank = 315: 8 MeshBlocks, cost = 8
  Rank = 316: 8 MeshBlocks, cost = 8
  Rank = 317: 8 MeshBlocks, cost = 8
  Rank = 318: 8 MeshBlocks, cost = 8
  Rank = 319: 8 MeshBlocks, cost = 8
  Rank = 320: 8 MeshBlocks, cost = 8
  Rank = 321: 8 MeshBlocks, cost = 8
  Rank = 322: 8 MeshBlocks, cost = 8
  Rank = 323: 8 MeshBlocks, cost = 8
  Rank = 324: 8 MeshBlocks, cost = 8
  Rank = 325: 8 MeshBlocks, cost = 8
  Rank = 326: 8 MeshBlocks, cost = 8
  Rank = 327: 8 MeshBlocks, cost = 8
  Rank = 328: 8 MeshBlocks, cost = 8
  Rank = 329: 8 MeshBlocks, cost = 8
  Rank = 330: 8 MeshBlocks, cost = 8
  Rank = 331: 8 MeshBlocks, cost = 8
  Rank = 332: 8 MeshBlocks, cost = 8
  Rank = 333: 8 MeshBlocks, cost = 8
  Rank = 334: 8 MeshBlocks, cost = 8
  Rank = 335: 8 MeshBlocks, cost = 8
  Rank = 336: 8 MeshBlocks, cost = 8
  Rank = 337: 8 MeshBlocks, cost = 8
  Rank = 338: 8 MeshBlocks, cost = 8
  Rank = 339: 8 MeshBlocks, cost = 8
  Rank = 340: 8 MeshBlocks, cost = 8
  Rank = 341: 8 MeshBlocks, cost = 8
  Rank = 342: 8 MeshBlocks, cost = 8
  Rank = 343: 8 MeshBlocks, cost = 8
  Rank = 344: 8 MeshBlocks, cost = 8
  Rank = 345: 8 MeshBlocks, cost = 8
  Rank = 346: 8 MeshBlocks, cost = 8
  Rank = 347: 8 MeshBlocks, cost = 8
  Rank = 348: 8 MeshBlocks, cost = 8
  Rank = 349: 8 MeshBlocks, cost = 8
  Rank = 350: 8 MeshBlocks, cost = 8
  Rank = 351: 8 MeshBlocks, cost = 8
  Rank = 352: 8 MeshBlocks, cost = 8
  Rank = 353: 8 MeshBlocks, cost = 8
  Rank = 354: 8 MeshBlocks, cost = 8
  Rank = 355: 8 MeshBlocks, cost = 8
  Rank = 356: 8 MeshBlocks, cost = 8
  Rank = 357: 8 MeshBlocks, cost = 8
  Rank = 358: 8 MeshBlocks, cost = 8
  Rank = 359: 8 MeshBlocks, cost = 8
  Rank = 360: 8 MeshBlocks, cost = 8
  Rank = 361: 8 MeshBlocks, cost = 8
  Rank = 362: 8 MeshBlocks, cost = 8
  Rank = 363: 8 MeshBlocks, cost = 8
  Rank = 364: 8 MeshBlocks, cost = 8
  Rank = 365: 8 MeshBlocks, cost = 8
  Rank = 366: 8 MeshBlocks, cost = 8
  Rank = 367: 8 MeshBlocks, cost = 8
  Rank = 368: 8 MeshBlocks, cost = 8
  Rank = 369: 8 MeshBlocks, cost = 8
  Rank = 370: 8 MeshBlocks, cost = 8
  Rank = 371: 8 MeshBlocks, cost = 8
  Rank = 372: 8 MeshBlocks, cost = 8
  Rank = 373: 8 MeshBlocks, cost = 8
  Rank = 374: 8 MeshBlocks, cost = 8
  Rank = 375: 8 MeshBlocks, cost = 8
  Rank = 376: 8 MeshBlocks, cost = 8
  Rank = 377: 8 MeshBlocks, cost = 8
  Rank = 378: 8 MeshBlocks, cost = 8
  Rank = 379: 8 MeshBlocks, cost = 8
  Rank = 380: 8 MeshBlocks, cost = 8
  Rank = 381: 8 MeshBlocks, cost = 8
  Rank = 382: 8 MeshBlocks, cost = 8
  Rank = 383: 8 MeshBlocks, cost = 8
  Rank = 384: 8 MeshBlocks, cost = 8
  Rank = 385: 8 MeshBlocks, cost = 8
  Rank = 386: 8 MeshBlocks, cost = 8
  Rank = 387: 8 MeshBlocks, cost = 8
  Rank = 388: 8 MeshBlocks, cost = 8
  Rank = 389: 8 MeshBlocks, cost = 8
  Rank = 390: 8 MeshBlocks, cost = 8
  Rank = 391: 8 MeshBlocks, cost = 8
  Rank = 392: 8 MeshBlocks, cost = 8
  Rank = 393: 8 MeshBlocks, cost = 8
  Rank = 394: 8 MeshBlocks, cost = 8
  Rank = 395: 8 MeshBlocks, cost = 8
  Rank = 396: 8 MeshBlocks, cost = 8
  Rank = 397: 8 MeshBlocks, cost = 8
  Rank = 398: 8 MeshBlocks, cost = 8
  Rank = 399: 8 MeshBlocks, cost = 8
  Rank = 400: 8 MeshBlocks, cost = 8
  Rank = 401: 8 MeshBlocks, cost = 8
  Rank = 402: 8 MeshBlocks, cost = 8
  Rank = 403: 8 MeshBlocks, cost = 8
  Rank = 404: 8 MeshBlocks, cost = 8
  Rank = 405: 8 MeshBlocks, cost = 8
  Rank = 406: 8 MeshBlocks, cost = 8
  Rank = 407: 8 MeshBlocks, cost = 8
  Rank = 408: 8 MeshBlocks, cost = 8
  Rank = 409: 8 MeshBlocks, cost = 8
  Rank = 410: 8 MeshBlocks, cost = 8
  Rank = 411: 8 MeshBlocks, cost = 8
  Rank = 412: 8 MeshBlocks, cost = 8
  Rank = 413: 8 MeshBlocks, cost = 8
  Rank = 414: 8 MeshBlocks, cost = 8
  Rank = 415: 8 MeshBlocks, cost = 8
  Rank = 416: 8 MeshBlocks, cost = 8
  Rank = 417: 8 MeshBlocks, cost = 8
  Rank = 418: 8 MeshBlocks, cost = 8
  Rank = 419: 8 MeshBlocks, cost = 8
  Rank = 420: 8 MeshBlocks, cost = 8
  Rank = 421: 8 MeshBlocks, cost = 8
  Rank = 422: 8 MeshBlocks, cost = 8
  Rank = 423: 8 MeshBlocks, cost = 8
  Rank = 424: 8 MeshBlocks, cost = 8
  Rank = 425: 8 MeshBlocks, cost = 8
  Rank = 426: 8 MeshBlocks, cost = 8
  Rank = 427: 8 MeshBlocks, cost = 8
  Rank = 428: 8 MeshBlocks, cost = 8
  Rank = 429: 8 MeshBlocks, cost = 8
  Rank = 430: 8 MeshBlocks, cost = 8
  Rank = 431: 8 MeshBlocks, cost = 8
  Rank = 432: 8 MeshBlocks, cost = 8
  Rank = 433: 8 MeshBlocks, cost = 8
  Rank = 434: 8 MeshBlocks, cost = 8
  Rank = 435: 8 MeshBlocks, cost = 8
  Rank = 436: 8 MeshBlocks, cost = 8
  Rank = 437: 8 MeshBlocks, cost = 8
  Rank = 438: 8 MeshBlocks, cost = 8
  Rank = 439: 8 MeshBlocks, cost = 8
  Rank = 440: 8 MeshBlocks, cost = 8
  Rank = 441: 8 MeshBlocks, cost = 8
  Rank = 442: 8 MeshBlocks, cost = 8
  Rank = 443: 8 MeshBlocks, cost = 8
  Rank = 444: 8 MeshBlocks, cost = 8
  Rank = 445: 8 MeshBlocks, cost = 8
  Rank = 446: 8 MeshBlocks, cost = 8
  Rank = 447: 8 MeshBlocks, cost = 8
  Rank = 448: 8 MeshBlocks, cost = 8
  Rank = 449: 8 MeshBlocks, cost = 8
  Rank = 450: 8 MeshBlocks, cost = 8
  Rank = 451: 8 MeshBlocks, cost = 8
  Rank = 452: 8 MeshBlocks, cost = 8
  Rank = 453: 8 MeshBlocks, cost = 8
  Rank = 454: 8 MeshBlocks, cost = 8
  Rank = 455: 8 MeshBlocks, cost = 8
  Rank = 456: 8 MeshBlocks, cost = 8
  Rank = 457: 8 MeshBlocks, cost = 8
  Rank = 458: 8 MeshBlocks, cost = 8
  Rank = 459: 8 MeshBlocks, cost = 8
  Rank = 460: 8 MeshBlocks, cost = 8
  Rank = 461: 8 MeshBlocks, cost = 8
  Rank = 462: 8 MeshBlocks, cost = 8
  Rank = 463: 8 MeshBlocks, cost = 8
  Rank = 464: 8 MeshBlocks, cost = 8
  Rank = 465: 8 MeshBlocks, cost = 8
  Rank = 466: 8 MeshBlocks, cost = 8
  Rank = 467: 8 MeshBlocks, cost = 8
  Rank = 468: 8 MeshBlocks, cost = 8
  Rank = 469: 8 MeshBlocks, cost = 8
  Rank = 470: 8 MeshBlocks, cost = 8
  Rank = 471: 8 MeshBlocks, cost = 8
  Rank = 472: 8 MeshBlocks, cost = 8
  Rank = 473: 8 MeshBlocks, cost = 8
  Rank = 474: 8 MeshBlocks, cost = 8
  Rank = 475: 8 MeshBlocks, cost = 8
  Rank = 476: 8 MeshBlocks, cost = 8
  Rank = 477: 8 MeshBlocks, cost = 8
  Rank = 478: 8 MeshBlocks, cost = 8
  Rank = 479: 8 MeshBlocks, cost = 8
  Rank = 480: 8 MeshBlocks, cost = 8
  Rank = 481: 8 MeshBlocks, cost = 8
  Rank = 482: 8 MeshBlocks, cost = 8
  Rank = 483: 8 MeshBlocks, cost = 8
  Rank = 484: 8 MeshBlocks, cost = 8
  Rank = 485: 8 MeshBlocks, cost = 8
  Rank = 486: 8 MeshBlocks, cost = 8
  Rank = 487: 8 MeshBlocks, cost = 8
  Rank = 488: 8 MeshBlocks, cost = 8
  Rank = 489: 8 MeshBlocks, cost = 8
  Rank = 490: 8 MeshBlocks, cost = 8
  Rank = 491: 8 MeshBlocks, cost = 8
  Rank = 492: 8 MeshBlocks, cost = 8
  Rank = 493: 8 MeshBlocks, cost = 8
  Rank = 494: 8 MeshBlocks, cost = 8
  Rank = 495: 8 MeshBlocks, cost = 8
  Rank = 496: 8 MeshBlocks, cost = 8
  Rank = 497: 8 MeshBlocks, cost = 8
  Rank = 498: 8 MeshBlocks, cost = 8
  Rank = 499: 8 MeshBlocks, cost = 8
  Rank = 500: 8 MeshBlocks, cost = 8
  Rank = 501: 8 MeshBlocks, cost = 8
  Rank = 502: 8 MeshBlocks, cost = 8
  Rank = 503: 8 MeshBlocks, cost = 8
  Rank = 504: 8 MeshBlocks, cost = 8
  Rank = 505: 8 MeshBlocks, cost = 8
  Rank = 506: 8 MeshBlocks, cost = 8
  Rank = 507: 8 MeshBlocks, cost = 8
  Rank = 508: 8 MeshBlocks, cost = 8
  Rank = 509: 8 MeshBlocks, cost = 8
  Rank = 510: 8 MeshBlocks, cost = 8
  Rank = 511: 8 MeshBlocks, cost = 8
  Rank = 512: 8 MeshBlocks, cost = 8
  Rank = 513: 8 MeshBlocks, cost = 8
  Rank = 514: 8 MeshBlocks, cost = 8
  Rank = 515: 8 MeshBlocks, cost = 8
  Rank = 516: 8 MeshBlocks, cost = 8
  Rank = 517: 8 MeshBlocks, cost = 8
  Rank = 518: 8 MeshBlocks, cost = 8
  Rank = 519: 8 MeshBlocks, cost = 8
  Rank = 520: 8 MeshBlocks, cost = 8
  Rank = 521: 8 MeshBlocks, cost = 8
  Rank = 522: 8 MeshBlocks, cost = 8
  Rank = 523: 8 MeshBlocks, cost = 8
  Rank = 524: 8 MeshBlocks, cost = 8
  Rank = 525: 8 MeshBlocks, cost = 8
  Rank = 526: 8 MeshBlocks, cost = 8
  Rank = 527: 8 MeshBlocks, cost = 8
  Rank = 528: 8 MeshBlocks, cost = 8
  Rank = 529: 8 MeshBlocks, cost = 8
  Rank = 530: 8 MeshBlocks, cost = 8
  Rank = 531: 8 MeshBlocks, cost = 8
  Rank = 532: 8 MeshBlocks, cost = 8
  Rank = 533: 8 MeshBlocks, cost = 8
  Rank = 534: 8 MeshBlocks, cost = 8
  Rank = 535: 8 MeshBlocks, cost = 8
  Rank = 536: 8 MeshBlocks, cost = 8
  Rank = 537: 8 MeshBlocks, cost = 8
  Rank = 538: 8 MeshBlocks, cost = 8
  Rank = 539: 8 MeshBlocks, cost = 8
  Rank = 540: 8 MeshBlocks, cost = 8
  Rank = 541: 8 MeshBlocks, cost = 8
  Rank = 542: 8 MeshBlocks, cost = 8
  Rank = 543: 8 MeshBlocks, cost = 8
  Rank = 544: 8 MeshBlocks, cost = 8
  Rank = 545: 8 MeshBlocks, cost = 8
  Rank = 546: 8 MeshBlocks, cost = 8
  Rank = 547: 8 MeshBlocks, cost = 8
  Rank = 548: 8 MeshBlocks, cost = 8
  Rank = 549: 8 MeshBlocks, cost = 8
  Rank = 550: 8 MeshBlocks, cost = 8
  Rank = 551: 8 MeshBlocks, cost = 8
  Rank = 552: 8 MeshBlocks, cost = 8
  Rank = 553: 8 MeshBlocks, cost = 8
  Rank = 554: 8 MeshBlocks, cost = 8
  Rank = 555: 8 MeshBlocks, cost = 8
  Rank = 556: 8 MeshBlocks, cost = 8
  Rank = 557: 8 MeshBlocks, cost = 8
  Rank = 558: 8 MeshBlocks, cost = 8
  Rank = 559: 8 MeshBlocks, cost = 8
  Rank = 560: 8 MeshBlocks, cost = 8
  Rank = 561: 8 MeshBlocks, cost = 8
  Rank = 562: 8 MeshBlocks, cost = 8
  Rank = 563: 8 MeshBlocks, cost = 8
  Rank = 564: 8 MeshBlocks, cost = 8
  Rank = 565: 8 MeshBlocks, cost = 8
  Rank = 566: 8 MeshBlocks, cost = 8
  Rank = 567: 8 MeshBlocks, cost = 8
  Rank = 568: 8 MeshBlocks, cost = 8
  Rank = 569: 8 MeshBlocks, cost = 8
  Rank = 570: 8 MeshBlocks, cost = 8
  Rank = 571: 8 MeshBlocks, cost = 8
  Rank = 572: 8 MeshBlocks, cost = 8
  Rank = 573: 8 MeshBlocks, cost = 8
  Rank = 574: 8 MeshBlocks, cost = 8
  Rank = 575: 8 MeshBlocks, cost = 8
  Rank = 576: 8 MeshBlocks, cost = 8
  Rank = 577: 8 MeshBlocks, cost = 8
  Rank = 578: 8 MeshBlocks, cost = 8
  Rank = 579: 8 MeshBlocks, cost = 8
  Rank = 580: 8 MeshBlocks, cost = 8
  Rank = 581: 8 MeshBlocks, cost = 8
  Rank = 582: 8 MeshBlocks, cost = 8
  Rank = 583: 8 MeshBlocks, cost = 8
  Rank = 584: 8 MeshBlocks, cost = 8
  Rank = 585: 8 MeshBlocks, cost = 8
  Rank = 586: 8 MeshBlocks, cost = 8
  Rank = 587: 8 MeshBlocks, cost = 8
  Rank = 588: 8 MeshBlocks, cost = 8
  Rank = 589: 8 MeshBlocks, cost = 8
  Rank = 590: 8 MeshBlocks, cost = 8
  Rank = 591: 8 MeshBlocks, cost = 8
  Rank = 592: 8 MeshBlocks, cost = 8
  Rank = 593: 8 MeshBlocks, cost = 8
  Rank = 594: 8 MeshBlocks, cost = 8
  Rank = 595: 8 MeshBlocks, cost = 8
  Rank = 596: 8 MeshBlocks, cost = 8
  Rank = 597: 8 MeshBlocks, cost = 8
  Rank = 598: 8 MeshBlocks, cost = 8
  Rank = 599: 8 MeshBlocks, cost = 8
  Rank = 600: 8 MeshBlocks, cost = 8
  Rank = 601: 8 MeshBlocks, cost = 8
  Rank = 602: 8 MeshBlocks, cost = 8
  Rank = 603: 8 MeshBlocks, cost = 8
  Rank = 604: 8 MeshBlocks, cost = 8
  Rank = 605: 8 MeshBlocks, cost = 8
  Rank = 606: 8 MeshBlocks, cost = 8
  Rank = 607: 8 MeshBlocks, cost = 8
  Rank = 608: 8 MeshBlocks, cost = 8
  Rank = 609: 8 MeshBlocks, cost = 8
  Rank = 610: 8 MeshBlocks, cost = 8
  Rank = 611: 8 MeshBlocks, cost = 8
  Rank = 612: 8 MeshBlocks, cost = 8
  Rank = 613: 8 MeshBlocks, cost = 8
  Rank = 614: 8 MeshBlocks, cost = 8
  Rank = 615: 8 MeshBlocks, cost = 8
  Rank = 616: 8 MeshBlocks, cost = 8
  Rank = 617: 8 MeshBlocks, cost = 8
  Rank = 618: 8 MeshBlocks, cost = 8
  Rank = 619: 8 MeshBlocks, cost = 8
  Rank = 620: 8 MeshBlocks, cost = 8
  Rank = 621: 8 MeshBlocks, cost = 8
  Rank = 622: 8 MeshBlocks, cost = 8
  Rank = 623: 8 MeshBlocks, cost = 8
  Rank = 624: 8 MeshBlocks, cost = 8
  Rank = 625: 8 MeshBlocks, cost = 8
  Rank = 626: 8 MeshBlocks, cost = 8
  Rank = 627: 8 MeshBlocks, cost = 8
  Rank = 628: 8 MeshBlocks, cost = 8
  Rank = 629: 8 MeshBlocks, cost = 8
  Rank = 630: 8 MeshBlocks, cost = 8
  Rank = 631: 8 MeshBlocks, cost = 8
  Rank = 632: 8 MeshBlocks, cost = 8
  Rank = 633: 8 MeshBlocks, cost = 8
  Rank = 634: 8 MeshBlocks, cost = 8
  Rank = 635: 8 MeshBlocks, cost = 8
  Rank = 636: 8 MeshBlocks, cost = 8
  Rank = 637: 8 MeshBlocks, cost = 8
  Rank = 638: 8 MeshBlocks, cost = 8
  Rank = 639: 8 MeshBlocks, cost = 8
  Rank = 640: 8 MeshBlocks, cost = 8
  Rank = 641: 8 MeshBlocks, cost = 8
  Rank = 642: 8 MeshBlocks, cost = 8
  Rank = 643: 8 MeshBlocks, cost = 8
  Rank = 644: 8 MeshBlocks, cost = 8
  Rank = 645: 8 MeshBlocks, cost = 8
  Rank = 646: 8 MeshBlocks, cost = 8
  Rank = 647: 8 MeshBlocks, cost = 8
  Rank = 648: 8 MeshBlocks, cost = 8
  Rank = 649: 8 MeshBlocks, cost = 8
  Rank = 650: 8 MeshBlocks, cost = 8
  Rank = 651: 8 MeshBlocks, cost = 8
  Rank = 652: 8 MeshBlocks, cost = 8
  Rank = 653: 8 MeshBlocks, cost = 8
  Rank = 654: 8 MeshBlocks, cost = 8
  Rank = 655: 8 MeshBlocks, cost = 8
  Rank = 656: 8 MeshBlocks, cost = 8
  Rank = 657: 8 MeshBlocks, cost = 8
  Rank = 658: 8 MeshBlocks, cost = 8
  Rank = 659: 8 MeshBlocks, cost = 8
  Rank = 660: 8 MeshBlocks, cost = 8
  Rank = 661: 8 MeshBlocks, cost = 8
  Rank = 662: 8 MeshBlocks, cost = 8
  Rank = 663: 8 MeshBlocks, cost = 8
  Rank = 664: 8 MeshBlocks, cost = 8
  Rank = 665: 8 MeshBlocks, cost = 8
  Rank = 666: 8 MeshBlocks, cost = 8
  Rank = 667: 8 MeshBlocks, cost = 8
  Rank = 668: 8 MeshBlocks, cost = 8
  Rank = 669: 8 MeshBlocks, cost = 8
  Rank = 670: 8 MeshBlocks, cost = 8
  Rank = 671: 8 MeshBlocks, cost = 8
  Rank = 672: 8 MeshBlocks, cost = 8
  Rank = 673: 8 MeshBlocks, cost = 8
  Rank = 674: 8 MeshBlocks, cost = 8
  Rank = 675: 8 MeshBlocks, cost = 8
  Rank = 676: 8 MeshBlocks, cost = 8
  Rank = 677: 8 MeshBlocks, cost = 8
  Rank = 678: 8 MeshBlocks, cost = 8
  Rank = 679: 8 MeshBlocks, cost = 8
  Rank = 680: 8 MeshBlocks, cost = 8
  Rank = 681: 8 MeshBlocks, cost = 8
  Rank = 682: 8 MeshBlocks, cost = 8
  Rank = 683: 8 MeshBlocks, cost = 8
  Rank = 684: 8 MeshBlocks, cost = 8
  Rank = 685: 8 MeshBlocks, cost = 8
  Rank = 686: 8 MeshBlocks, cost = 8
  Rank = 687: 8 MeshBlocks, cost = 8
  Rank = 688: 8 MeshBlocks, cost = 8
  Rank = 689: 8 MeshBlocks, cost = 8
  Rank = 690: 8 MeshBlocks, cost = 8
  Rank = 691: 8 MeshBlocks, cost = 8
  Rank = 692: 8 MeshBlocks, cost = 8
  Rank = 693: 8 MeshBlocks, cost = 8
  Rank = 694: 8 MeshBlocks, cost = 8
  Rank = 695: 8 MeshBlocks, cost = 8
  Rank = 696: 8 MeshBlocks, cost = 8
  Rank = 697: 8 MeshBlocks, cost = 8
  Rank = 698: 8 MeshBlocks, cost = 8
  Rank = 699: 8 MeshBlocks, cost = 8
  Rank = 700: 8 MeshBlocks, cost = 8
  Rank = 701: 8 MeshBlocks, cost = 8
  Rank = 702: 8 MeshBlocks, cost = 8
  Rank = 703: 8 MeshBlocks, cost = 8
  Rank = 704: 8 MeshBlocks, cost = 8
  Rank = 705: 8 MeshBlocks, cost = 8
  Rank = 706: 8 MeshBlocks, cost = 8
  Rank = 707: 8 MeshBlocks, cost = 8
  Rank = 708: 8 MeshBlocks, cost = 8
  Rank = 709: 8 MeshBlocks, cost = 8
  Rank = 710: 8 MeshBlocks, cost = 8
  Rank = 711: 8 MeshBlocks, cost = 8
  Rank = 712: 8 MeshBlocks, cost = 8
  Rank = 713: 8 MeshBlocks, cost = 8
  Rank = 714: 8 MeshBlocks, cost = 8
  Rank = 715: 8 MeshBlocks, cost = 8
  Rank = 716: 8 MeshBlocks, cost = 8
  Rank = 717: 8 MeshBlocks, cost = 8
  Rank = 718: 8 MeshBlocks, cost = 8
  Rank = 719: 8 MeshBlocks, cost = 8
  Rank = 720: 8 MeshBlocks, cost = 8
  Rank = 721: 8 MeshBlocks, cost = 8
  Rank = 722: 8 MeshBlocks, cost = 8
  Rank = 723: 8 MeshBlocks, cost = 8
  Rank = 724: 8 MeshBlocks, cost = 8
  Rank = 725: 8 MeshBlocks, cost = 8
  Rank = 726: 8 MeshBlocks, cost = 8
  Rank = 727: 8 MeshBlocks, cost = 8
  Rank = 728: 8 MeshBlocks, cost = 8
  Rank = 729: 8 MeshBlocks, cost = 8
  Rank = 730: 8 MeshBlocks, cost = 8
  Rank = 731: 8 MeshBlocks, cost = 8
  Rank = 732: 8 MeshBlocks, cost = 8
  Rank = 733: 8 MeshBlocks, cost = 8
  Rank = 734: 8 MeshBlocks, cost = 8
  Rank = 735: 8 MeshBlocks, cost = 8
  Rank = 736: 8 MeshBlocks, cost = 8
  Rank = 737: 8 MeshBlocks, cost = 8
  Rank = 738: 8 MeshBlocks, cost = 8
  Rank = 739: 8 MeshBlocks, cost = 8
  Rank = 740: 8 MeshBlocks, cost = 8
  Rank = 741: 8 MeshBlocks, cost = 8
  Rank = 742: 8 MeshBlocks, cost = 8
  Rank = 743: 8 MeshBlocks, cost = 8
  Rank = 744: 8 MeshBlocks, cost = 8
  Rank = 745: 8 MeshBlocks, cost = 8
  Rank = 746: 8 MeshBlocks, cost = 8
  Rank = 747: 8 MeshBlocks, cost = 8
  Rank = 748: 8 MeshBlocks, cost = 8
  Rank = 749: 8 MeshBlocks, cost = 8
  Rank = 750: 8 MeshBlocks, cost = 8
  Rank = 751: 8 MeshBlocks, cost = 8
  Rank = 752: 8 MeshBlocks, cost = 8
  Rank = 753: 8 MeshBlocks, cost = 8
  Rank = 754: 8 MeshBlocks, cost = 8
  Rank = 755: 8 MeshBlocks, cost = 8
  Rank = 756: 8 MeshBlocks, cost = 8
  Rank = 757: 8 MeshBlocks, cost = 8
  Rank = 758: 8 MeshBlocks, cost = 8
  Rank = 759: 8 MeshBlocks, cost = 8
  Rank = 760: 8 MeshBlocks, cost = 8
  Rank = 761: 8 MeshBlocks, cost = 8
  Rank = 762: 8 MeshBlocks, cost = 8
  Rank = 763: 8 MeshBlocks, cost = 8
  Rank = 764: 8 MeshBlocks, cost = 8
  Rank = 765: 8 MeshBlocks, cost = 8
  Rank = 766: 8 MeshBlocks, cost = 8
  Rank = 767: 8 MeshBlocks, cost = 8
  Rank = 768: 8 MeshBlocks, cost = 8
  Rank = 769: 8 MeshBlocks, cost = 8
  Rank = 770: 8 MeshBlocks, cost = 8
  Rank = 771: 8 MeshBlocks, cost = 8
  Rank = 772: 8 MeshBlocks, cost = 8
  Rank = 773: 8 MeshBlocks, cost = 8
  Rank = 774: 8 MeshBlocks, cost = 8
  Rank = 775: 8 MeshBlocks, cost = 8
  Rank = 776: 8 MeshBlocks, cost = 8
  Rank = 777: 8 MeshBlocks, cost = 8
  Rank = 778: 8 MeshBlocks, cost = 8
  Rank = 779: 8 MeshBlocks, cost = 8
  Rank = 780: 8 MeshBlocks, cost = 8
  Rank = 781: 8 MeshBlocks, cost = 8
  Rank = 782: 8 MeshBlocks, cost = 8
  Rank = 783: 8 MeshBlocks, cost = 8
  Rank = 784: 8 MeshBlocks, cost = 8
  Rank = 785: 8 MeshBlocks, cost = 8
  Rank = 786: 8 MeshBlocks, cost = 8
  Rank = 787: 8 MeshBlocks, cost = 8
  Rank = 788: 8 MeshBlocks, cost = 8
  Rank = 789: 8 MeshBlocks, cost = 8
  Rank = 790: 8 MeshBlocks, cost = 8
  Rank = 791: 8 MeshBlocks, cost = 8
  Rank = 792: 8 MeshBlocks, cost = 8
  Rank = 793: 8 MeshBlocks, cost = 8
  Rank = 794: 8 MeshBlocks, cost = 8
  Rank = 795: 8 MeshBlocks, cost = 8
  Rank = 796: 8 MeshBlocks, cost = 8
  Rank = 797: 8 MeshBlocks, cost = 8
  Rank = 798: 8 MeshBlocks, cost = 8
  Rank = 799: 8 MeshBlocks, cost = 8
  Rank = 800: 8 MeshBlocks, cost = 8
  Rank = 801: 8 MeshBlocks, cost = 8
  Rank = 802: 8 MeshBlocks, cost = 8
  Rank = 803: 8 MeshBlocks, cost = 8
  Rank = 804: 8 MeshBlocks, cost = 8
  Rank = 805: 8 MeshBlocks, cost = 8
  Rank = 806: 8 MeshBlocks, cost = 8
  Rank = 807: 8 MeshBlocks, cost = 8
  Rank = 808: 8 MeshBlocks, cost = 8
  Rank = 809: 8 MeshBlocks, cost = 8
  Rank = 810: 8 MeshBlocks, cost = 8
  Rank = 811: 8 MeshBlocks, cost = 8
  Rank = 812: 8 MeshBlocks, cost = 8
  Rank = 813: 8 MeshBlocks, cost = 8
  Rank = 814: 8 MeshBlocks, cost = 8
  Rank = 815: 8 MeshBlocks, cost = 8
  Rank = 816: 8 MeshBlocks, cost = 8
  Rank = 817: 8 MeshBlocks, cost = 8
  Rank = 818: 8 MeshBlocks, cost = 8
  Rank = 819: 8 MeshBlocks, cost = 8
  Rank = 820: 8 MeshBlocks, cost = 8
  Rank = 821: 8 MeshBlocks, cost = 8
  Rank = 822: 8 MeshBlocks, cost = 8
  Rank = 823: 8 MeshBlocks, cost = 8
  Rank = 824: 8 MeshBlocks, cost = 8
  Rank = 825: 8 MeshBlocks, cost = 8
  Rank = 826: 8 MeshBlocks, cost = 8
  Rank = 827: 8 MeshBlocks, cost = 8
  Rank = 828: 8 MeshBlocks, cost = 8
  Rank = 829: 8 MeshBlocks, cost = 8
  Rank = 830: 8 MeshBlocks, cost = 8
  Rank = 831: 8 MeshBlocks, cost = 8
  Rank = 832: 8 MeshBlocks, cost = 8
  Rank = 833: 8 MeshBlocks, cost = 8
  Rank = 834: 8 MeshBlocks, cost = 8
  Rank = 835: 8 MeshBlocks, cost = 8
  Rank = 836: 8 MeshBlocks, cost = 8
  Rank = 837: 8 MeshBlocks, cost = 8
  Rank = 838: 8 MeshBlocks, cost = 8
  Rank = 839: 8 MeshBlocks, cost = 8
  Rank = 840: 8 MeshBlocks, cost = 8
  Rank = 841: 8 MeshBlocks, cost = 8
  Rank = 842: 8 MeshBlocks, cost = 8
  Rank = 843: 8 MeshBlocks, cost = 8
  Rank = 844: 8 MeshBlocks, cost = 8
  Rank = 845: 8 MeshBlocks, cost = 8
  Rank = 846: 8 MeshBlocks, cost = 8
  Rank = 847: 8 MeshBlocks, cost = 8
  Rank = 848: 8 MeshBlocks, cost = 8
  Rank = 849: 8 MeshBlocks, cost = 8
  Rank = 850: 8 MeshBlocks, cost = 8
  Rank = 851: 8 MeshBlocks, cost = 8
  Rank = 852: 8 MeshBlocks, cost = 8
  Rank = 853: 8 MeshBlocks, cost = 8
  Rank = 854: 8 MeshBlocks, cost = 8
  Rank = 855: 8 MeshBlocks, cost = 8
  Rank = 856: 8 MeshBlocks, cost = 8
  Rank = 857: 8 MeshBlocks, cost = 8
  Rank = 858: 8 MeshBlocks, cost = 8
  Rank = 859: 8 MeshBlocks, cost = 8
  Rank = 860: 8 MeshBlocks, cost = 8
  Rank = 861: 8 MeshBlocks, cost = 8
  Rank = 862: 8 MeshBlocks, cost = 8
  Rank = 863: 8 MeshBlocks, cost = 8
  Rank = 864: 8 MeshBlocks, cost = 8
  Rank = 865: 8 MeshBlocks, cost = 8
  Rank = 866: 8 MeshBlocks, cost = 8
  Rank = 867: 8 MeshBlocks, cost = 8
  Rank = 868: 8 MeshBlocks, cost = 8
  Rank = 869: 8 MeshBlocks, cost = 8
  Rank = 870: 8 MeshBlocks, cost = 8
  Rank = 871: 8 MeshBlocks, cost = 8
  Rank = 872: 8 MeshBlocks, cost = 8
  Rank = 873: 8 MeshBlocks, cost = 8
  Rank = 874: 8 MeshBlocks, cost = 8
  Rank = 875: 8 MeshBlocks, cost = 8
  Rank = 876: 8 MeshBlocks, cost = 8
  Rank = 877: 8 MeshBlocks, cost = 8
  Rank = 878: 8 MeshBlocks, cost = 8
  Rank = 879: 8 MeshBlocks, cost = 8
  Rank = 880: 8 MeshBlocks, cost = 8
  Rank = 881: 8 MeshBlocks, cost = 8
  Rank = 882: 8 MeshBlocks, cost = 8
  Rank = 883: 8 MeshBlocks, cost = 8
  Rank = 884: 8 MeshBlocks, cost = 8
  Rank = 885: 8 MeshBlocks, cost = 8
  Rank = 886: 8 MeshBlocks, cost = 8
  Rank = 887: 8 MeshBlocks, cost = 8
  Rank = 888: 8 MeshBlocks, cost = 8
  Rank = 889: 8 MeshBlocks, cost = 8
  Rank = 890: 8 MeshBlocks, cost = 8
  Rank = 891: 8 MeshBlocks, cost = 8
  Rank = 892: 8 MeshBlocks, cost = 8
  Rank = 893: 8 MeshBlocks, cost = 8
  Rank = 894: 8 MeshBlocks, cost = 8
  Rank = 895: 8 MeshBlocks, cost = 8
  Rank = 896: 8 MeshBlocks, cost = 8
  Rank = 897: 8 MeshBlocks, cost = 8
  Rank = 898: 8 MeshBlocks, cost = 8
  Rank = 899: 8 MeshBlocks, cost = 8
  Rank = 900: 8 MeshBlocks, cost = 8
  Rank = 901: 8 MeshBlocks, cost = 8
  Rank = 902: 8 MeshBlocks, cost = 8
  Rank = 903: 8 MeshBlocks, cost = 8
  Rank = 904: 8 MeshBlocks, cost = 8
  Rank = 905: 8 MeshBlocks, cost = 8
  Rank = 906: 8 MeshBlocks, cost = 8
  Rank = 907: 8 MeshBlocks, cost = 8
  Rank = 908: 8 MeshBlocks, cost = 8
  Rank = 909: 8 MeshBlocks, cost = 8
  Rank = 910: 8 MeshBlocks, cost = 8
  Rank = 911: 8 MeshBlocks, cost = 8
  Rank = 912: 8 MeshBlocks, cost = 8
  Rank = 913: 8 MeshBlocks, cost = 8
  Rank = 914: 8 MeshBlocks, cost = 8
  Rank = 915: 8 MeshBlocks, cost = 8
  Rank = 916: 8 MeshBlocks, cost = 8
  Rank = 917: 8 MeshBlocks, cost = 8
  Rank = 918: 8 MeshBlocks, cost = 8
  Rank = 919: 8 MeshBlocks, cost = 8
  Rank = 920: 8 MeshBlocks, cost = 8
  Rank = 921: 8 MeshBlocks, cost = 8
  Rank = 922: 8 MeshBlocks, cost = 8
  Rank = 923: 8 MeshBlocks, cost = 8
  Rank = 924: 8 MeshBlocks, cost = 8
  Rank = 925: 8 MeshBlocks, cost = 8
  Rank = 926: 8 MeshBlocks, cost = 8
  Rank = 927: 8 MeshBlocks, cost = 8
  Rank = 928: 8 MeshBlocks, cost = 8
  Rank = 929: 8 MeshBlocks, cost = 8
  Rank = 930: 8 MeshBlocks, cost = 8
  Rank = 931: 8 MeshBlocks, cost = 8
  Rank = 932: 8 MeshBlocks, cost = 8
  Rank = 933: 8 MeshBlocks, cost = 8
  Rank = 934: 8 MeshBlocks, cost = 8
  Rank = 935: 8 MeshBlocks, cost = 8
  Rank = 936: 8 MeshBlocks, cost = 8
  Rank = 937: 8 MeshBlocks, cost = 8
  Rank = 938: 8 MeshBlocks, cost = 8
  Rank = 939: 8 MeshBlocks, cost = 8
  Rank = 940: 8 MeshBlocks, cost = 8
  Rank = 941: 8 MeshBlocks, cost = 8
  Rank = 942: 8 MeshBlocks, cost = 8
  Rank = 943: 8 MeshBlocks, cost = 8
  Rank = 944: 8 MeshBlocks, cost = 8
  Rank = 945: 8 MeshBlocks, cost = 8
  Rank = 946: 8 MeshBlocks, cost = 8
  Rank = 947: 8 MeshBlocks, cost = 8
  Rank = 948: 8 MeshBlocks, cost = 8
  Rank = 949: 8 MeshBlocks, cost = 8
  Rank = 950: 8 MeshBlocks, cost = 8
  Rank = 951: 8 MeshBlocks, cost = 8
  Rank = 952: 8 MeshBlocks, cost = 8
  Rank = 953: 8 MeshBlocks, cost = 8
  Rank = 954: 8 MeshBlocks, cost = 8
  Rank = 955: 8 MeshBlocks, cost = 8
  Rank = 956: 8 MeshBlocks, cost = 8
  Rank = 957: 8 MeshBlocks, cost = 8
  Rank = 958: 8 MeshBlocks, cost = 8
  Rank = 959: 8 MeshBlocks, cost = 8
  Rank = 960: 8 MeshBlocks, cost = 8
  Rank = 961: 8 MeshBlocks, cost = 8
  Rank = 962: 8 MeshBlocks, cost = 8
  Rank = 963: 8 MeshBlocks, cost = 8
  Rank = 964: 8 MeshBlocks, cost = 8
  Rank = 965: 8 MeshBlocks, cost = 8
  Rank = 966: 8 MeshBlocks, cost = 8
  Rank = 967: 8 MeshBlocks, cost = 8
  Rank = 968: 8 MeshBlocks, cost = 8
  Rank = 969: 8 MeshBlocks, cost = 8
  Rank = 970: 8 MeshBlocks, cost = 8
  Rank = 971: 8 MeshBlocks, cost = 8
  Rank = 972: 8 MeshBlocks, cost = 8
  Rank = 973: 8 MeshBlocks, cost = 8
  Rank = 974: 8 MeshBlocks, cost = 8
  Rank = 975: 8 MeshBlocks, cost = 8
  Rank = 976: 8 MeshBlocks, cost = 8
  Rank = 977: 8 MeshBlocks, cost = 8
  Rank = 978: 8 MeshBlocks, cost = 8
  Rank = 979: 8 MeshBlocks, cost = 8
  Rank = 980: 8 MeshBlocks, cost = 8
  Rank = 981: 8 MeshBlocks, cost = 8
  Rank = 982: 8 MeshBlocks, cost = 8
  Rank = 983: 8 MeshBlocks, cost = 8
  Rank = 984: 8 MeshBlocks, cost = 8
  Rank = 985: 8 MeshBlocks, cost = 8
  Rank = 986: 8 MeshBlocks, cost = 8
  Rank = 987: 8 MeshBlocks, cost = 8
  Rank = 988: 8 MeshBlocks, cost = 8
  Rank = 989: 8 MeshBlocks, cost = 8
  Rank = 990: 8 MeshBlocks, cost = 8
  Rank = 991: 8 MeshBlocks, cost = 8
  Rank = 992: 8 MeshBlocks, cost = 8
  Rank = 993: 8 MeshBlocks, cost = 8
  Rank = 994: 8 MeshBlocks, cost = 8
  Rank = 995: 8 MeshBlocks, cost = 8
  Rank = 996: 8 MeshBlocks, cost = 8
  Rank = 997: 8 MeshBlocks, cost = 8
  Rank = 998: 8 MeshBlocks, cost = 8
  Rank = 999: 8 MeshBlocks, cost = 8
  Rank = 1000: 8 MeshBlocks, cost = 8
  Rank = 1001: 8 MeshBlocks, cost = 8
  Rank = 1002: 8 MeshBlocks, cost = 8
  Rank = 1003: 8 MeshBlocks, cost = 8
  Rank = 1004: 8 MeshBlocks, cost = 8
  Rank = 1005: 8 MeshBlocks, cost = 8
  Rank = 1006: 8 MeshBlocks, cost = 8
  Rank = 1007: 8 MeshBlocks, cost = 8
  Rank = 1008: 8 MeshBlocks, cost = 8
  Rank = 1009: 8 MeshBlocks, cost = 8
  Rank = 1010: 8 MeshBlocks, cost = 8
  Rank = 1011: 8 MeshBlocks, cost = 8
  Rank = 1012: 8 MeshBlocks, cost = 8
  Rank = 1013: 8 MeshBlocks, cost = 8
  Rank = 1014: 8 MeshBlocks, cost = 8
  Rank = 1015: 8 MeshBlocks, cost = 8
  Rank = 1016: 8 MeshBlocks, cost = 8
  Rank = 1017: 8 MeshBlocks, cost = 8
  Rank = 1018: 8 MeshBlocks, cost = 8
  Rank = 1019: 8 MeshBlocks, cost = 8
  Rank = 1020: 8 MeshBlocks, cost = 8
  Rank = 1021: 8 MeshBlocks, cost = 8
  Rank = 1022: 8 MeshBlocks, cost = 8
  Rank = 1023: 8 MeshBlocks, cost = 8
Load Balancing:
  Maximum normalized cost = 1, Average = 1

Setup complete, executing task list(s)...

elapsed=1.316023e+00 cycle=0 time=0.000000e+00 dt=4.394531e-04
elapsed=8.739068e+02 cycle=1000 time=1.181989e-01 dt=0.000000e+00

Terminating on cycle limit
time=1.181989e-01 cycle=1000
tlim=1.000000e+99 nlim=1000

MeshBlock-cycles = 8192000
cpu time used  = 8.725908e+02
zone-cycles/cpu_second = 3.076304e+08
particle-updates/cpu_second = 3.076304e+08
TACC:  Shutdown complete. Exiting. 
