TACC:  Starting up job 35629 
TACC:  Setting up parallel environment for OpenMPI mpirun. 
TACC:  Starting parallel tasks... 

Root grid = 8 x 64 x 32 MeshBlocks
Total number of MeshBlocks = 16384
Number of logical  levels of refinement = 6 (7 levels total)
Number of physical levels of refinement = 0 (1 levels total)
Number of parallel ranks = 2048
  Rank = 0: 8 MeshBlocks, cost = 8
  Rank = 1: 8 MeshBlocks, cost = 8
  Rank = 2: 8 MeshBlocks, cost = 8
  Rank = 3: 8 MeshBlocks, cost = 8
  Rank = 4: 8 MeshBlocks, cost = 8
  Rank = 5: 8 MeshBlocks, cost = 8
  Rank = 6: 8 MeshBlocks, cost = 8
  Rank = 7: 8 MeshBlocks, cost = 8
  Rank = 8: 8 MeshBlocks, cost = 8
  Rank = 9: 8 MeshBlocks, cost = 8
  Rank = 10: 8 MeshBlocks, cost = 8
  Rank = 11: 8 MeshBlocks, cost = 8
  Rank = 12: 8 MeshBlocks, cost = 8
  Rank = 13: 8 MeshBlocks, cost = 8
  Rank = 14: 8 MeshBlocks, cost = 8
  Rank = 15: 8 MeshBlocks, cost = 8
  Rank = 16: 8 MeshBlocks, cost = 8
  Rank = 17: 8 MeshBlocks, cost = 8
  Rank = 18: 8 MeshBlocks, cost = 8
  Rank = 19: 8 MeshBlocks, cost = 8
  Rank = 20: 8 MeshBlocks, cost = 8
  Rank = 21: 8 MeshBlocks, cost = 8
  Rank = 22: 8 MeshBlocks, cost = 8
  Rank = 23: 8 MeshBlocks, cost = 8
  Rank = 24: 8 MeshBlocks, cost = 8
  Rank = 25: 8 MeshBlocks, cost = 8
  Rank = 26: 8 MeshBlocks, cost = 8
  Rank = 27: 8 MeshBlocks, cost = 8
  Rank = 28: 8 MeshBlocks, cost = 8
  Rank = 29: 8 MeshBlocks, cost = 8
  Rank = 30: 8 MeshBlocks, cost = 8
  Rank = 31: 8 MeshBlocks, cost = 8
  Rank = 32: 8 MeshBlocks, cost = 8
  Rank = 33: 8 MeshBlocks, cost = 8
  Rank = 34: 8 MeshBlocks, cost = 8
  Rank = 35: 8 MeshBlocks, cost = 8
  Rank = 36: 8 MeshBlocks, cost = 8
  Rank = 37: 8 MeshBlocks, cost = 8
  Rank = 38: 8 MeshBlocks, cost = 8
  Rank = 39: 8 MeshBlocks, cost = 8
  Rank = 40: 8 MeshBlocks, cost = 8
  Rank = 41: 8 MeshBlocks, cost = 8
  Rank = 42: 8 MeshBlocks, cost = 8
  Rank = 43: 8 MeshBlocks, cost = 8
  Rank = 44: 8 MeshBlocks, cost = 8
  Rank = 45: 8 MeshBlocks, cost = 8
  Rank = 46: 8 MeshBlocks, cost = 8
  Rank = 47: 8 MeshBlocks, cost = 8
  Rank = 48: 8 MeshBlocks, cost = 8
  Rank = 49: 8 MeshBlocks, cost = 8
  Rank = 50: 8 MeshBlocks, cost = 8
  Rank = 51: 8 MeshBlocks, cost = 8
  Rank = 52: 8 MeshBlocks, cost = 8
  Rank = 53: 8 MeshBlocks, cost = 8
  Rank = 54: 8 MeshBlocks, cost = 8
  Rank = 55: 8 MeshBlocks, cost = 8
  Rank = 56: 8 MeshBlocks, cost = 8
  Rank = 57: 8 MeshBlocks, cost = 8
  Rank = 58: 8 MeshBlocks, cost = 8
  Rank = 59: 8 MeshBlocks, cost = 8
  Rank = 60: 8 MeshBlocks, cost = 8
  Rank = 61: 8 MeshBlocks, cost = 8
  Rank = 62: 8 MeshBlocks, cost = 8
  Rank = 63: 8 MeshBlocks, cost = 8
  Rank = 64: 8 MeshBlocks, cost = 8
  Rank = 65: 8 MeshBlocks, cost = 8
  Rank = 66: 8 MeshBlocks, cost = 8
  Rank = 67: 8 MeshBlocks, cost = 8
  Rank = 68: 8 MeshBlocks, cost = 8
  Rank = 69: 8 MeshBlocks, cost = 8
  Rank = 70: 8 MeshBlocks, cost = 8
  Rank = 71: 8 MeshBlocks, cost = 8
  Rank = 72: 8 MeshBlocks, cost = 8
  Rank = 73: 8 MeshBlocks, cost = 8
  Rank = 74: 8 MeshBlocks, cost = 8
  Rank = 75: 8 MeshBlocks, cost = 8
  Rank = 76: 8 MeshBlocks, cost = 8
  Rank = 77: 8 MeshBlocks, cost = 8
  Rank = 78: 8 MeshBlocks, cost = 8
  Rank = 79: 8 MeshBlocks, cost = 8
  Rank = 80: 8 MeshBlocks, cost = 8
  Rank = 81: 8 MeshBlocks, cost = 8
  Rank = 82: 8 MeshBlocks, cost = 8
  Rank = 83: 8 MeshBlocks, cost = 8
  Rank = 84: 8 MeshBlocks, cost = 8
  Rank = 85: 8 MeshBlocks, cost = 8
  Rank = 86: 8 MeshBlocks, cost = 8
  Rank = 87: 8 MeshBlocks, cost = 8
  Rank = 88: 8 MeshBlocks, cost = 8
  Rank = 89: 8 MeshBlocks, cost = 8
  Rank = 90: 8 MeshBlocks, cost = 8
  Rank = 91: 8 MeshBlocks, cost = 8
  Rank = 92: 8 MeshBlocks, cost = 8
  Rank = 93: 8 MeshBlocks, cost = 8
  Rank = 94: 8 MeshBlocks, cost = 8
  Rank = 95: 8 MeshBlocks, cost = 8
  Rank = 96: 8 MeshBlocks, cost = 8
  Rank = 97: 8 MeshBlocks, cost = 8
  Rank = 98: 8 MeshBlocks, cost = 8
  Rank = 99: 8 MeshBlocks, cost = 8
  Rank = 100: 8 MeshBlocks, cost = 8
  Rank = 101: 8 MeshBlocks, cost = 8
  Rank = 102: 8 MeshBlocks, cost = 8
  Rank = 103: 8 MeshBlocks, cost = 8
  Rank = 104: 8 MeshBlocks, cost = 8
  Rank = 105: 8 MeshBlocks, cost = 8
  Rank = 106: 8 MeshBlocks, cost = 8
  Rank = 107: 8 MeshBlocks, cost = 8
  Rank = 108: 8 MeshBlocks, cost = 8
  Rank = 109: 8 MeshBlocks, cost = 8
  Rank = 110: 8 MeshBlocks, cost = 8
  Rank = 111: 8 MeshBlocks, cost = 8
  Rank = 112: 8 MeshBlocks, cost = 8
  Rank = 113: 8 MeshBlocks, cost = 8
  Rank = 114: 8 MeshBlocks, cost = 8
  Rank = 115: 8 MeshBlocks, cost = 8
  Rank = 116: 8 MeshBlocks, cost = 8
  Rank = 117: 8 MeshBlocks, cost = 8
  Rank = 118: 8 MeshBlocks, cost = 8
  Rank = 119: 8 MeshBlocks, cost = 8
  Rank = 120: 8 MeshBlocks, cost = 8
  Rank = 121: 8 MeshBlocks, cost = 8
  Rank = 122: 8 MeshBlocks, cost = 8
  Rank = 123: 8 MeshBlocks, cost = 8
  Rank = 124: 8 MeshBlocks, cost = 8
  Rank = 125: 8 MeshBlocks, cost = 8
  Rank = 126: 8 MeshBlocks, cost = 8
  Rank = 127: 8 MeshBlocks, cost = 8
  Rank = 128: 8 MeshBlocks, cost = 8
  Rank = 129: 8 MeshBlocks, cost = 8
  Rank = 130: 8 MeshBlocks, cost = 8
  Rank = 131: 8 MeshBlocks, cost = 8
  Rank = 132: 8 MeshBlocks, cost = 8
  Rank = 133: 8 MeshBlocks, cost = 8
  Rank = 134: 8 MeshBlocks, cost = 8
  Rank = 135: 8 MeshBlocks, cost = 8
  Rank = 136: 8 MeshBlocks, cost = 8
  Rank = 137: 8 MeshBlocks, cost = 8
  Rank = 138: 8 MeshBlocks, cost = 8
  Rank = 139: 8 MeshBlocks, cost = 8
  Rank = 140: 8 MeshBlocks, cost = 8
  Rank = 141: 8 MeshBlocks, cost = 8
  Rank = 142: 8 MeshBlocks, cost = 8
  Rank = 143: 8 MeshBlocks, cost = 8
  Rank = 144: 8 MeshBlocks, cost = 8
  Rank = 145: 8 MeshBlocks, cost = 8
  Rank = 146: 8 MeshBlocks, cost = 8
  Rank = 147: 8 MeshBlocks, cost = 8
  Rank = 148: 8 MeshBlocks, cost = 8
  Rank = 149: 8 MeshBlocks, cost = 8
  Rank = 150: 8 MeshBlocks, cost = 8
  Rank = 151: 8 MeshBlocks, cost = 8
  Rank = 152: 8 MeshBlocks, cost = 8
  Rank = 153: 8 MeshBlocks, cost = 8
  Rank = 154: 8 MeshBlocks, cost = 8
  Rank = 155: 8 MeshBlocks, cost = 8
  Rank = 156: 8 MeshBlocks, cost = 8
  Rank = 157: 8 MeshBlocks, cost = 8
  Rank = 158: 8 MeshBlocks, cost = 8
  Rank = 159: 8 MeshBlocks, cost = 8
  Rank = 160: 8 MeshBlocks, cost = 8
  Rank = 161: 8 MeshBlocks, cost = 8
  Rank = 162: 8 MeshBlocks, cost = 8
  Rank = 163: 8 MeshBlocks, cost = 8
  Rank = 164: 8 MeshBlocks, cost = 8
  Rank = 165: 8 MeshBlocks, cost = 8
  Rank = 166: 8 MeshBlocks, cost = 8
  Rank = 167: 8 MeshBlocks, cost = 8
  Rank = 168: 8 MeshBlocks, cost = 8
  Rank = 169: 8 MeshBlocks, cost = 8
  Rank = 170: 8 MeshBlocks, cost = 8
  Rank = 171: 8 MeshBlocks, cost = 8
  Rank = 172: 8 MeshBlocks, cost = 8
  Rank = 173: 8 MeshBlocks, cost = 8
  Rank = 174: 8 MeshBlocks, cost = 8
  Rank = 175: 8 MeshBlocks, cost = 8
  Rank = 176: 8 MeshBlocks, cost = 8
  Rank = 177: 8 MeshBlocks, cost = 8
  Rank = 178: 8 MeshBlocks, cost = 8
  Rank = 179: 8 MeshBlocks, cost = 8
  Rank = 180: 8 MeshBlocks, cost = 8
  Rank = 181: 8 MeshBlocks, cost = 8
  Rank = 182: 8 MeshBlocks, cost = 8
  Rank = 183: 8 MeshBlocks, cost = 8
  Rank = 184: 8 MeshBlocks, cost = 8
  Rank = 185: 8 MeshBlocks, cost = 8
  Rank = 186: 8 MeshBlocks, cost = 8
  Rank = 187: 8 MeshBlocks, cost = 8
  Rank = 188: 8 MeshBlocks, cost = 8
  Rank = 189: 8 MeshBlocks, cost = 8
  Rank = 190: 8 MeshBlocks, cost = 8
  Rank = 191: 8 MeshBlocks, cost = 8
  Rank = 192: 8 MeshBlocks, cost = 8
  Rank = 193: 8 MeshBlocks, cost = 8
  Rank = 194: 8 MeshBlocks, cost = 8
  Rank = 195: 8 MeshBlocks, cost = 8
  Rank = 196: 8 MeshBlocks, cost = 8
  Rank = 197: 8 MeshBlocks, cost = 8
  Rank = 198: 8 MeshBlocks, cost = 8
  Rank = 199: 8 MeshBlocks, cost = 8
  Rank = 200: 8 MeshBlocks, cost = 8
  Rank = 201: 8 MeshBlocks, cost = 8
  Rank = 202: 8 MeshBlocks, cost = 8
  Rank = 203: 8 MeshBlocks, cost = 8
  Rank = 204: 8 MeshBlocks, cost = 8
  Rank = 205: 8 MeshBlocks, cost = 8
  Rank = 206: 8 MeshBlocks, cost = 8
  Rank = 207: 8 MeshBlocks, cost = 8
  Rank = 208: 8 MeshBlocks, cost = 8
  Rank = 209: 8 MeshBlocks, cost = 8
  Rank = 210: 8 MeshBlocks, cost = 8
  Rank = 211: 8 MeshBlocks, cost = 8
  Rank = 212: 8 MeshBlocks, cost = 8
  Rank = 213: 8 MeshBlocks, cost = 8
  Rank = 214: 8 MeshBlocks, cost = 8
  Rank = 215: 8 MeshBlocks, cost = 8
  Rank = 216: 8 MeshBlocks, cost = 8
  Rank = 217: 8 MeshBlocks, cost = 8
  Rank = 218: 8 MeshBlocks, cost = 8
  Rank = 219: 8 MeshBlocks, cost = 8
  Rank = 220: 8 MeshBlocks, cost = 8
  Rank = 221: 8 MeshBlocks, cost = 8
  Rank = 222: 8 MeshBlocks, cost = 8
  Rank = 223: 8 MeshBlocks, cost = 8
  Rank = 224: 8 MeshBlocks, cost = 8
  Rank = 225: 8 MeshBlocks, cost = 8
  Rank = 226: 8 MeshBlocks, cost = 8
  Rank = 227: 8 MeshBlocks, cost = 8
  Rank = 228: 8 MeshBlocks, cost = 8
  Rank = 229: 8 MeshBlocks, cost = 8
  Rank = 230: 8 MeshBlocks, cost = 8
  Rank = 231: 8 MeshBlocks, cost = 8
  Rank = 232: 8 MeshBlocks, cost = 8
  Rank = 233: 8 MeshBlocks, cost = 8
  Rank = 234: 8 MeshBlocks, cost = 8
  Rank = 235: 8 MeshBlocks, cost = 8
  Rank = 236: 8 MeshBlocks, cost = 8
  Rank = 237: 8 MeshBlocks, cost = 8
  Rank = 238: 8 MeshBlocks, cost = 8
  Rank = 239: 8 MeshBlocks, cost = 8
  Rank = 240: 8 MeshBlocks, cost = 8
  Rank = 241: 8 MeshBlocks, cost = 8
  Rank = 242: 8 MeshBlocks, cost = 8
  Rank = 243: 8 MeshBlocks, cost = 8
  Rank = 244: 8 MeshBlocks, cost = 8
  Rank = 245: 8 MeshBlocks, cost = 8
  Rank = 246: 8 MeshBlocks, cost = 8
  Rank = 247: 8 MeshBlocks, cost = 8
  Rank = 248: 8 MeshBlocks, cost = 8
  Rank = 249: 8 MeshBlocks, cost = 8
  Rank = 250: 8 MeshBlocks, cost = 8
  Rank = 251: 8 MeshBlocks, cost = 8
  Rank = 252: 8 MeshBlocks, cost = 8
  Rank = 253: 8 MeshBlocks, cost = 8
  Rank = 254: 8 MeshBlocks, cost = 8
  Rank = 255: 8 MeshBlocks, cost = 8
  Rank = 256: 8 MeshBlocks, cost = 8
  Rank = 257: 8 MeshBlocks, cost = 8
  Rank = 258: 8 MeshBlocks, cost = 8
  Rank = 259: 8 MeshBlocks, cost = 8
  Rank = 260: 8 MeshBlocks, cost = 8
  Rank = 261: 8 MeshBlocks, cost = 8
  Rank = 262: 8 MeshBlocks, cost = 8
  Rank = 263: 8 MeshBlocks, cost = 8
  Rank = 264: 8 MeshBlocks, cost = 8
  Rank = 265: 8 MeshBlocks, cost = 8
  Rank = 266: 8 MeshBlocks, cost = 8
  Rank = 267: 8 MeshBlocks, cost = 8
  Rank = 268: 8 MeshBlocks, cost = 8
  Rank = 269: 8 MeshBlocks, cost = 8
  Rank = 270: 8 MeshBlocks, cost = 8
  Rank = 271: 8 MeshBlocks, cost = 8
  Rank = 272: 8 MeshBlocks, cost = 8
  Rank = 273: 8 MeshBlocks, cost = 8
  Rank = 274: 8 MeshBlocks, cost = 8
  Rank = 275: 8 MeshBlocks, cost = 8
  Rank = 276: 8 MeshBlocks, cost = 8
  Rank = 277: 8 MeshBlocks, cost = 8
  Rank = 278: 8 MeshBlocks, cost = 8
  Rank = 279: 8 MeshBlocks, cost = 8
  Rank = 280: 8 MeshBlocks, cost = 8
  Rank = 281: 8 MeshBlocks, cost = 8
  Rank = 282: 8 MeshBlocks, cost = 8
  Rank = 283: 8 MeshBlocks, cost = 8
  Rank = 284: 8 MeshBlocks, cost = 8
  Rank = 285: 8 MeshBlocks, cost = 8
  Rank = 286: 8 MeshBlocks, cost = 8
  Rank = 287: 8 MeshBlocks, cost = 8
  Rank = 288: 8 MeshBlocks, cost = 8
  Rank = 289: 8 MeshBlocks, cost = 8
  Rank = 290: 8 MeshBlocks, cost = 8
  Rank = 291: 8 MeshBlocks, cost = 8
  Rank = 292: 8 MeshBlocks, cost = 8
  Rank = 293: 8 MeshBlocks, cost = 8
  Rank = 294: 8 MeshBlocks, cost = 8
  Rank = 295: 8 MeshBlocks, cost = 8
  Rank = 296: 8 MeshBlocks, cost = 8
  Rank = 297: 8 MeshBlocks, cost = 8
  Rank = 298: 8 MeshBlocks, cost = 8
  Rank = 299: 8 MeshBlocks, cost = 8
  Rank = 300: 8 MeshBlocks, cost = 8
  Rank = 301: 8 MeshBlocks, cost = 8
  Rank = 302: 8 MeshBlocks, cost = 8
  Rank = 303: 8 MeshBlocks, cost = 8
  Rank = 304: 8 MeshBlocks, cost = 8
  Rank = 305: 8 MeshBlocks, cost = 8
  Rank = 306: 8 MeshBlocks, cost = 8
  Rank = 307: 8 MeshBlocks, cost = 8
  Rank = 308: 8 MeshBlocks, cost = 8
  Rank = 309: 8 MeshBlocks, cost = 8
  Rank = 310: 8 MeshBlocks, cost = 8
  Rank = 311: 8 MeshBlocks, cost = 8
  Rank = 312: 8 MeshBlocks, cost = 8
  Rank = 313: 8 MeshBlocks, cost = 8
  Rank = 314: 8 MeshBlocks, cost = 8
  Rank = 315: 8 MeshBlocks, cost = 8
  Rank = 316: 8 MeshBlocks, cost = 8
  Rank = 317: 8 MeshBlocks, cost = 8
  Rank = 318: 8 MeshBlocks, cost = 8
  Rank = 319: 8 MeshBlocks, cost = 8
  Rank = 320: 8 MeshBlocks, cost = 8
  Rank = 321: 8 MeshBlocks, cost = 8
  Rank = 322: 8 MeshBlocks, cost = 8
  Rank = 323: 8 MeshBlocks, cost = 8
  Rank = 324: 8 MeshBlocks, cost = 8
  Rank = 325: 8 MeshBlocks, cost = 8
  Rank = 326: 8 MeshBlocks, cost = 8
  Rank = 327: 8 MeshBlocks, cost = 8
  Rank = 328: 8 MeshBlocks, cost = 8
  Rank = 329: 8 MeshBlocks, cost = 8
  Rank = 330: 8 MeshBlocks, cost = 8
  Rank = 331: 8 MeshBlocks, cost = 8
  Rank = 332: 8 MeshBlocks, cost = 8
  Rank = 333: 8 MeshBlocks, cost = 8
  Rank = 334: 8 MeshBlocks, cost = 8
  Rank = 335: 8 MeshBlocks, cost = 8
  Rank = 336: 8 MeshBlocks, cost = 8
  Rank = 337: 8 MeshBlocks, cost = 8
  Rank = 338: 8 MeshBlocks, cost = 8
  Rank = 339: 8 MeshBlocks, cost = 8
  Rank = 340: 8 MeshBlocks, cost = 8
  Rank = 341: 8 MeshBlocks, cost = 8
  Rank = 342: 8 MeshBlocks, cost = 8
  Rank = 343: 8 MeshBlocks, cost = 8
  Rank = 344: 8 MeshBlocks, cost = 8
  Rank = 345: 8 MeshBlocks, cost = 8
  Rank = 346: 8 MeshBlocks, cost = 8
  Rank = 347: 8 MeshBlocks, cost = 8
  Rank = 348: 8 MeshBlocks, cost = 8
  Rank = 349: 8 MeshBlocks, cost = 8
  Rank = 350: 8 MeshBlocks, cost = 8
  Rank = 351: 8 MeshBlocks, cost = 8
  Rank = 352: 8 MeshBlocks, cost = 8
  Rank = 353: 8 MeshBlocks, cost = 8
  Rank = 354: 8 MeshBlocks, cost = 8
  Rank = 355: 8 MeshBlocks, cost = 8
  Rank = 356: 8 MeshBlocks, cost = 8
  Rank = 357: 8 MeshBlocks, cost = 8
  Rank = 358: 8 MeshBlocks, cost = 8
  Rank = 359: 8 MeshBlocks, cost = 8
  Rank = 360: 8 MeshBlocks, cost = 8
  Rank = 361: 8 MeshBlocks, cost = 8
  Rank = 362: 8 MeshBlocks, cost = 8
  Rank = 363: 8 MeshBlocks, cost = 8
  Rank = 364: 8 MeshBlocks, cost = 8
  Rank = 365: 8 MeshBlocks, cost = 8
  Rank = 366: 8 MeshBlocks, cost = 8
  Rank = 367: 8 MeshBlocks, cost = 8
  Rank = 368: 8 MeshBlocks, cost = 8
  Rank = 369: 8 MeshBlocks, cost = 8
  Rank = 370: 8 MeshBlocks, cost = 8
  Rank = 371: 8 MeshBlocks, cost = 8
  Rank = 372: 8 MeshBlocks, cost = 8
  Rank = 373: 8 MeshBlocks, cost = 8
  Rank = 374: 8 MeshBlocks, cost = 8
  Rank = 375: 8 MeshBlocks, cost = 8
  Rank = 376: 8 MeshBlocks, cost = 8
  Rank = 377: 8 MeshBlocks, cost = 8
  Rank = 378: 8 MeshBlocks, cost = 8
  Rank = 379: 8 MeshBlocks, cost = 8
  Rank = 380: 8 MeshBlocks, cost = 8
  Rank = 381: 8 MeshBlocks, cost = 8
  Rank = 382: 8 MeshBlocks, cost = 8
  Rank = 383: 8 MeshBlocks, cost = 8
  Rank = 384: 8 MeshBlocks, cost = 8
  Rank = 385: 8 MeshBlocks, cost = 8
  Rank = 386: 8 MeshBlocks, cost = 8
  Rank = 387: 8 MeshBlocks, cost = 8
  Rank = 388: 8 MeshBlocks, cost = 8
  Rank = 389: 8 MeshBlocks, cost = 8
  Rank = 390: 8 MeshBlocks, cost = 8
  Rank = 391: 8 MeshBlocks, cost = 8
  Rank = 392: 8 MeshBlocks, cost = 8
  Rank = 393: 8 MeshBlocks, cost = 8
  Rank = 394: 8 MeshBlocks, cost = 8
  Rank = 395: 8 MeshBlocks, cost = 8
  Rank = 396: 8 MeshBlocks, cost = 8
  Rank = 397: 8 MeshBlocks, cost = 8
  Rank = 398: 8 MeshBlocks, cost = 8
  Rank = 399: 8 MeshBlocks, cost = 8
  Rank = 400: 8 MeshBlocks, cost = 8
  Rank = 401: 8 MeshBlocks, cost = 8
  Rank = 402: 8 MeshBlocks, cost = 8
  Rank = 403: 8 MeshBlocks, cost = 8
  Rank = 404: 8 MeshBlocks, cost = 8
  Rank = 405: 8 MeshBlocks, cost = 8
  Rank = 406: 8 MeshBlocks, cost = 8
  Rank = 407: 8 MeshBlocks, cost = 8
  Rank = 408: 8 MeshBlocks, cost = 8
  Rank = 409: 8 MeshBlocks, cost = 8
  Rank = 410: 8 MeshBlocks, cost = 8
  Rank = 411: 8 MeshBlocks, cost = 8
  Rank = 412: 8 MeshBlocks, cost = 8
  Rank = 413: 8 MeshBlocks, cost = 8
  Rank = 414: 8 MeshBlocks, cost = 8
  Rank = 415: 8 MeshBlocks, cost = 8
  Rank = 416: 8 MeshBlocks, cost = 8
  Rank = 417: 8 MeshBlocks, cost = 8
  Rank = 418: 8 MeshBlocks, cost = 8
  Rank = 419: 8 MeshBlocks, cost = 8
  Rank = 420: 8 MeshBlocks, cost = 8
  Rank = 421: 8 MeshBlocks, cost = 8
  Rank = 422: 8 MeshBlocks, cost = 8
  Rank = 423: 8 MeshBlocks, cost = 8
  Rank = 424: 8 MeshBlocks, cost = 8
  Rank = 425: 8 MeshBlocks, cost = 8
  Rank = 426: 8 MeshBlocks, cost = 8
  Rank = 427: 8 MeshBlocks, cost = 8
  Rank = 428: 8 MeshBlocks, cost = 8
  Rank = 429: 8 MeshBlocks, cost = 8
  Rank = 430: 8 MeshBlocks, cost = 8
  Rank = 431: 8 MeshBlocks, cost = 8
  Rank = 432: 8 MeshBlocks, cost = 8
  Rank = 433: 8 MeshBlocks, cost = 8
  Rank = 434: 8 MeshBlocks, cost = 8
  Rank = 435: 8 MeshBlocks, cost = 8
  Rank = 436: 8 MeshBlocks, cost = 8
  Rank = 437: 8 MeshBlocks, cost = 8
  Rank = 438: 8 MeshBlocks, cost = 8
  Rank = 439: 8 MeshBlocks, cost = 8
  Rank = 440: 8 MeshBlocks, cost = 8
  Rank = 441: 8 MeshBlocks, cost = 8
  Rank = 442: 8 MeshBlocks, cost = 8
  Rank = 443: 8 MeshBlocks, cost = 8
  Rank = 444: 8 MeshBlocks, cost = 8
  Rank = 445: 8 MeshBlocks, cost = 8
  Rank = 446: 8 MeshBlocks, cost = 8
  Rank = 447: 8 MeshBlocks, cost = 8
  Rank = 448: 8 MeshBlocks, cost = 8
  Rank = 449: 8 MeshBlocks, cost = 8
  Rank = 450: 8 MeshBlocks, cost = 8
  Rank = 451: 8 MeshBlocks, cost = 8
  Rank = 452: 8 MeshBlocks, cost = 8
  Rank = 453: 8 MeshBlocks, cost = 8
  Rank = 454: 8 MeshBlocks, cost = 8
  Rank = 455: 8 MeshBlocks, cost = 8
  Rank = 456: 8 MeshBlocks, cost = 8
  Rank = 457: 8 MeshBlocks, cost = 8
  Rank = 458: 8 MeshBlocks, cost = 8
  Rank = 459: 8 MeshBlocks, cost = 8
  Rank = 460: 8 MeshBlocks, cost = 8
  Rank = 461: 8 MeshBlocks, cost = 8
  Rank = 462: 8 MeshBlocks, cost = 8
  Rank = 463: 8 MeshBlocks, cost = 8
  Rank = 464: 8 MeshBlocks, cost = 8
  Rank = 465: 8 MeshBlocks, cost = 8
  Rank = 466: 8 MeshBlocks, cost = 8
  Rank = 467: 8 MeshBlocks, cost = 8
  Rank = 468: 8 MeshBlocks, cost = 8
  Rank = 469: 8 MeshBlocks, cost = 8
  Rank = 470: 8 MeshBlocks, cost = 8
  Rank = 471: 8 MeshBlocks, cost = 8
  Rank = 472: 8 MeshBlocks, cost = 8
  Rank = 473: 8 MeshBlocks, cost = 8
  Rank = 474: 8 MeshBlocks, cost = 8
  Rank = 475: 8 MeshBlocks, cost = 8
  Rank = 476: 8 MeshBlocks, cost = 8
  Rank = 477: 8 MeshBlocks, cost = 8
  Rank = 478: 8 MeshBlocks, cost = 8
  Rank = 479: 8 MeshBlocks, cost = 8
  Rank = 480: 8 MeshBlocks, cost = 8
  Rank = 481: 8 MeshBlocks, cost = 8
  Rank = 482: 8 MeshBlocks, cost = 8
  Rank = 483: 8 MeshBlocks, cost = 8
  Rank = 484: 8 MeshBlocks, cost = 8
  Rank = 485: 8 MeshBlocks, cost = 8
  Rank = 486: 8 MeshBlocks, cost = 8
  Rank = 487: 8 MeshBlocks, cost = 8
  Rank = 488: 8 MeshBlocks, cost = 8
  Rank = 489: 8 MeshBlocks, cost = 8
  Rank = 490: 8 MeshBlocks, cost = 8
  Rank = 491: 8 MeshBlocks, cost = 8
  Rank = 492: 8 MeshBlocks, cost = 8
  Rank = 493: 8 MeshBlocks, cost = 8
  Rank = 494: 8 MeshBlocks, cost = 8
  Rank = 495: 8 MeshBlocks, cost = 8
  Rank = 496: 8 MeshBlocks, cost = 8
  Rank = 497: 8 MeshBlocks, cost = 8
  Rank = 498: 8 MeshBlocks, cost = 8
  Rank = 499: 8 MeshBlocks, cost = 8
  Rank = 500: 8 MeshBlocks, cost = 8
  Rank = 501: 8 MeshBlocks, cost = 8
  Rank = 502: 8 MeshBlocks, cost = 8
  Rank = 503: 8 MeshBlocks, cost = 8
  Rank = 504: 8 MeshBlocks, cost = 8
  Rank = 505: 8 MeshBlocks, cost = 8
  Rank = 506: 8 MeshBlocks, cost = 8
  Rank = 507: 8 MeshBlocks, cost = 8
  Rank = 508: 8 MeshBlocks, cost = 8
  Rank = 509: 8 MeshBlocks, cost = 8
  Rank = 510: 8 MeshBlocks, cost = 8
  Rank = 511: 8 MeshBlocks, cost = 8
  Rank = 512: 8 MeshBlocks, cost = 8
  Rank = 513: 8 MeshBlocks, cost = 8
  Rank = 514: 8 MeshBlocks, cost = 8
  Rank = 515: 8 MeshBlocks, cost = 8
  Rank = 516: 8 MeshBlocks, cost = 8
  Rank = 517: 8 MeshBlocks, cost = 8
  Rank = 518: 8 MeshBlocks, cost = 8
  Rank = 519: 8 MeshBlocks, cost = 8
  Rank = 520: 8 MeshBlocks, cost = 8
  Rank = 521: 8 MeshBlocks, cost = 8
  Rank = 522: 8 MeshBlocks, cost = 8
  Rank = 523: 8 MeshBlocks, cost = 8
  Rank = 524: 8 MeshBlocks, cost = 8
  Rank = 525: 8 MeshBlocks, cost = 8
  Rank = 526: 8 MeshBlocks, cost = 8
  Rank = 527: 8 MeshBlocks, cost = 8
  Rank = 528: 8 MeshBlocks, cost = 8
  Rank = 529: 8 MeshBlocks, cost = 8
  Rank = 530: 8 MeshBlocks, cost = 8
  Rank = 531: 8 MeshBlocks, cost = 8
  Rank = 532: 8 MeshBlocks, cost = 8
  Rank = 533: 8 MeshBlocks, cost = 8
  Rank = 534: 8 MeshBlocks, cost = 8
  Rank = 535: 8 MeshBlocks, cost = 8
  Rank = 536: 8 MeshBlocks, cost = 8
  Rank = 537: 8 MeshBlocks, cost = 8
  Rank = 538: 8 MeshBlocks, cost = 8
  Rank = 539: 8 MeshBlocks, cost = 8
  Rank = 540: 8 MeshBlocks, cost = 8
  Rank = 541: 8 MeshBlocks, cost = 8
  Rank = 542: 8 MeshBlocks, cost = 8
  Rank = 543: 8 MeshBlocks, cost = 8
  Rank = 544: 8 MeshBlocks, cost = 8
  Rank = 545: 8 MeshBlocks, cost = 8
  Rank = 546: 8 MeshBlocks, cost = 8
  Rank = 547: 8 MeshBlocks, cost = 8
  Rank = 548: 8 MeshBlocks, cost = 8
  Rank = 549: 8 MeshBlocks, cost = 8
  Rank = 550: 8 MeshBlocks, cost = 8
  Rank = 551: 8 MeshBlocks, cost = 8
  Rank = 552: 8 MeshBlocks, cost = 8
  Rank = 553: 8 MeshBlocks, cost = 8
  Rank = 554: 8 MeshBlocks, cost = 8
  Rank = 555: 8 MeshBlocks, cost = 8
  Rank = 556: 8 MeshBlocks, cost = 8
  Rank = 557: 8 MeshBlocks, cost = 8
  Rank = 558: 8 MeshBlocks, cost = 8
  Rank = 559: 8 MeshBlocks, cost = 8
  Rank = 560: 8 MeshBlocks, cost = 8
  Rank = 561: 8 MeshBlocks, cost = 8
  Rank = 562: 8 MeshBlocks, cost = 8
  Rank = 563: 8 MeshBlocks, cost = 8
  Rank = 564: 8 MeshBlocks, cost = 8
  Rank = 565: 8 MeshBlocks, cost = 8
  Rank = 566: 8 MeshBlocks, cost = 8
  Rank = 567: 8 MeshBlocks, cost = 8
  Rank = 568: 8 MeshBlocks, cost = 8
  Rank = 569: 8 MeshBlocks, cost = 8
  Rank = 570: 8 MeshBlocks, cost = 8
  Rank = 571: 8 MeshBlocks, cost = 8
  Rank = 572: 8 MeshBlocks, cost = 8
  Rank = 573: 8 MeshBlocks, cost = 8
  Rank = 574: 8 MeshBlocks, cost = 8
  Rank = 575: 8 MeshBlocks, cost = 8
  Rank = 576: 8 MeshBlocks, cost = 8
  Rank = 577: 8 MeshBlocks, cost = 8
  Rank = 578: 8 MeshBlocks, cost = 8
  Rank = 579: 8 MeshBlocks, cost = 8
  Rank = 580: 8 MeshBlocks, cost = 8
  Rank = 581: 8 MeshBlocks, cost = 8
  Rank = 582: 8 MeshBlocks, cost = 8
  Rank = 583: 8 MeshBlocks, cost = 8
  Rank = 584: 8 MeshBlocks, cost = 8
  Rank = 585: 8 MeshBlocks, cost = 8
  Rank = 586: 8 MeshBlocks, cost = 8
  Rank = 587: 8 MeshBlocks, cost = 8
  Rank = 588: 8 MeshBlocks, cost = 8
  Rank = 589: 8 MeshBlocks, cost = 8
  Rank = 590: 8 MeshBlocks, cost = 8
  Rank = 591: 8 MeshBlocks, cost = 8
  Rank = 592: 8 MeshBlocks, cost = 8
  Rank = 593: 8 MeshBlocks, cost = 8
  Rank = 594: 8 MeshBlocks, cost = 8
  Rank = 595: 8 MeshBlocks, cost = 8
  Rank = 596: 8 MeshBlocks, cost = 8
  Rank = 597: 8 MeshBlocks, cost = 8
  Rank = 598: 8 MeshBlocks, cost = 8
  Rank = 599: 8 MeshBlocks, cost = 8
  Rank = 600: 8 MeshBlocks, cost = 8
  Rank = 601: 8 MeshBlocks, cost = 8
  Rank = 602: 8 MeshBlocks, cost = 8
  Rank = 603: 8 MeshBlocks, cost = 8
  Rank = 604: 8 MeshBlocks, cost = 8
  Rank = 605: 8 MeshBlocks, cost = 8
  Rank = 606: 8 MeshBlocks, cost = 8
  Rank = 607: 8 MeshBlocks, cost = 8
  Rank = 608: 8 MeshBlocks, cost = 8
  Rank = 609: 8 MeshBlocks, cost = 8
  Rank = 610: 8 MeshBlocks, cost = 8
  Rank = 611: 8 MeshBlocks, cost = 8
  Rank = 612: 8 MeshBlocks, cost = 8
  Rank = 613: 8 MeshBlocks, cost = 8
  Rank = 614: 8 MeshBlocks, cost = 8
  Rank = 615: 8 MeshBlocks, cost = 8
  Rank = 616: 8 MeshBlocks, cost = 8
  Rank = 617: 8 MeshBlocks, cost = 8
  Rank = 618: 8 MeshBlocks, cost = 8
  Rank = 619: 8 MeshBlocks, cost = 8
  Rank = 620: 8 MeshBlocks, cost = 8
  Rank = 621: 8 MeshBlocks, cost = 8
  Rank = 622: 8 MeshBlocks, cost = 8
  Rank = 623: 8 MeshBlocks, cost = 8
  Rank = 624: 8 MeshBlocks, cost = 8
  Rank = 625: 8 MeshBlocks, cost = 8
  Rank = 626: 8 MeshBlocks, cost = 8
  Rank = 627: 8 MeshBlocks, cost = 8
  Rank = 628: 8 MeshBlocks, cost = 8
  Rank = 629: 8 MeshBlocks, cost = 8
  Rank = 630: 8 MeshBlocks, cost = 8
  Rank = 631: 8 MeshBlocks, cost = 8
  Rank = 632: 8 MeshBlocks, cost = 8
  Rank = 633: 8 MeshBlocks, cost = 8
  Rank = 634: 8 MeshBlocks, cost = 8
  Rank = 635: 8 MeshBlocks, cost = 8
  Rank = 636: 8 MeshBlocks, cost = 8
  Rank = 637: 8 MeshBlocks, cost = 8
  Rank = 638: 8 MeshBlocks, cost = 8
  Rank = 639: 8 MeshBlocks, cost = 8
  Rank = 640: 8 MeshBlocks, cost = 8
  Rank = 641: 8 MeshBlocks, cost = 8
  Rank = 642: 8 MeshBlocks, cost = 8
  Rank = 643: 8 MeshBlocks, cost = 8
  Rank = 644: 8 MeshBlocks, cost = 8
  Rank = 645: 8 MeshBlocks, cost = 8
  Rank = 646: 8 MeshBlocks, cost = 8
  Rank = 647: 8 MeshBlocks, cost = 8
  Rank = 648: 8 MeshBlocks, cost = 8
  Rank = 649: 8 MeshBlocks, cost = 8
  Rank = 650: 8 MeshBlocks, cost = 8
  Rank = 651: 8 MeshBlocks, cost = 8
  Rank = 652: 8 MeshBlocks, cost = 8
  Rank = 653: 8 MeshBlocks, cost = 8
  Rank = 654: 8 MeshBlocks, cost = 8
  Rank = 655: 8 MeshBlocks, cost = 8
  Rank = 656: 8 MeshBlocks, cost = 8
  Rank = 657: 8 MeshBlocks, cost = 8
  Rank = 658: 8 MeshBlocks, cost = 8
  Rank = 659: 8 MeshBlocks, cost = 8
  Rank = 660: 8 MeshBlocks, cost = 8
  Rank = 661: 8 MeshBlocks, cost = 8
  Rank = 662: 8 MeshBlocks, cost = 8
  Rank = 663: 8 MeshBlocks, cost = 8
  Rank = 664: 8 MeshBlocks, cost = 8
  Rank = 665: 8 MeshBlocks, cost = 8
  Rank = 666: 8 MeshBlocks, cost = 8
  Rank = 667: 8 MeshBlocks, cost = 8
  Rank = 668: 8 MeshBlocks, cost = 8
  Rank = 669: 8 MeshBlocks, cost = 8
  Rank = 670: 8 MeshBlocks, cost = 8
  Rank = 671: 8 MeshBlocks, cost = 8
  Rank = 672: 8 MeshBlocks, cost = 8
  Rank = 673: 8 MeshBlocks, cost = 8
  Rank = 674: 8 MeshBlocks, cost = 8
  Rank = 675: 8 MeshBlocks, cost = 8
  Rank = 676: 8 MeshBlocks, cost = 8
  Rank = 677: 8 MeshBlocks, cost = 8
  Rank = 678: 8 MeshBlocks, cost = 8
  Rank = 679: 8 MeshBlocks, cost = 8
  Rank = 680: 8 MeshBlocks, cost = 8
  Rank = 681: 8 MeshBlocks, cost = 8
  Rank = 682: 8 MeshBlocks, cost = 8
  Rank = 683: 8 MeshBlocks, cost = 8
  Rank = 684: 8 MeshBlocks, cost = 8
  Rank = 685: 8 MeshBlocks, cost = 8
  Rank = 686: 8 MeshBlocks, cost = 8
  Rank = 687: 8 MeshBlocks, cost = 8
  Rank = 688: 8 MeshBlocks, cost = 8
  Rank = 689: 8 MeshBlocks, cost = 8
  Rank = 690: 8 MeshBlocks, cost = 8
  Rank = 691: 8 MeshBlocks, cost = 8
  Rank = 692: 8 MeshBlocks, cost = 8
  Rank = 693: 8 MeshBlocks, cost = 8
  Rank = 694: 8 MeshBlocks, cost = 8
  Rank = 695: 8 MeshBlocks, cost = 8
  Rank = 696: 8 MeshBlocks, cost = 8
  Rank = 697: 8 MeshBlocks, cost = 8
  Rank = 698: 8 MeshBlocks, cost = 8
  Rank = 699: 8 MeshBlocks, cost = 8
  Rank = 700: 8 MeshBlocks, cost = 8
  Rank = 701: 8 MeshBlocks, cost = 8
  Rank = 702: 8 MeshBlocks, cost = 8
  Rank = 703: 8 MeshBlocks, cost = 8
  Rank = 704: 8 MeshBlocks, cost = 8
  Rank = 705: 8 MeshBlocks, cost = 8
  Rank = 706: 8 MeshBlocks, cost = 8
  Rank = 707: 8 MeshBlocks, cost = 8
  Rank = 708: 8 MeshBlocks, cost = 8
  Rank = 709: 8 MeshBlocks, cost = 8
  Rank = 710: 8 MeshBlocks, cost = 8
  Rank = 711: 8 MeshBlocks, cost = 8
  Rank = 712: 8 MeshBlocks, cost = 8
  Rank = 713: 8 MeshBlocks, cost = 8
  Rank = 714: 8 MeshBlocks, cost = 8
  Rank = 715: 8 MeshBlocks, cost = 8
  Rank = 716: 8 MeshBlocks, cost = 8
  Rank = 717: 8 MeshBlocks, cost = 8
  Rank = 718: 8 MeshBlocks, cost = 8
  Rank = 719: 8 MeshBlocks, cost = 8
  Rank = 720: 8 MeshBlocks, cost = 8
  Rank = 721: 8 MeshBlocks, cost = 8
  Rank = 722: 8 MeshBlocks, cost = 8
  Rank = 723: 8 MeshBlocks, cost = 8
  Rank = 724: 8 MeshBlocks, cost = 8
  Rank = 725: 8 MeshBlocks, cost = 8
  Rank = 726: 8 MeshBlocks, cost = 8
  Rank = 727: 8 MeshBlocks, cost = 8
  Rank = 728: 8 MeshBlocks, cost = 8
  Rank = 729: 8 MeshBlocks, cost = 8
  Rank = 730: 8 MeshBlocks, cost = 8
  Rank = 731: 8 MeshBlocks, cost = 8
  Rank = 732: 8 MeshBlocks, cost = 8
  Rank = 733: 8 MeshBlocks, cost = 8
  Rank = 734: 8 MeshBlocks, cost = 8
  Rank = 735: 8 MeshBlocks, cost = 8
  Rank = 736: 8 MeshBlocks, cost = 8
  Rank = 737: 8 MeshBlocks, cost = 8
  Rank = 738: 8 MeshBlocks, cost = 8
  Rank = 739: 8 MeshBlocks, cost = 8
  Rank = 740: 8 MeshBlocks, cost = 8
  Rank = 741: 8 MeshBlocks, cost = 8
  Rank = 742: 8 MeshBlocks, cost = 8
  Rank = 743: 8 MeshBlocks, cost = 8
  Rank = 744: 8 MeshBlocks, cost = 8
  Rank = 745: 8 MeshBlocks, cost = 8
  Rank = 746: 8 MeshBlocks, cost = 8
  Rank = 747: 8 MeshBlocks, cost = 8
  Rank = 748: 8 MeshBlocks, cost = 8
  Rank = 749: 8 MeshBlocks, cost = 8
  Rank = 750: 8 MeshBlocks, cost = 8
  Rank = 751: 8 MeshBlocks, cost = 8
  Rank = 752: 8 MeshBlocks, cost = 8
  Rank = 753: 8 MeshBlocks, cost = 8
  Rank = 754: 8 MeshBlocks, cost = 8
  Rank = 755: 8 MeshBlocks, cost = 8
  Rank = 756: 8 MeshBlocks, cost = 8
  Rank = 757: 8 MeshBlocks, cost = 8
  Rank = 758: 8 MeshBlocks, cost = 8
  Rank = 759: 8 MeshBlocks, cost = 8
  Rank = 760: 8 MeshBlocks, cost = 8
  Rank = 761: 8 MeshBlocks, cost = 8
  Rank = 762: 8 MeshBlocks, cost = 8
  Rank = 763: 8 MeshBlocks, cost = 8
  Rank = 764: 8 MeshBlocks, cost = 8
  Rank = 765: 8 MeshBlocks, cost = 8
  Rank = 766: 8 MeshBlocks, cost = 8
  Rank = 767: 8 MeshBlocks, cost = 8
  Rank = 768: 8 MeshBlocks, cost = 8
  Rank = 769: 8 MeshBlocks, cost = 8
  Rank = 770: 8 MeshBlocks, cost = 8
  Rank = 771: 8 MeshBlocks, cost = 8
  Rank = 772: 8 MeshBlocks, cost = 8
  Rank = 773: 8 MeshBlocks, cost = 8
  Rank = 774: 8 MeshBlocks, cost = 8
  Rank = 775: 8 MeshBlocks, cost = 8
  Rank = 776: 8 MeshBlocks, cost = 8
  Rank = 777: 8 MeshBlocks, cost = 8
  Rank = 778: 8 MeshBlocks, cost = 8
  Rank = 779: 8 MeshBlocks, cost = 8
  Rank = 780: 8 MeshBlocks, cost = 8
  Rank = 781: 8 MeshBlocks, cost = 8
  Rank = 782: 8 MeshBlocks, cost = 8
  Rank = 783: 8 MeshBlocks, cost = 8
  Rank = 784: 8 MeshBlocks, cost = 8
  Rank = 785: 8 MeshBlocks, cost = 8
  Rank = 786: 8 MeshBlocks, cost = 8
  Rank = 787: 8 MeshBlocks, cost = 8
  Rank = 788: 8 MeshBlocks, cost = 8
  Rank = 789: 8 MeshBlocks, cost = 8
  Rank = 790: 8 MeshBlocks, cost = 8
  Rank = 791: 8 MeshBlocks, cost = 8
  Rank = 792: 8 MeshBlocks, cost = 8
  Rank = 793: 8 MeshBlocks, cost = 8
  Rank = 794: 8 MeshBlocks, cost = 8
  Rank = 795: 8 MeshBlocks, cost = 8
  Rank = 796: 8 MeshBlocks, cost = 8
  Rank = 797: 8 MeshBlocks, cost = 8
  Rank = 798: 8 MeshBlocks, cost = 8
  Rank = 799: 8 MeshBlocks, cost = 8
  Rank = 800: 8 MeshBlocks, cost = 8
  Rank = 801: 8 MeshBlocks, cost = 8
  Rank = 802: 8 MeshBlocks, cost = 8
  Rank = 803: 8 MeshBlocks, cost = 8
  Rank = 804: 8 MeshBlocks, cost = 8
  Rank = 805: 8 MeshBlocks, cost = 8
  Rank = 806: 8 MeshBlocks, cost = 8
  Rank = 807: 8 MeshBlocks, cost = 8
  Rank = 808: 8 MeshBlocks, cost = 8
  Rank = 809: 8 MeshBlocks, cost = 8
  Rank = 810: 8 MeshBlocks, cost = 8
  Rank = 811: 8 MeshBlocks, cost = 8
  Rank = 812: 8 MeshBlocks, cost = 8
  Rank = 813: 8 MeshBlocks, cost = 8
  Rank = 814: 8 MeshBlocks, cost = 8
  Rank = 815: 8 MeshBlocks, cost = 8
  Rank = 816: 8 MeshBlocks, cost = 8
  Rank = 817: 8 MeshBlocks, cost = 8
  Rank = 818: 8 MeshBlocks, cost = 8
  Rank = 819: 8 MeshBlocks, cost = 8
  Rank = 820: 8 MeshBlocks, cost = 8
  Rank = 821: 8 MeshBlocks, cost = 8
  Rank = 822: 8 MeshBlocks, cost = 8
  Rank = 823: 8 MeshBlocks, cost = 8
  Rank = 824: 8 MeshBlocks, cost = 8
  Rank = 825: 8 MeshBlocks, cost = 8
  Rank = 826: 8 MeshBlocks, cost = 8
  Rank = 827: 8 MeshBlocks, cost = 8
  Rank = 828: 8 MeshBlocks, cost = 8
  Rank = 829: 8 MeshBlocks, cost = 8
  Rank = 830: 8 MeshBlocks, cost = 8
  Rank = 831: 8 MeshBlocks, cost = 8
  Rank = 832: 8 MeshBlocks, cost = 8
  Rank = 833: 8 MeshBlocks, cost = 8
  Rank = 834: 8 MeshBlocks, cost = 8
  Rank = 835: 8 MeshBlocks, cost = 8
  Rank = 836: 8 MeshBlocks, cost = 8
  Rank = 837: 8 MeshBlocks, cost = 8
  Rank = 838: 8 MeshBlocks, cost = 8
  Rank = 839: 8 MeshBlocks, cost = 8
  Rank = 840: 8 MeshBlocks, cost = 8
  Rank = 841: 8 MeshBlocks, cost = 8
  Rank = 842: 8 MeshBlocks, cost = 8
  Rank = 843: 8 MeshBlocks, cost = 8
  Rank = 844: 8 MeshBlocks, cost = 8
  Rank = 845: 8 MeshBlocks, cost = 8
  Rank = 846: 8 MeshBlocks, cost = 8
  Rank = 847: 8 MeshBlocks, cost = 8
  Rank = 848: 8 MeshBlocks, cost = 8
  Rank = 849: 8 MeshBlocks, cost = 8
  Rank = 850: 8 MeshBlocks, cost = 8
  Rank = 851: 8 MeshBlocks, cost = 8
  Rank = 852: 8 MeshBlocks, cost = 8
  Rank = 853: 8 MeshBlocks, cost = 8
  Rank = 854: 8 MeshBlocks, cost = 8
  Rank = 855: 8 MeshBlocks, cost = 8
  Rank = 856: 8 MeshBlocks, cost = 8
  Rank = 857: 8 MeshBlocks, cost = 8
  Rank = 858: 8 MeshBlocks, cost = 8
  Rank = 859: 8 MeshBlocks, cost = 8
  Rank = 860: 8 MeshBlocks, cost = 8
  Rank = 861: 8 MeshBlocks, cost = 8
  Rank = 862: 8 MeshBlocks, cost = 8
  Rank = 863: 8 MeshBlocks, cost = 8
  Rank = 864: 8 MeshBlocks, cost = 8
  Rank = 865: 8 MeshBlocks, cost = 8
  Rank = 866: 8 MeshBlocks, cost = 8
  Rank = 867: 8 MeshBlocks, cost = 8
  Rank = 868: 8 MeshBlocks, cost = 8
  Rank = 869: 8 MeshBlocks, cost = 8
  Rank = 870: 8 MeshBlocks, cost = 8
  Rank = 871: 8 MeshBlocks, cost = 8
  Rank = 872: 8 MeshBlocks, cost = 8
  Rank = 873: 8 MeshBlocks, cost = 8
  Rank = 874: 8 MeshBlocks, cost = 8
  Rank = 875: 8 MeshBlocks, cost = 8
  Rank = 876: 8 MeshBlocks, cost = 8
  Rank = 877: 8 MeshBlocks, cost = 8
  Rank = 878: 8 MeshBlocks, cost = 8
  Rank = 879: 8 MeshBlocks, cost = 8
  Rank = 880: 8 MeshBlocks, cost = 8
  Rank = 881: 8 MeshBlocks, cost = 8
  Rank = 882: 8 MeshBlocks, cost = 8
  Rank = 883: 8 MeshBlocks, cost = 8
  Rank = 884: 8 MeshBlocks, cost = 8
  Rank = 885: 8 MeshBlocks, cost = 8
  Rank = 886: 8 MeshBlocks, cost = 8
  Rank = 887: 8 MeshBlocks, cost = 8
  Rank = 888: 8 MeshBlocks, cost = 8
  Rank = 889: 8 MeshBlocks, cost = 8
  Rank = 890: 8 MeshBlocks, cost = 8
  Rank = 891: 8 MeshBlocks, cost = 8
  Rank = 892: 8 MeshBlocks, cost = 8
  Rank = 893: 8 MeshBlocks, cost = 8
  Rank = 894: 8 MeshBlocks, cost = 8
  Rank = 895: 8 MeshBlocks, cost = 8
  Rank = 896: 8 MeshBlocks, cost = 8
  Rank = 897: 8 MeshBlocks, cost = 8
  Rank = 898: 8 MeshBlocks, cost = 8
  Rank = 899: 8 MeshBlocks, cost = 8
  Rank = 900: 8 MeshBlocks, cost = 8
  Rank = 901: 8 MeshBlocks, cost = 8
  Rank = 902: 8 MeshBlocks, cost = 8
  Rank = 903: 8 MeshBlocks, cost = 8
  Rank = 904: 8 MeshBlocks, cost = 8
  Rank = 905: 8 MeshBlocks, cost = 8
  Rank = 906: 8 MeshBlocks, cost = 8
  Rank = 907: 8 MeshBlocks, cost = 8
  Rank = 908: 8 MeshBlocks, cost = 8
  Rank = 909: 8 MeshBlocks, cost = 8
  Rank = 910: 8 MeshBlocks, cost = 8
  Rank = 911: 8 MeshBlocks, cost = 8
  Rank = 912: 8 MeshBlocks, cost = 8
  Rank = 913: 8 MeshBlocks, cost = 8
  Rank = 914: 8 MeshBlocks, cost = 8
  Rank = 915: 8 MeshBlocks, cost = 8
  Rank = 916: 8 MeshBlocks, cost = 8
  Rank = 917: 8 MeshBlocks, cost = 8
  Rank = 918: 8 MeshBlocks, cost = 8
  Rank = 919: 8 MeshBlocks, cost = 8
  Rank = 920: 8 MeshBlocks, cost = 8
  Rank = 921: 8 MeshBlocks, cost = 8
  Rank = 922: 8 MeshBlocks, cost = 8
  Rank = 923: 8 MeshBlocks, cost = 8
  Rank = 924: 8 MeshBlocks, cost = 8
  Rank = 925: 8 MeshBlocks, cost = 8
  Rank = 926: 8 MeshBlocks, cost = 8
  Rank = 927: 8 MeshBlocks, cost = 8
  Rank = 928: 8 MeshBlocks, cost = 8
  Rank = 929: 8 MeshBlocks, cost = 8
  Rank = 930: 8 MeshBlocks, cost = 8
  Rank = 931: 8 MeshBlocks, cost = 8
  Rank = 932: 8 MeshBlocks, cost = 8
  Rank = 933: 8 MeshBlocks, cost = 8
  Rank = 934: 8 MeshBlocks, cost = 8
  Rank = 935: 8 MeshBlocks, cost = 8
  Rank = 936: 8 MeshBlocks, cost = 8
  Rank = 937: 8 MeshBlocks, cost = 8
  Rank = 938: 8 MeshBlocks, cost = 8
  Rank = 939: 8 MeshBlocks, cost = 8
  Rank = 940: 8 MeshBlocks, cost = 8
  Rank = 941: 8 MeshBlocks, cost = 8
  Rank = 942: 8 MeshBlocks, cost = 8
  Rank = 943: 8 MeshBlocks, cost = 8
  Rank = 944: 8 MeshBlocks, cost = 8
  Rank = 945: 8 MeshBlocks, cost = 8
  Rank = 946: 8 MeshBlocks, cost = 8
  Rank = 947: 8 MeshBlocks, cost = 8
  Rank = 948: 8 MeshBlocks, cost = 8
  Rank = 949: 8 MeshBlocks, cost = 8
  Rank = 950: 8 MeshBlocks, cost = 8
  Rank = 951: 8 MeshBlocks, cost = 8
  Rank = 952: 8 MeshBlocks, cost = 8
  Rank = 953: 8 MeshBlocks, cost = 8
  Rank = 954: 8 MeshBlocks, cost = 8
  Rank = 955: 8 MeshBlocks, cost = 8
  Rank = 956: 8 MeshBlocks, cost = 8
  Rank = 957: 8 MeshBlocks, cost = 8
  Rank = 958: 8 MeshBlocks, cost = 8
  Rank = 959: 8 MeshBlocks, cost = 8
  Rank = 960: 8 MeshBlocks, cost = 8
  Rank = 961: 8 MeshBlocks, cost = 8
  Rank = 962: 8 MeshBlocks, cost = 8
  Rank = 963: 8 MeshBlocks, cost = 8
  Rank = 964: 8 MeshBlocks, cost = 8
  Rank = 965: 8 MeshBlocks, cost = 8
  Rank = 966: 8 MeshBlocks, cost = 8
  Rank = 967: 8 MeshBlocks, cost = 8
  Rank = 968: 8 MeshBlocks, cost = 8
  Rank = 969: 8 MeshBlocks, cost = 8
  Rank = 970: 8 MeshBlocks, cost = 8
  Rank = 971: 8 MeshBlocks, cost = 8
  Rank = 972: 8 MeshBlocks, cost = 8
  Rank = 973: 8 MeshBlocks, cost = 8
  Rank = 974: 8 MeshBlocks, cost = 8
  Rank = 975: 8 MeshBlocks, cost = 8
  Rank = 976: 8 MeshBlocks, cost = 8
  Rank = 977: 8 MeshBlocks, cost = 8
  Rank = 978: 8 MeshBlocks, cost = 8
  Rank = 979: 8 MeshBlocks, cost = 8
  Rank = 980: 8 MeshBlocks, cost = 8
  Rank = 981: 8 MeshBlocks, cost = 8
  Rank = 982: 8 MeshBlocks, cost = 8
  Rank = 983: 8 MeshBlocks, cost = 8
  Rank = 984: 8 MeshBlocks, cost = 8
  Rank = 985: 8 MeshBlocks, cost = 8
  Rank = 986: 8 MeshBlocks, cost = 8
  Rank = 987: 8 MeshBlocks, cost = 8
  Rank = 988: 8 MeshBlocks, cost = 8
  Rank = 989: 8 MeshBlocks, cost = 8
  Rank = 990: 8 MeshBlocks, cost = 8
  Rank = 991: 8 MeshBlocks, cost = 8
  Rank = 992: 8 MeshBlocks, cost = 8
  Rank = 993: 8 MeshBlocks, cost = 8
  Rank = 994: 8 MeshBlocks, cost = 8
  Rank = 995: 8 MeshBlocks, cost = 8
  Rank = 996: 8 MeshBlocks, cost = 8
  Rank = 997: 8 MeshBlocks, cost = 8
  Rank = 998: 8 MeshBlocks, cost = 8
  Rank = 999: 8 MeshBlocks, cost = 8
  Rank = 1000: 8 MeshBlocks, cost = 8
  Rank = 1001: 8 MeshBlocks, cost = 8
  Rank = 1002: 8 MeshBlocks, cost = 8
  Rank = 1003: 8 MeshBlocks, cost = 8
  Rank = 1004: 8 MeshBlocks, cost = 8
  Rank = 1005: 8 MeshBlocks, cost = 8
  Rank = 1006: 8 MeshBlocks, cost = 8
  Rank = 1007: 8 MeshBlocks, cost = 8
  Rank = 1008: 8 MeshBlocks, cost = 8
  Rank = 1009: 8 MeshBlocks, cost = 8
  Rank = 1010: 8 MeshBlocks, cost = 8
  Rank = 1011: 8 MeshBlocks, cost = 8
  Rank = 1012: 8 MeshBlocks, cost = 8
  Rank = 1013: 8 MeshBlocks, cost = 8
  Rank = 1014: 8 MeshBlocks, cost = 8
  Rank = 1015: 8 MeshBlocks, cost = 8
  Rank = 1016: 8 MeshBlocks, cost = 8
  Rank = 1017: 8 MeshBlocks, cost = 8
  Rank = 1018: 8 MeshBlocks, cost = 8
  Rank = 1019: 8 MeshBlocks, cost = 8
  Rank = 1020: 8 MeshBlocks, cost = 8
  Rank = 1021: 8 MeshBlocks, cost = 8
  Rank = 1022: 8 MeshBlocks, cost = 8
  Rank = 1023: 8 MeshBlocks, cost = 8
  Rank = 1024: 8 MeshBlocks, cost = 8
  Rank = 1025: 8 MeshBlocks, cost = 8
  Rank = 1026: 8 MeshBlocks, cost = 8
  Rank = 1027: 8 MeshBlocks, cost = 8
  Rank = 1028: 8 MeshBlocks, cost = 8
  Rank = 1029: 8 MeshBlocks, cost = 8
  Rank = 1030: 8 MeshBlocks, cost = 8
  Rank = 1031: 8 MeshBlocks, cost = 8
  Rank = 1032: 8 MeshBlocks, cost = 8
  Rank = 1033: 8 MeshBlocks, cost = 8
  Rank = 1034: 8 MeshBlocks, cost = 8
  Rank = 1035: 8 MeshBlocks, cost = 8
  Rank = 1036: 8 MeshBlocks, cost = 8
  Rank = 1037: 8 MeshBlocks, cost = 8
  Rank = 1038: 8 MeshBlocks, cost = 8
  Rank = 1039: 8 MeshBlocks, cost = 8
  Rank = 1040: 8 MeshBlocks, cost = 8
  Rank = 1041: 8 MeshBlocks, cost = 8
  Rank = 1042: 8 MeshBlocks, cost = 8
  Rank = 1043: 8 MeshBlocks, cost = 8
  Rank = 1044: 8 MeshBlocks, cost = 8
  Rank = 1045: 8 MeshBlocks, cost = 8
  Rank = 1046: 8 MeshBlocks, cost = 8
  Rank = 1047: 8 MeshBlocks, cost = 8
  Rank = 1048: 8 MeshBlocks, cost = 8
  Rank = 1049: 8 MeshBlocks, cost = 8
  Rank = 1050: 8 MeshBlocks, cost = 8
  Rank = 1051: 8 MeshBlocks, cost = 8
  Rank = 1052: 8 MeshBlocks, cost = 8
  Rank = 1053: 8 MeshBlocks, cost = 8
  Rank = 1054: 8 MeshBlocks, cost = 8
  Rank = 1055: 8 MeshBlocks, cost = 8
  Rank = 1056: 8 MeshBlocks, cost = 8
  Rank = 1057: 8 MeshBlocks, cost = 8
  Rank = 1058: 8 MeshBlocks, cost = 8
  Rank = 1059: 8 MeshBlocks, cost = 8
  Rank = 1060: 8 MeshBlocks, cost = 8
  Rank = 1061: 8 MeshBlocks, cost = 8
  Rank = 1062: 8 MeshBlocks, cost = 8
  Rank = 1063: 8 MeshBlocks, cost = 8
  Rank = 1064: 8 MeshBlocks, cost = 8
  Rank = 1065: 8 MeshBlocks, cost = 8
  Rank = 1066: 8 MeshBlocks, cost = 8
  Rank = 1067: 8 MeshBlocks, cost = 8
  Rank = 1068: 8 MeshBlocks, cost = 8
  Rank = 1069: 8 MeshBlocks, cost = 8
  Rank = 1070: 8 MeshBlocks, cost = 8
  Rank = 1071: 8 MeshBlocks, cost = 8
  Rank = 1072: 8 MeshBlocks, cost = 8
  Rank = 1073: 8 MeshBlocks, cost = 8
  Rank = 1074: 8 MeshBlocks, cost = 8
  Rank = 1075: 8 MeshBlocks, cost = 8
  Rank = 1076: 8 MeshBlocks, cost = 8
  Rank = 1077: 8 MeshBlocks, cost = 8
  Rank = 1078: 8 MeshBlocks, cost = 8
  Rank = 1079: 8 MeshBlocks, cost = 8
  Rank = 1080: 8 MeshBlocks, cost = 8
  Rank = 1081: 8 MeshBlocks, cost = 8
  Rank = 1082: 8 MeshBlocks, cost = 8
  Rank = 1083: 8 MeshBlocks, cost = 8
  Rank = 1084: 8 MeshBlocks, cost = 8
  Rank = 1085: 8 MeshBlocks, cost = 8
  Rank = 1086: 8 MeshBlocks, cost = 8
  Rank = 1087: 8 MeshBlocks, cost = 8
  Rank = 1088: 8 MeshBlocks, cost = 8
  Rank = 1089: 8 MeshBlocks, cost = 8
  Rank = 1090: 8 MeshBlocks, cost = 8
  Rank = 1091: 8 MeshBlocks, cost = 8
  Rank = 1092: 8 MeshBlocks, cost = 8
  Rank = 1093: 8 MeshBlocks, cost = 8
  Rank = 1094: 8 MeshBlocks, cost = 8
  Rank = 1095: 8 MeshBlocks, cost = 8
  Rank = 1096: 8 MeshBlocks, cost = 8
  Rank = 1097: 8 MeshBlocks, cost = 8
  Rank = 1098: 8 MeshBlocks, cost = 8
  Rank = 1099: 8 MeshBlocks, cost = 8
  Rank = 1100: 8 MeshBlocks, cost = 8
  Rank = 1101: 8 MeshBlocks, cost = 8
  Rank = 1102: 8 MeshBlocks, cost = 8
  Rank = 1103: 8 MeshBlocks, cost = 8
  Rank = 1104: 8 MeshBlocks, cost = 8
  Rank = 1105: 8 MeshBlocks, cost = 8
  Rank = 1106: 8 MeshBlocks, cost = 8
  Rank = 1107: 8 MeshBlocks, cost = 8
  Rank = 1108: 8 MeshBlocks, cost = 8
  Rank = 1109: 8 MeshBlocks, cost = 8
  Rank = 1110: 8 MeshBlocks, cost = 8
  Rank = 1111: 8 MeshBlocks, cost = 8
  Rank = 1112: 8 MeshBlocks, cost = 8
  Rank = 1113: 8 MeshBlocks, cost = 8
  Rank = 1114: 8 MeshBlocks, cost = 8
  Rank = 1115: 8 MeshBlocks, cost = 8
  Rank = 1116: 8 MeshBlocks, cost = 8
  Rank = 1117: 8 MeshBlocks, cost = 8
  Rank = 1118: 8 MeshBlocks, cost = 8
  Rank = 1119: 8 MeshBlocks, cost = 8
  Rank = 1120: 8 MeshBlocks, cost = 8
  Rank = 1121: 8 MeshBlocks, cost = 8
  Rank = 1122: 8 MeshBlocks, cost = 8
  Rank = 1123: 8 MeshBlocks, cost = 8
  Rank = 1124: 8 MeshBlocks, cost = 8
  Rank = 1125: 8 MeshBlocks, cost = 8
  Rank = 1126: 8 MeshBlocks, cost = 8
  Rank = 1127: 8 MeshBlocks, cost = 8
  Rank = 1128: 8 MeshBlocks, cost = 8
  Rank = 1129: 8 MeshBlocks, cost = 8
  Rank = 1130: 8 MeshBlocks, cost = 8
  Rank = 1131: 8 MeshBlocks, cost = 8
  Rank = 1132: 8 MeshBlocks, cost = 8
  Rank = 1133: 8 MeshBlocks, cost = 8
  Rank = 1134: 8 MeshBlocks, cost = 8
  Rank = 1135: 8 MeshBlocks, cost = 8
  Rank = 1136: 8 MeshBlocks, cost = 8
  Rank = 1137: 8 MeshBlocks, cost = 8
  Rank = 1138: 8 MeshBlocks, cost = 8
  Rank = 1139: 8 MeshBlocks, cost = 8
  Rank = 1140: 8 MeshBlocks, cost = 8
  Rank = 1141: 8 MeshBlocks, cost = 8
  Rank = 1142: 8 MeshBlocks, cost = 8
  Rank = 1143: 8 MeshBlocks, cost = 8
  Rank = 1144: 8 MeshBlocks, cost = 8
  Rank = 1145: 8 MeshBlocks, cost = 8
  Rank = 1146: 8 MeshBlocks, cost = 8
  Rank = 1147: 8 MeshBlocks, cost = 8
  Rank = 1148: 8 MeshBlocks, cost = 8
  Rank = 1149: 8 MeshBlocks, cost = 8
  Rank = 1150: 8 MeshBlocks, cost = 8
  Rank = 1151: 8 MeshBlocks, cost = 8
  Rank = 1152: 8 MeshBlocks, cost = 8
  Rank = 1153: 8 MeshBlocks, cost = 8
  Rank = 1154: 8 MeshBlocks, cost = 8
  Rank = 1155: 8 MeshBlocks, cost = 8
  Rank = 1156: 8 MeshBlocks, cost = 8
  Rank = 1157: 8 MeshBlocks, cost = 8
  Rank = 1158: 8 MeshBlocks, cost = 8
  Rank = 1159: 8 MeshBlocks, cost = 8
  Rank = 1160: 8 MeshBlocks, cost = 8
  Rank = 1161: 8 MeshBlocks, cost = 8
  Rank = 1162: 8 MeshBlocks, cost = 8
  Rank = 1163: 8 MeshBlocks, cost = 8
  Rank = 1164: 8 MeshBlocks, cost = 8
  Rank = 1165: 8 MeshBlocks, cost = 8
  Rank = 1166: 8 MeshBlocks, cost = 8
  Rank = 1167: 8 MeshBlocks, cost = 8
  Rank = 1168: 8 MeshBlocks, cost = 8
  Rank = 1169: 8 MeshBlocks, cost = 8
  Rank = 1170: 8 MeshBlocks, cost = 8
  Rank = 1171: 8 MeshBlocks, cost = 8
  Rank = 1172: 8 MeshBlocks, cost = 8
  Rank = 1173: 8 MeshBlocks, cost = 8
  Rank = 1174: 8 MeshBlocks, cost = 8
  Rank = 1175: 8 MeshBlocks, cost = 8
  Rank = 1176: 8 MeshBlocks, cost = 8
  Rank = 1177: 8 MeshBlocks, cost = 8
  Rank = 1178: 8 MeshBlocks, cost = 8
  Rank = 1179: 8 MeshBlocks, cost = 8
  Rank = 1180: 8 MeshBlocks, cost = 8
  Rank = 1181: 8 MeshBlocks, cost = 8
  Rank = 1182: 8 MeshBlocks, cost = 8
  Rank = 1183: 8 MeshBlocks, cost = 8
  Rank = 1184: 8 MeshBlocks, cost = 8
  Rank = 1185: 8 MeshBlocks, cost = 8
  Rank = 1186: 8 MeshBlocks, cost = 8
  Rank = 1187: 8 MeshBlocks, cost = 8
  Rank = 1188: 8 MeshBlocks, cost = 8
  Rank = 1189: 8 MeshBlocks, cost = 8
  Rank = 1190: 8 MeshBlocks, cost = 8
  Rank = 1191: 8 MeshBlocks, cost = 8
  Rank = 1192: 8 MeshBlocks, cost = 8
  Rank = 1193: 8 MeshBlocks, cost = 8
  Rank = 1194: 8 MeshBlocks, cost = 8
  Rank = 1195: 8 MeshBlocks, cost = 8
  Rank = 1196: 8 MeshBlocks, cost = 8
  Rank = 1197: 8 MeshBlocks, cost = 8
  Rank = 1198: 8 MeshBlocks, cost = 8
  Rank = 1199: 8 MeshBlocks, cost = 8
  Rank = 1200: 8 MeshBlocks, cost = 8
  Rank = 1201: 8 MeshBlocks, cost = 8
  Rank = 1202: 8 MeshBlocks, cost = 8
  Rank = 1203: 8 MeshBlocks, cost = 8
  Rank = 1204: 8 MeshBlocks, cost = 8
  Rank = 1205: 8 MeshBlocks, cost = 8
  Rank = 1206: 8 MeshBlocks, cost = 8
  Rank = 1207: 8 MeshBlocks, cost = 8
  Rank = 1208: 8 MeshBlocks, cost = 8
  Rank = 1209: 8 MeshBlocks, cost = 8
  Rank = 1210: 8 MeshBlocks, cost = 8
  Rank = 1211: 8 MeshBlocks, cost = 8
  Rank = 1212: 8 MeshBlocks, cost = 8
  Rank = 1213: 8 MeshBlocks, cost = 8
  Rank = 1214: 8 MeshBlocks, cost = 8
  Rank = 1215: 8 MeshBlocks, cost = 8
  Rank = 1216: 8 MeshBlocks, cost = 8
  Rank = 1217: 8 MeshBlocks, cost = 8
  Rank = 1218: 8 MeshBlocks, cost = 8
  Rank = 1219: 8 MeshBlocks, cost = 8
  Rank = 1220: 8 MeshBlocks, cost = 8
  Rank = 1221: 8 MeshBlocks, cost = 8
  Rank = 1222: 8 MeshBlocks, cost = 8
  Rank = 1223: 8 MeshBlocks, cost = 8
  Rank = 1224: 8 MeshBlocks, cost = 8
  Rank = 1225: 8 MeshBlocks, cost = 8
  Rank = 1226: 8 MeshBlocks, cost = 8
  Rank = 1227: 8 MeshBlocks, cost = 8
  Rank = 1228: 8 MeshBlocks, cost = 8
  Rank = 1229: 8 MeshBlocks, cost = 8
  Rank = 1230: 8 MeshBlocks, cost = 8
  Rank = 1231: 8 MeshBlocks, cost = 8
  Rank = 1232: 8 MeshBlocks, cost = 8
  Rank = 1233: 8 MeshBlocks, cost = 8
  Rank = 1234: 8 MeshBlocks, cost = 8
  Rank = 1235: 8 MeshBlocks, cost = 8
  Rank = 1236: 8 MeshBlocks, cost = 8
  Rank = 1237: 8 MeshBlocks, cost = 8
  Rank = 1238: 8 MeshBlocks, cost = 8
  Rank = 1239: 8 MeshBlocks, cost = 8
  Rank = 1240: 8 MeshBlocks, cost = 8
  Rank = 1241: 8 MeshBlocks, cost = 8
  Rank = 1242: 8 MeshBlocks, cost = 8
  Rank = 1243: 8 MeshBlocks, cost = 8
  Rank = 1244: 8 MeshBlocks, cost = 8
  Rank = 1245: 8 MeshBlocks, cost = 8
  Rank = 1246: 8 MeshBlocks, cost = 8
  Rank = 1247: 8 MeshBlocks, cost = 8
  Rank = 1248: 8 MeshBlocks, cost = 8
  Rank = 1249: 8 MeshBlocks, cost = 8
  Rank = 1250: 8 MeshBlocks, cost = 8
  Rank = 1251: 8 MeshBlocks, cost = 8
  Rank = 1252: 8 MeshBlocks, cost = 8
  Rank = 1253: 8 MeshBlocks, cost = 8
  Rank = 1254: 8 MeshBlocks, cost = 8
  Rank = 1255: 8 MeshBlocks, cost = 8
  Rank = 1256: 8 MeshBlocks, cost = 8
  Rank = 1257: 8 MeshBlocks, cost = 8
  Rank = 1258: 8 MeshBlocks, cost = 8
  Rank = 1259: 8 MeshBlocks, cost = 8
  Rank = 1260: 8 MeshBlocks, cost = 8
  Rank = 1261: 8 MeshBlocks, cost = 8
  Rank = 1262: 8 MeshBlocks, cost = 8
  Rank = 1263: 8 MeshBlocks, cost = 8
  Rank = 1264: 8 MeshBlocks, cost = 8
  Rank = 1265: 8 MeshBlocks, cost = 8
  Rank = 1266: 8 MeshBlocks, cost = 8
  Rank = 1267: 8 MeshBlocks, cost = 8
  Rank = 1268: 8 MeshBlocks, cost = 8
  Rank = 1269: 8 MeshBlocks, cost = 8
  Rank = 1270: 8 MeshBlocks, cost = 8
  Rank = 1271: 8 MeshBlocks, cost = 8
  Rank = 1272: 8 MeshBlocks, cost = 8
  Rank = 1273: 8 MeshBlocks, cost = 8
  Rank = 1274: 8 MeshBlocks, cost = 8
  Rank = 1275: 8 MeshBlocks, cost = 8
  Rank = 1276: 8 MeshBlocks, cost = 8
  Rank = 1277: 8 MeshBlocks, cost = 8
  Rank = 1278: 8 MeshBlocks, cost = 8
  Rank = 1279: 8 MeshBlocks, cost = 8
  Rank = 1280: 8 MeshBlocks, cost = 8
  Rank = 1281: 8 MeshBlocks, cost = 8
  Rank = 1282: 8 MeshBlocks, cost = 8
  Rank = 1283: 8 MeshBlocks, cost = 8
  Rank = 1284: 8 MeshBlocks, cost = 8
  Rank = 1285: 8 MeshBlocks, cost = 8
  Rank = 1286: 8 MeshBlocks, cost = 8
  Rank = 1287: 8 MeshBlocks, cost = 8
  Rank = 1288: 8 MeshBlocks, cost = 8
  Rank = 1289: 8 MeshBlocks, cost = 8
  Rank = 1290: 8 MeshBlocks, cost = 8
  Rank = 1291: 8 MeshBlocks, cost = 8
  Rank = 1292: 8 MeshBlocks, cost = 8
  Rank = 1293: 8 MeshBlocks, cost = 8
  Rank = 1294: 8 MeshBlocks, cost = 8
  Rank = 1295: 8 MeshBlocks, cost = 8
  Rank = 1296: 8 MeshBlocks, cost = 8
  Rank = 1297: 8 MeshBlocks, cost = 8
  Rank = 1298: 8 MeshBlocks, cost = 8
  Rank = 1299: 8 MeshBlocks, cost = 8
  Rank = 1300: 8 MeshBlocks, cost = 8
  Rank = 1301: 8 MeshBlocks, cost = 8
  Rank = 1302: 8 MeshBlocks, cost = 8
  Rank = 1303: 8 MeshBlocks, cost = 8
  Rank = 1304: 8 MeshBlocks, cost = 8
  Rank = 1305: 8 MeshBlocks, cost = 8
  Rank = 1306: 8 MeshBlocks, cost = 8
  Rank = 1307: 8 MeshBlocks, cost = 8
  Rank = 1308: 8 MeshBlocks, cost = 8
  Rank = 1309: 8 MeshBlocks, cost = 8
  Rank = 1310: 8 MeshBlocks, cost = 8
  Rank = 1311: 8 MeshBlocks, cost = 8
  Rank = 1312: 8 MeshBlocks, cost = 8
  Rank = 1313: 8 MeshBlocks, cost = 8
  Rank = 1314: 8 MeshBlocks, cost = 8
  Rank = 1315: 8 MeshBlocks, cost = 8
  Rank = 1316: 8 MeshBlocks, cost = 8
  Rank = 1317: 8 MeshBlocks, cost = 8
  Rank = 1318: 8 MeshBlocks, cost = 8
  Rank = 1319: 8 MeshBlocks, cost = 8
  Rank = 1320: 8 MeshBlocks, cost = 8
  Rank = 1321: 8 MeshBlocks, cost = 8
  Rank = 1322: 8 MeshBlocks, cost = 8
  Rank = 1323: 8 MeshBlocks, cost = 8
  Rank = 1324: 8 MeshBlocks, cost = 8
  Rank = 1325: 8 MeshBlocks, cost = 8
  Rank = 1326: 8 MeshBlocks, cost = 8
  Rank = 1327: 8 MeshBlocks, cost = 8
  Rank = 1328: 8 MeshBlocks, cost = 8
  Rank = 1329: 8 MeshBlocks, cost = 8
  Rank = 1330: 8 MeshBlocks, cost = 8
  Rank = 1331: 8 MeshBlocks, cost = 8
  Rank = 1332: 8 MeshBlocks, cost = 8
  Rank = 1333: 8 MeshBlocks, cost = 8
  Rank = 1334: 8 MeshBlocks, cost = 8
  Rank = 1335: 8 MeshBlocks, cost = 8
  Rank = 1336: 8 MeshBlocks, cost = 8
  Rank = 1337: 8 MeshBlocks, cost = 8
  Rank = 1338: 8 MeshBlocks, cost = 8
  Rank = 1339: 8 MeshBlocks, cost = 8
  Rank = 1340: 8 MeshBlocks, cost = 8
  Rank = 1341: 8 MeshBlocks, cost = 8
  Rank = 1342: 8 MeshBlocks, cost = 8
  Rank = 1343: 8 MeshBlocks, cost = 8
  Rank = 1344: 8 MeshBlocks, cost = 8
  Rank = 1345: 8 MeshBlocks, cost = 8
  Rank = 1346: 8 MeshBlocks, cost = 8
  Rank = 1347: 8 MeshBlocks, cost = 8
  Rank = 1348: 8 MeshBlocks, cost = 8
  Rank = 1349: 8 MeshBlocks, cost = 8
  Rank = 1350: 8 MeshBlocks, cost = 8
  Rank = 1351: 8 MeshBlocks, cost = 8
  Rank = 1352: 8 MeshBlocks, cost = 8
  Rank = 1353: 8 MeshBlocks, cost = 8
  Rank = 1354: 8 MeshBlocks, cost = 8
  Rank = 1355: 8 MeshBlocks, cost = 8
  Rank = 1356: 8 MeshBlocks, cost = 8
  Rank = 1357: 8 MeshBlocks, cost = 8
  Rank = 1358: 8 MeshBlocks, cost = 8
  Rank = 1359: 8 MeshBlocks, cost = 8
  Rank = 1360: 8 MeshBlocks, cost = 8
  Rank = 1361: 8 MeshBlocks, cost = 8
  Rank = 1362: 8 MeshBlocks, cost = 8
  Rank = 1363: 8 MeshBlocks, cost = 8
  Rank = 1364: 8 MeshBlocks, cost = 8
  Rank = 1365: 8 MeshBlocks, cost = 8
  Rank = 1366: 8 MeshBlocks, cost = 8
  Rank = 1367: 8 MeshBlocks, cost = 8
  Rank = 1368: 8 MeshBlocks, cost = 8
  Rank = 1369: 8 MeshBlocks, cost = 8
  Rank = 1370: 8 MeshBlocks, cost = 8
  Rank = 1371: 8 MeshBlocks, cost = 8
  Rank = 1372: 8 MeshBlocks, cost = 8
  Rank = 1373: 8 MeshBlocks, cost = 8
  Rank = 1374: 8 MeshBlocks, cost = 8
  Rank = 1375: 8 MeshBlocks, cost = 8
  Rank = 1376: 8 MeshBlocks, cost = 8
  Rank = 1377: 8 MeshBlocks, cost = 8
  Rank = 1378: 8 MeshBlocks, cost = 8
  Rank = 1379: 8 MeshBlocks, cost = 8
  Rank = 1380: 8 MeshBlocks, cost = 8
  Rank = 1381: 8 MeshBlocks, cost = 8
  Rank = 1382: 8 MeshBlocks, cost = 8
  Rank = 1383: 8 MeshBlocks, cost = 8
  Rank = 1384: 8 MeshBlocks, cost = 8
  Rank = 1385: 8 MeshBlocks, cost = 8
  Rank = 1386: 8 MeshBlocks, cost = 8
  Rank = 1387: 8 MeshBlocks, cost = 8
  Rank = 1388: 8 MeshBlocks, cost = 8
  Rank = 1389: 8 MeshBlocks, cost = 8
  Rank = 1390: 8 MeshBlocks, cost = 8
  Rank = 1391: 8 MeshBlocks, cost = 8
  Rank = 1392: 8 MeshBlocks, cost = 8
  Rank = 1393: 8 MeshBlocks, cost = 8
  Rank = 1394: 8 MeshBlocks, cost = 8
  Rank = 1395: 8 MeshBlocks, cost = 8
  Rank = 1396: 8 MeshBlocks, cost = 8
  Rank = 1397: 8 MeshBlocks, cost = 8
  Rank = 1398: 8 MeshBlocks, cost = 8
  Rank = 1399: 8 MeshBlocks, cost = 8
  Rank = 1400: 8 MeshBlocks, cost = 8
  Rank = 1401: 8 MeshBlocks, cost = 8
  Rank = 1402: 8 MeshBlocks, cost = 8
  Rank = 1403: 8 MeshBlocks, cost = 8
  Rank = 1404: 8 MeshBlocks, cost = 8
  Rank = 1405: 8 MeshBlocks, cost = 8
  Rank = 1406: 8 MeshBlocks, cost = 8
  Rank = 1407: 8 MeshBlocks, cost = 8
  Rank = 1408: 8 MeshBlocks, cost = 8
  Rank = 1409: 8 MeshBlocks, cost = 8
  Rank = 1410: 8 MeshBlocks, cost = 8
  Rank = 1411: 8 MeshBlocks, cost = 8
  Rank = 1412: 8 MeshBlocks, cost = 8
  Rank = 1413: 8 MeshBlocks, cost = 8
  Rank = 1414: 8 MeshBlocks, cost = 8
  Rank = 1415: 8 MeshBlocks, cost = 8
  Rank = 1416: 8 MeshBlocks, cost = 8
  Rank = 1417: 8 MeshBlocks, cost = 8
  Rank = 1418: 8 MeshBlocks, cost = 8
  Rank = 1419: 8 MeshBlocks, cost = 8
  Rank = 1420: 8 MeshBlocks, cost = 8
  Rank = 1421: 8 MeshBlocks, cost = 8
  Rank = 1422: 8 MeshBlocks, cost = 8
  Rank = 1423: 8 MeshBlocks, cost = 8
  Rank = 1424: 8 MeshBlocks, cost = 8
  Rank = 1425: 8 MeshBlocks, cost = 8
  Rank = 1426: 8 MeshBlocks, cost = 8
  Rank = 1427: 8 MeshBlocks, cost = 8
  Rank = 1428: 8 MeshBlocks, cost = 8
  Rank = 1429: 8 MeshBlocks, cost = 8
  Rank = 1430: 8 MeshBlocks, cost = 8
  Rank = 1431: 8 MeshBlocks, cost = 8
  Rank = 1432: 8 MeshBlocks, cost = 8
  Rank = 1433: 8 MeshBlocks, cost = 8
  Rank = 1434: 8 MeshBlocks, cost = 8
  Rank = 1435: 8 MeshBlocks, cost = 8
  Rank = 1436: 8 MeshBlocks, cost = 8
  Rank = 1437: 8 MeshBlocks, cost = 8
  Rank = 1438: 8 MeshBlocks, cost = 8
  Rank = 1439: 8 MeshBlocks, cost = 8
  Rank = 1440: 8 MeshBlocks, cost = 8
  Rank = 1441: 8 MeshBlocks, cost = 8
  Rank = 1442: 8 MeshBlocks, cost = 8
  Rank = 1443: 8 MeshBlocks, cost = 8
  Rank = 1444: 8 MeshBlocks, cost = 8
  Rank = 1445: 8 MeshBlocks, cost = 8
  Rank = 1446: 8 MeshBlocks, cost = 8
  Rank = 1447: 8 MeshBlocks, cost = 8
  Rank = 1448: 8 MeshBlocks, cost = 8
  Rank = 1449: 8 MeshBlocks, cost = 8
  Rank = 1450: 8 MeshBlocks, cost = 8
  Rank = 1451: 8 MeshBlocks, cost = 8
  Rank = 1452: 8 MeshBlocks, cost = 8
  Rank = 1453: 8 MeshBlocks, cost = 8
  Rank = 1454: 8 MeshBlocks, cost = 8
  Rank = 1455: 8 MeshBlocks, cost = 8
  Rank = 1456: 8 MeshBlocks, cost = 8
  Rank = 1457: 8 MeshBlocks, cost = 8
  Rank = 1458: 8 MeshBlocks, cost = 8
  Rank = 1459: 8 MeshBlocks, cost = 8
  Rank = 1460: 8 MeshBlocks, cost = 8
  Rank = 1461: 8 MeshBlocks, cost = 8
  Rank = 1462: 8 MeshBlocks, cost = 8
  Rank = 1463: 8 MeshBlocks, cost = 8
  Rank = 1464: 8 MeshBlocks, cost = 8
  Rank = 1465: 8 MeshBlocks, cost = 8
  Rank = 1466: 8 MeshBlocks, cost = 8
  Rank = 1467: 8 MeshBlocks, cost = 8
  Rank = 1468: 8 MeshBlocks, cost = 8
  Rank = 1469: 8 MeshBlocks, cost = 8
  Rank = 1470: 8 MeshBlocks, cost = 8
  Rank = 1471: 8 MeshBlocks, cost = 8
  Rank = 1472: 8 MeshBlocks, cost = 8
  Rank = 1473: 8 MeshBlocks, cost = 8
  Rank = 1474: 8 MeshBlocks, cost = 8
  Rank = 1475: 8 MeshBlocks, cost = 8
  Rank = 1476: 8 MeshBlocks, cost = 8
  Rank = 1477: 8 MeshBlocks, cost = 8
  Rank = 1478: 8 MeshBlocks, cost = 8
  Rank = 1479: 8 MeshBlocks, cost = 8
  Rank = 1480: 8 MeshBlocks, cost = 8
  Rank = 1481: 8 MeshBlocks, cost = 8
  Rank = 1482: 8 MeshBlocks, cost = 8
  Rank = 1483: 8 MeshBlocks, cost = 8
  Rank = 1484: 8 MeshBlocks, cost = 8
  Rank = 1485: 8 MeshBlocks, cost = 8
  Rank = 1486: 8 MeshBlocks, cost = 8
  Rank = 1487: 8 MeshBlocks, cost = 8
  Rank = 1488: 8 MeshBlocks, cost = 8
  Rank = 1489: 8 MeshBlocks, cost = 8
  Rank = 1490: 8 MeshBlocks, cost = 8
  Rank = 1491: 8 MeshBlocks, cost = 8
  Rank = 1492: 8 MeshBlocks, cost = 8
  Rank = 1493: 8 MeshBlocks, cost = 8
  Rank = 1494: 8 MeshBlocks, cost = 8
  Rank = 1495: 8 MeshBlocks, cost = 8
  Rank = 1496: 8 MeshBlocks, cost = 8
  Rank = 1497: 8 MeshBlocks, cost = 8
  Rank = 1498: 8 MeshBlocks, cost = 8
  Rank = 1499: 8 MeshBlocks, cost = 8
  Rank = 1500: 8 MeshBlocks, cost = 8
  Rank = 1501: 8 MeshBlocks, cost = 8
  Rank = 1502: 8 MeshBlocks, cost = 8
  Rank = 1503: 8 MeshBlocks, cost = 8
  Rank = 1504: 8 MeshBlocks, cost = 8
  Rank = 1505: 8 MeshBlocks, cost = 8
  Rank = 1506: 8 MeshBlocks, cost = 8
  Rank = 1507: 8 MeshBlocks, cost = 8
  Rank = 1508: 8 MeshBlocks, cost = 8
  Rank = 1509: 8 MeshBlocks, cost = 8
  Rank = 1510: 8 MeshBlocks, cost = 8
  Rank = 1511: 8 MeshBlocks, cost = 8
  Rank = 1512: 8 MeshBlocks, cost = 8
  Rank = 1513: 8 MeshBlocks, cost = 8
  Rank = 1514: 8 MeshBlocks, cost = 8
  Rank = 1515: 8 MeshBlocks, cost = 8
  Rank = 1516: 8 MeshBlocks, cost = 8
  Rank = 1517: 8 MeshBlocks, cost = 8
  Rank = 1518: 8 MeshBlocks, cost = 8
  Rank = 1519: 8 MeshBlocks, cost = 8
  Rank = 1520: 8 MeshBlocks, cost = 8
  Rank = 1521: 8 MeshBlocks, cost = 8
  Rank = 1522: 8 MeshBlocks, cost = 8
  Rank = 1523: 8 MeshBlocks, cost = 8
  Rank = 1524: 8 MeshBlocks, cost = 8
  Rank = 1525: 8 MeshBlocks, cost = 8
  Rank = 1526: 8 MeshBlocks, cost = 8
  Rank = 1527: 8 MeshBlocks, cost = 8
  Rank = 1528: 8 MeshBlocks, cost = 8
  Rank = 1529: 8 MeshBlocks, cost = 8
  Rank = 1530: 8 MeshBlocks, cost = 8
  Rank = 1531: 8 MeshBlocks, cost = 8
  Rank = 1532: 8 MeshBlocks, cost = 8
  Rank = 1533: 8 MeshBlocks, cost = 8
  Rank = 1534: 8 MeshBlocks, cost = 8
  Rank = 1535: 8 MeshBlocks, cost = 8
  Rank = 1536: 8 MeshBlocks, cost = 8
  Rank = 1537: 8 MeshBlocks, cost = 8
  Rank = 1538: 8 MeshBlocks, cost = 8
  Rank = 1539: 8 MeshBlocks, cost = 8
  Rank = 1540: 8 MeshBlocks, cost = 8
  Rank = 1541: 8 MeshBlocks, cost = 8
  Rank = 1542: 8 MeshBlocks, cost = 8
  Rank = 1543: 8 MeshBlocks, cost = 8
  Rank = 1544: 8 MeshBlocks, cost = 8
  Rank = 1545: 8 MeshBlocks, cost = 8
  Rank = 1546: 8 MeshBlocks, cost = 8
  Rank = 1547: 8 MeshBlocks, cost = 8
  Rank = 1548: 8 MeshBlocks, cost = 8
  Rank = 1549: 8 MeshBlocks, cost = 8
  Rank = 1550: 8 MeshBlocks, cost = 8
  Rank = 1551: 8 MeshBlocks, cost = 8
  Rank = 1552: 8 MeshBlocks, cost = 8
  Rank = 1553: 8 MeshBlocks, cost = 8
  Rank = 1554: 8 MeshBlocks, cost = 8
  Rank = 1555: 8 MeshBlocks, cost = 8
  Rank = 1556: 8 MeshBlocks, cost = 8
  Rank = 1557: 8 MeshBlocks, cost = 8
  Rank = 1558: 8 MeshBlocks, cost = 8
  Rank = 1559: 8 MeshBlocks, cost = 8
  Rank = 1560: 8 MeshBlocks, cost = 8
  Rank = 1561: 8 MeshBlocks, cost = 8
  Rank = 1562: 8 MeshBlocks, cost = 8
  Rank = 1563: 8 MeshBlocks, cost = 8
  Rank = 1564: 8 MeshBlocks, cost = 8
  Rank = 1565: 8 MeshBlocks, cost = 8
  Rank = 1566: 8 MeshBlocks, cost = 8
  Rank = 1567: 8 MeshBlocks, cost = 8
  Rank = 1568: 8 MeshBlocks, cost = 8
  Rank = 1569: 8 MeshBlocks, cost = 8
  Rank = 1570: 8 MeshBlocks, cost = 8
  Rank = 1571: 8 MeshBlocks, cost = 8
  Rank = 1572: 8 MeshBlocks, cost = 8
  Rank = 1573: 8 MeshBlocks, cost = 8
  Rank = 1574: 8 MeshBlocks, cost = 8
  Rank = 1575: 8 MeshBlocks, cost = 8
  Rank = 1576: 8 MeshBlocks, cost = 8
  Rank = 1577: 8 MeshBlocks, cost = 8
  Rank = 1578: 8 MeshBlocks, cost = 8
  Rank = 1579: 8 MeshBlocks, cost = 8
  Rank = 1580: 8 MeshBlocks, cost = 8
  Rank = 1581: 8 MeshBlocks, cost = 8
  Rank = 1582: 8 MeshBlocks, cost = 8
  Rank = 1583: 8 MeshBlocks, cost = 8
  Rank = 1584: 8 MeshBlocks, cost = 8
  Rank = 1585: 8 MeshBlocks, cost = 8
  Rank = 1586: 8 MeshBlocks, cost = 8
  Rank = 1587: 8 MeshBlocks, cost = 8
  Rank = 1588: 8 MeshBlocks, cost = 8
  Rank = 1589: 8 MeshBlocks, cost = 8
  Rank = 1590: 8 MeshBlocks, cost = 8
  Rank = 1591: 8 MeshBlocks, cost = 8
  Rank = 1592: 8 MeshBlocks, cost = 8
  Rank = 1593: 8 MeshBlocks, cost = 8
  Rank = 1594: 8 MeshBlocks, cost = 8
  Rank = 1595: 8 MeshBlocks, cost = 8
  Rank = 1596: 8 MeshBlocks, cost = 8
  Rank = 1597: 8 MeshBlocks, cost = 8
  Rank = 1598: 8 MeshBlocks, cost = 8
  Rank = 1599: 8 MeshBlocks, cost = 8
  Rank = 1600: 8 MeshBlocks, cost = 8
  Rank = 1601: 8 MeshBlocks, cost = 8
  Rank = 1602: 8 MeshBlocks, cost = 8
  Rank = 1603: 8 MeshBlocks, cost = 8
  Rank = 1604: 8 MeshBlocks, cost = 8
  Rank = 1605: 8 MeshBlocks, cost = 8
  Rank = 1606: 8 MeshBlocks, cost = 8
  Rank = 1607: 8 MeshBlocks, cost = 8
  Rank = 1608: 8 MeshBlocks, cost = 8
  Rank = 1609: 8 MeshBlocks, cost = 8
  Rank = 1610: 8 MeshBlocks, cost = 8
  Rank = 1611: 8 MeshBlocks, cost = 8
  Rank = 1612: 8 MeshBlocks, cost = 8
  Rank = 1613: 8 MeshBlocks, cost = 8
  Rank = 1614: 8 MeshBlocks, cost = 8
  Rank = 1615: 8 MeshBlocks, cost = 8
  Rank = 1616: 8 MeshBlocks, cost = 8
  Rank = 1617: 8 MeshBlocks, cost = 8
  Rank = 1618: 8 MeshBlocks, cost = 8
  Rank = 1619: 8 MeshBlocks, cost = 8
  Rank = 1620: 8 MeshBlocks, cost = 8
  Rank = 1621: 8 MeshBlocks, cost = 8
  Rank = 1622: 8 MeshBlocks, cost = 8
  Rank = 1623: 8 MeshBlocks, cost = 8
  Rank = 1624: 8 MeshBlocks, cost = 8
  Rank = 1625: 8 MeshBlocks, cost = 8
  Rank = 1626: 8 MeshBlocks, cost = 8
  Rank = 1627: 8 MeshBlocks, cost = 8
  Rank = 1628: 8 MeshBlocks, cost = 8
  Rank = 1629: 8 MeshBlocks, cost = 8
  Rank = 1630: 8 MeshBlocks, cost = 8
  Rank = 1631: 8 MeshBlocks, cost = 8
  Rank = 1632: 8 MeshBlocks, cost = 8
  Rank = 1633: 8 MeshBlocks, cost = 8
  Rank = 1634: 8 MeshBlocks, cost = 8
  Rank = 1635: 8 MeshBlocks, cost = 8
  Rank = 1636: 8 MeshBlocks, cost = 8
  Rank = 1637: 8 MeshBlocks, cost = 8
  Rank = 1638: 8 MeshBlocks, cost = 8
  Rank = 1639: 8 MeshBlocks, cost = 8
  Rank = 1640: 8 MeshBlocks, cost = 8
  Rank = 1641: 8 MeshBlocks, cost = 8
  Rank = 1642: 8 MeshBlocks, cost = 8
  Rank = 1643: 8 MeshBlocks, cost = 8
  Rank = 1644: 8 MeshBlocks, cost = 8
  Rank = 1645: 8 MeshBlocks, cost = 8
  Rank = 1646: 8 MeshBlocks, cost = 8
  Rank = 1647: 8 MeshBlocks, cost = 8
  Rank = 1648: 8 MeshBlocks, cost = 8
  Rank = 1649: 8 MeshBlocks, cost = 8
  Rank = 1650: 8 MeshBlocks, cost = 8
  Rank = 1651: 8 MeshBlocks, cost = 8
  Rank = 1652: 8 MeshBlocks, cost = 8
  Rank = 1653: 8 MeshBlocks, cost = 8
  Rank = 1654: 8 MeshBlocks, cost = 8
  Rank = 1655: 8 MeshBlocks, cost = 8
  Rank = 1656: 8 MeshBlocks, cost = 8
  Rank = 1657: 8 MeshBlocks, cost = 8
  Rank = 1658: 8 MeshBlocks, cost = 8
  Rank = 1659: 8 MeshBlocks, cost = 8
  Rank = 1660: 8 MeshBlocks, cost = 8
  Rank = 1661: 8 MeshBlocks, cost = 8
  Rank = 1662: 8 MeshBlocks, cost = 8
  Rank = 1663: 8 MeshBlocks, cost = 8
  Rank = 1664: 8 MeshBlocks, cost = 8
  Rank = 1665: 8 MeshBlocks, cost = 8
  Rank = 1666: 8 MeshBlocks, cost = 8
  Rank = 1667: 8 MeshBlocks, cost = 8
  Rank = 1668: 8 MeshBlocks, cost = 8
  Rank = 1669: 8 MeshBlocks, cost = 8
  Rank = 1670: 8 MeshBlocks, cost = 8
  Rank = 1671: 8 MeshBlocks, cost = 8
  Rank = 1672: 8 MeshBlocks, cost = 8
  Rank = 1673: 8 MeshBlocks, cost = 8
  Rank = 1674: 8 MeshBlocks, cost = 8
  Rank = 1675: 8 MeshBlocks, cost = 8
  Rank = 1676: 8 MeshBlocks, cost = 8
  Rank = 1677: 8 MeshBlocks, cost = 8
  Rank = 1678: 8 MeshBlocks, cost = 8
  Rank = 1679: 8 MeshBlocks, cost = 8
  Rank = 1680: 8 MeshBlocks, cost = 8
  Rank = 1681: 8 MeshBlocks, cost = 8
  Rank = 1682: 8 MeshBlocks, cost = 8
  Rank = 1683: 8 MeshBlocks, cost = 8
  Rank = 1684: 8 MeshBlocks, cost = 8
  Rank = 1685: 8 MeshBlocks, cost = 8
  Rank = 1686: 8 MeshBlocks, cost = 8
  Rank = 1687: 8 MeshBlocks, cost = 8
  Rank = 1688: 8 MeshBlocks, cost = 8
  Rank = 1689: 8 MeshBlocks, cost = 8
  Rank = 1690: 8 MeshBlocks, cost = 8
  Rank = 1691: 8 MeshBlocks, cost = 8
  Rank = 1692: 8 MeshBlocks, cost = 8
  Rank = 1693: 8 MeshBlocks, cost = 8
  Rank = 1694: 8 MeshBlocks, cost = 8
  Rank = 1695: 8 MeshBlocks, cost = 8
  Rank = 1696: 8 MeshBlocks, cost = 8
  Rank = 1697: 8 MeshBlocks, cost = 8
  Rank = 1698: 8 MeshBlocks, cost = 8
  Rank = 1699: 8 MeshBlocks, cost = 8
  Rank = 1700: 8 MeshBlocks, cost = 8
  Rank = 1701: 8 MeshBlocks, cost = 8
  Rank = 1702: 8 MeshBlocks, cost = 8
  Rank = 1703: 8 MeshBlocks, cost = 8
  Rank = 1704: 8 MeshBlocks, cost = 8
  Rank = 1705: 8 MeshBlocks, cost = 8
  Rank = 1706: 8 MeshBlocks, cost = 8
  Rank = 1707: 8 MeshBlocks, cost = 8
  Rank = 1708: 8 MeshBlocks, cost = 8
  Rank = 1709: 8 MeshBlocks, cost = 8
  Rank = 1710: 8 MeshBlocks, cost = 8
  Rank = 1711: 8 MeshBlocks, cost = 8
  Rank = 1712: 8 MeshBlocks, cost = 8
  Rank = 1713: 8 MeshBlocks, cost = 8
  Rank = 1714: 8 MeshBlocks, cost = 8
  Rank = 1715: 8 MeshBlocks, cost = 8
  Rank = 1716: 8 MeshBlocks, cost = 8
  Rank = 1717: 8 MeshBlocks, cost = 8
  Rank = 1718: 8 MeshBlocks, cost = 8
  Rank = 1719: 8 MeshBlocks, cost = 8
  Rank = 1720: 8 MeshBlocks, cost = 8
  Rank = 1721: 8 MeshBlocks, cost = 8
  Rank = 1722: 8 MeshBlocks, cost = 8
  Rank = 1723: 8 MeshBlocks, cost = 8
  Rank = 1724: 8 MeshBlocks, cost = 8
  Rank = 1725: 8 MeshBlocks, cost = 8
  Rank = 1726: 8 MeshBlocks, cost = 8
  Rank = 1727: 8 MeshBlocks, cost = 8
  Rank = 1728: 8 MeshBlocks, cost = 8
  Rank = 1729: 8 MeshBlocks, cost = 8
  Rank = 1730: 8 MeshBlocks, cost = 8
  Rank = 1731: 8 MeshBlocks, cost = 8
  Rank = 1732: 8 MeshBlocks, cost = 8
  Rank = 1733: 8 MeshBlocks, cost = 8
  Rank = 1734: 8 MeshBlocks, cost = 8
  Rank = 1735: 8 MeshBlocks, cost = 8
  Rank = 1736: 8 MeshBlocks, cost = 8
  Rank = 1737: 8 MeshBlocks, cost = 8
  Rank = 1738: 8 MeshBlocks, cost = 8
  Rank = 1739: 8 MeshBlocks, cost = 8
  Rank = 1740: 8 MeshBlocks, cost = 8
  Rank = 1741: 8 MeshBlocks, cost = 8
  Rank = 1742: 8 MeshBlocks, cost = 8
  Rank = 1743: 8 MeshBlocks, cost = 8
  Rank = 1744: 8 MeshBlocks, cost = 8
  Rank = 1745: 8 MeshBlocks, cost = 8
  Rank = 1746: 8 MeshBlocks, cost = 8
  Rank = 1747: 8 MeshBlocks, cost = 8
  Rank = 1748: 8 MeshBlocks, cost = 8
  Rank = 1749: 8 MeshBlocks, cost = 8
  Rank = 1750: 8 MeshBlocks, cost = 8
  Rank = 1751: 8 MeshBlocks, cost = 8
  Rank = 1752: 8 MeshBlocks, cost = 8
  Rank = 1753: 8 MeshBlocks, cost = 8
  Rank = 1754: 8 MeshBlocks, cost = 8
  Rank = 1755: 8 MeshBlocks, cost = 8
  Rank = 1756: 8 MeshBlocks, cost = 8
  Rank = 1757: 8 MeshBlocks, cost = 8
  Rank = 1758: 8 MeshBlocks, cost = 8
  Rank = 1759: 8 MeshBlocks, cost = 8
  Rank = 1760: 8 MeshBlocks, cost = 8
  Rank = 1761: 8 MeshBlocks, cost = 8
  Rank = 1762: 8 MeshBlocks, cost = 8
  Rank = 1763: 8 MeshBlocks, cost = 8
  Rank = 1764: 8 MeshBlocks, cost = 8
  Rank = 1765: 8 MeshBlocks, cost = 8
  Rank = 1766: 8 MeshBlocks, cost = 8
  Rank = 1767: 8 MeshBlocks, cost = 8
  Rank = 1768: 8 MeshBlocks, cost = 8
  Rank = 1769: 8 MeshBlocks, cost = 8
  Rank = 1770: 8 MeshBlocks, cost = 8
  Rank = 1771: 8 MeshBlocks, cost = 8
  Rank = 1772: 8 MeshBlocks, cost = 8
  Rank = 1773: 8 MeshBlocks, cost = 8
  Rank = 1774: 8 MeshBlocks, cost = 8
  Rank = 1775: 8 MeshBlocks, cost = 8
  Rank = 1776: 8 MeshBlocks, cost = 8
  Rank = 1777: 8 MeshBlocks, cost = 8
  Rank = 1778: 8 MeshBlocks, cost = 8
  Rank = 1779: 8 MeshBlocks, cost = 8
  Rank = 1780: 8 MeshBlocks, cost = 8
  Rank = 1781: 8 MeshBlocks, cost = 8
  Rank = 1782: 8 MeshBlocks, cost = 8
  Rank = 1783: 8 MeshBlocks, cost = 8
  Rank = 1784: 8 MeshBlocks, cost = 8
  Rank = 1785: 8 MeshBlocks, cost = 8
  Rank = 1786: 8 MeshBlocks, cost = 8
  Rank = 1787: 8 MeshBlocks, cost = 8
  Rank = 1788: 8 MeshBlocks, cost = 8
  Rank = 1789: 8 MeshBlocks, cost = 8
  Rank = 1790: 8 MeshBlocks, cost = 8
  Rank = 1791: 8 MeshBlocks, cost = 8
  Rank = 1792: 8 MeshBlocks, cost = 8
  Rank = 1793: 8 MeshBlocks, cost = 8
  Rank = 1794: 8 MeshBlocks, cost = 8
  Rank = 1795: 8 MeshBlocks, cost = 8
  Rank = 1796: 8 MeshBlocks, cost = 8
  Rank = 1797: 8 MeshBlocks, cost = 8
  Rank = 1798: 8 MeshBlocks, cost = 8
  Rank = 1799: 8 MeshBlocks, cost = 8
  Rank = 1800: 8 MeshBlocks, cost = 8
  Rank = 1801: 8 MeshBlocks, cost = 8
  Rank = 1802: 8 MeshBlocks, cost = 8
  Rank = 1803: 8 MeshBlocks, cost = 8
  Rank = 1804: 8 MeshBlocks, cost = 8
  Rank = 1805: 8 MeshBlocks, cost = 8
  Rank = 1806: 8 MeshBlocks, cost = 8
  Rank = 1807: 8 MeshBlocks, cost = 8
  Rank = 1808: 8 MeshBlocks, cost = 8
  Rank = 1809: 8 MeshBlocks, cost = 8
  Rank = 1810: 8 MeshBlocks, cost = 8
  Rank = 1811: 8 MeshBlocks, cost = 8
  Rank = 1812: 8 MeshBlocks, cost = 8
  Rank = 1813: 8 MeshBlocks, cost = 8
  Rank = 1814: 8 MeshBlocks, cost = 8
  Rank = 1815: 8 MeshBlocks, cost = 8
  Rank = 1816: 8 MeshBlocks, cost = 8
  Rank = 1817: 8 MeshBlocks, cost = 8
  Rank = 1818: 8 MeshBlocks, cost = 8
  Rank = 1819: 8 MeshBlocks, cost = 8
  Rank = 1820: 8 MeshBlocks, cost = 8
  Rank = 1821: 8 MeshBlocks, cost = 8
  Rank = 1822: 8 MeshBlocks, cost = 8
  Rank = 1823: 8 MeshBlocks, cost = 8
  Rank = 1824: 8 MeshBlocks, cost = 8
  Rank = 1825: 8 MeshBlocks, cost = 8
  Rank = 1826: 8 MeshBlocks, cost = 8
  Rank = 1827: 8 MeshBlocks, cost = 8
  Rank = 1828: 8 MeshBlocks, cost = 8
  Rank = 1829: 8 MeshBlocks, cost = 8
  Rank = 1830: 8 MeshBlocks, cost = 8
  Rank = 1831: 8 MeshBlocks, cost = 8
  Rank = 1832: 8 MeshBlocks, cost = 8
  Rank = 1833: 8 MeshBlocks, cost = 8
  Rank = 1834: 8 MeshBlocks, cost = 8
  Rank = 1835: 8 MeshBlocks, cost = 8
  Rank = 1836: 8 MeshBlocks, cost = 8
  Rank = 1837: 8 MeshBlocks, cost = 8
  Rank = 1838: 8 MeshBlocks, cost = 8
  Rank = 1839: 8 MeshBlocks, cost = 8
  Rank = 1840: 8 MeshBlocks, cost = 8
  Rank = 1841: 8 MeshBlocks, cost = 8
  Rank = 1842: 8 MeshBlocks, cost = 8
  Rank = 1843: 8 MeshBlocks, cost = 8
  Rank = 1844: 8 MeshBlocks, cost = 8
  Rank = 1845: 8 MeshBlocks, cost = 8
  Rank = 1846: 8 MeshBlocks, cost = 8
  Rank = 1847: 8 MeshBlocks, cost = 8
  Rank = 1848: 8 MeshBlocks, cost = 8
  Rank = 1849: 8 MeshBlocks, cost = 8
  Rank = 1850: 8 MeshBlocks, cost = 8
  Rank = 1851: 8 MeshBlocks, cost = 8
  Rank = 1852: 8 MeshBlocks, cost = 8
  Rank = 1853: 8 MeshBlocks, cost = 8
  Rank = 1854: 8 MeshBlocks, cost = 8
  Rank = 1855: 8 MeshBlocks, cost = 8
  Rank = 1856: 8 MeshBlocks, cost = 8
  Rank = 1857: 8 MeshBlocks, cost = 8
  Rank = 1858: 8 MeshBlocks, cost = 8
  Rank = 1859: 8 MeshBlocks, cost = 8
  Rank = 1860: 8 MeshBlocks, cost = 8
  Rank = 1861: 8 MeshBlocks, cost = 8
  Rank = 1862: 8 MeshBlocks, cost = 8
  Rank = 1863: 8 MeshBlocks, cost = 8
  Rank = 1864: 8 MeshBlocks, cost = 8
  Rank = 1865: 8 MeshBlocks, cost = 8
  Rank = 1866: 8 MeshBlocks, cost = 8
  Rank = 1867: 8 MeshBlocks, cost = 8
  Rank = 1868: 8 MeshBlocks, cost = 8
  Rank = 1869: 8 MeshBlocks, cost = 8
  Rank = 1870: 8 MeshBlocks, cost = 8
  Rank = 1871: 8 MeshBlocks, cost = 8
  Rank = 1872: 8 MeshBlocks, cost = 8
  Rank = 1873: 8 MeshBlocks, cost = 8
  Rank = 1874: 8 MeshBlocks, cost = 8
  Rank = 1875: 8 MeshBlocks, cost = 8
  Rank = 1876: 8 MeshBlocks, cost = 8
  Rank = 1877: 8 MeshBlocks, cost = 8
  Rank = 1878: 8 MeshBlocks, cost = 8
  Rank = 1879: 8 MeshBlocks, cost = 8
  Rank = 1880: 8 MeshBlocks, cost = 8
  Rank = 1881: 8 MeshBlocks, cost = 8
  Rank = 1882: 8 MeshBlocks, cost = 8
  Rank = 1883: 8 MeshBlocks, cost = 8
  Rank = 1884: 8 MeshBlocks, cost = 8
  Rank = 1885: 8 MeshBlocks, cost = 8
  Rank = 1886: 8 MeshBlocks, cost = 8
  Rank = 1887: 8 MeshBlocks, cost = 8
  Rank = 1888: 8 MeshBlocks, cost = 8
  Rank = 1889: 8 MeshBlocks, cost = 8
  Rank = 1890: 8 MeshBlocks, cost = 8
  Rank = 1891: 8 MeshBlocks, cost = 8
  Rank = 1892: 8 MeshBlocks, cost = 8
  Rank = 1893: 8 MeshBlocks, cost = 8
  Rank = 1894: 8 MeshBlocks, cost = 8
  Rank = 1895: 8 MeshBlocks, cost = 8
  Rank = 1896: 8 MeshBlocks, cost = 8
  Rank = 1897: 8 MeshBlocks, cost = 8
  Rank = 1898: 8 MeshBlocks, cost = 8
  Rank = 1899: 8 MeshBlocks, cost = 8
  Rank = 1900: 8 MeshBlocks, cost = 8
  Rank = 1901: 8 MeshBlocks, cost = 8
  Rank = 1902: 8 MeshBlocks, cost = 8
  Rank = 1903: 8 MeshBlocks, cost = 8
  Rank = 1904: 8 MeshBlocks, cost = 8
  Rank = 1905: 8 MeshBlocks, cost = 8
  Rank = 1906: 8 MeshBlocks, cost = 8
  Rank = 1907: 8 MeshBlocks, cost = 8
  Rank = 1908: 8 MeshBlocks, cost = 8
  Rank = 1909: 8 MeshBlocks, cost = 8
  Rank = 1910: 8 MeshBlocks, cost = 8
  Rank = 1911: 8 MeshBlocks, cost = 8
  Rank = 1912: 8 MeshBlocks, cost = 8
  Rank = 1913: 8 MeshBlocks, cost = 8
  Rank = 1914: 8 MeshBlocks, cost = 8
  Rank = 1915: 8 MeshBlocks, cost = 8
  Rank = 1916: 8 MeshBlocks, cost = 8
  Rank = 1917: 8 MeshBlocks, cost = 8
  Rank = 1918: 8 MeshBlocks, cost = 8
  Rank = 1919: 8 MeshBlocks, cost = 8
  Rank = 1920: 8 MeshBlocks, cost = 8
  Rank = 1921: 8 MeshBlocks, cost = 8
  Rank = 1922: 8 MeshBlocks, cost = 8
  Rank = 1923: 8 MeshBlocks, cost = 8
  Rank = 1924: 8 MeshBlocks, cost = 8
  Rank = 1925: 8 MeshBlocks, cost = 8
  Rank = 1926: 8 MeshBlocks, cost = 8
  Rank = 1927: 8 MeshBlocks, cost = 8
  Rank = 1928: 8 MeshBlocks, cost = 8
  Rank = 1929: 8 MeshBlocks, cost = 8
  Rank = 1930: 8 MeshBlocks, cost = 8
  Rank = 1931: 8 MeshBlocks, cost = 8
  Rank = 1932: 8 MeshBlocks, cost = 8
  Rank = 1933: 8 MeshBlocks, cost = 8
  Rank = 1934: 8 MeshBlocks, cost = 8
  Rank = 1935: 8 MeshBlocks, cost = 8
  Rank = 1936: 8 MeshBlocks, cost = 8
  Rank = 1937: 8 MeshBlocks, cost = 8
  Rank = 1938: 8 MeshBlocks, cost = 8
  Rank = 1939: 8 MeshBlocks, cost = 8
  Rank = 1940: 8 MeshBlocks, cost = 8
  Rank = 1941: 8 MeshBlocks, cost = 8
  Rank = 1942: 8 MeshBlocks, cost = 8
  Rank = 1943: 8 MeshBlocks, cost = 8
  Rank = 1944: 8 MeshBlocks, cost = 8
  Rank = 1945: 8 MeshBlocks, cost = 8
  Rank = 1946: 8 MeshBlocks, cost = 8
  Rank = 1947: 8 MeshBlocks, cost = 8
  Rank = 1948: 8 MeshBlocks, cost = 8
  Rank = 1949: 8 MeshBlocks, cost = 8
  Rank = 1950: 8 MeshBlocks, cost = 8
  Rank = 1951: 8 MeshBlocks, cost = 8
  Rank = 1952: 8 MeshBlocks, cost = 8
  Rank = 1953: 8 MeshBlocks, cost = 8
  Rank = 1954: 8 MeshBlocks, cost = 8
  Rank = 1955: 8 MeshBlocks, cost = 8
  Rank = 1956: 8 MeshBlocks, cost = 8
  Rank = 1957: 8 MeshBlocks, cost = 8
  Rank = 1958: 8 MeshBlocks, cost = 8
  Rank = 1959: 8 MeshBlocks, cost = 8
  Rank = 1960: 8 MeshBlocks, cost = 8
  Rank = 1961: 8 MeshBlocks, cost = 8
  Rank = 1962: 8 MeshBlocks, cost = 8
  Rank = 1963: 8 MeshBlocks, cost = 8
  Rank = 1964: 8 MeshBlocks, cost = 8
  Rank = 1965: 8 MeshBlocks, cost = 8
  Rank = 1966: 8 MeshBlocks, cost = 8
  Rank = 1967: 8 MeshBlocks, cost = 8
  Rank = 1968: 8 MeshBlocks, cost = 8
  Rank = 1969: 8 MeshBlocks, cost = 8
  Rank = 1970: 8 MeshBlocks, cost = 8
  Rank = 1971: 8 MeshBlocks, cost = 8
  Rank = 1972: 8 MeshBlocks, cost = 8
  Rank = 1973: 8 MeshBlocks, cost = 8
  Rank = 1974: 8 MeshBlocks, cost = 8
  Rank = 1975: 8 MeshBlocks, cost = 8
  Rank = 1976: 8 MeshBlocks, cost = 8
  Rank = 1977: 8 MeshBlocks, cost = 8
  Rank = 1978: 8 MeshBlocks, cost = 8
  Rank = 1979: 8 MeshBlocks, cost = 8
  Rank = 1980: 8 MeshBlocks, cost = 8
  Rank = 1981: 8 MeshBlocks, cost = 8
  Rank = 1982: 8 MeshBlocks, cost = 8
  Rank = 1983: 8 MeshBlocks, cost = 8
  Rank = 1984: 8 MeshBlocks, cost = 8
  Rank = 1985: 8 MeshBlocks, cost = 8
  Rank = 1986: 8 MeshBlocks, cost = 8
  Rank = 1987: 8 MeshBlocks, cost = 8
  Rank = 1988: 8 MeshBlocks, cost = 8
  Rank = 1989: 8 MeshBlocks, cost = 8
  Rank = 1990: 8 MeshBlocks, cost = 8
  Rank = 1991: 8 MeshBlocks, cost = 8
  Rank = 1992: 8 MeshBlocks, cost = 8
  Rank = 1993: 8 MeshBlocks, cost = 8
  Rank = 1994: 8 MeshBlocks, cost = 8
  Rank = 1995: 8 MeshBlocks, cost = 8
  Rank = 1996: 8 MeshBlocks, cost = 8
  Rank = 1997: 8 MeshBlocks, cost = 8
  Rank = 1998: 8 MeshBlocks, cost = 8
  Rank = 1999: 8 MeshBlocks, cost = 8
  Rank = 2000: 8 MeshBlocks, cost = 8
  Rank = 2001: 8 MeshBlocks, cost = 8
  Rank = 2002: 8 MeshBlocks, cost = 8
  Rank = 2003: 8 MeshBlocks, cost = 8
  Rank = 2004: 8 MeshBlocks, cost = 8
  Rank = 2005: 8 MeshBlocks, cost = 8
  Rank = 2006: 8 MeshBlocks, cost = 8
  Rank = 2007: 8 MeshBlocks, cost = 8
  Rank = 2008: 8 MeshBlocks, cost = 8
  Rank = 2009: 8 MeshBlocks, cost = 8
  Rank = 2010: 8 MeshBlocks, cost = 8
  Rank = 2011: 8 MeshBlocks, cost = 8
  Rank = 2012: 8 MeshBlocks, cost = 8
  Rank = 2013: 8 MeshBlocks, cost = 8
  Rank = 2014: 8 MeshBlocks, cost = 8
  Rank = 2015: 8 MeshBlocks, cost = 8
  Rank = 2016: 8 MeshBlocks, cost = 8
  Rank = 2017: 8 MeshBlocks, cost = 8
  Rank = 2018: 8 MeshBlocks, cost = 8
  Rank = 2019: 8 MeshBlocks, cost = 8
  Rank = 2020: 8 MeshBlocks, cost = 8
  Rank = 2021: 8 MeshBlocks, cost = 8
  Rank = 2022: 8 MeshBlocks, cost = 8
  Rank = 2023: 8 MeshBlocks, cost = 8
  Rank = 2024: 8 MeshBlocks, cost = 8
  Rank = 2025: 8 MeshBlocks, cost = 8
  Rank = 2026: 8 MeshBlocks, cost = 8
  Rank = 2027: 8 MeshBlocks, cost = 8
  Rank = 2028: 8 MeshBlocks, cost = 8
  Rank = 2029: 8 MeshBlocks, cost = 8
  Rank = 2030: 8 MeshBlocks, cost = 8
  Rank = 2031: 8 MeshBlocks, cost = 8
  Rank = 2032: 8 MeshBlocks, cost = 8
  Rank = 2033: 8 MeshBlocks, cost = 8
  Rank = 2034: 8 MeshBlocks, cost = 8
  Rank = 2035: 8 MeshBlocks, cost = 8
  Rank = 2036: 8 MeshBlocks, cost = 8
  Rank = 2037: 8 MeshBlocks, cost = 8
  Rank = 2038: 8 MeshBlocks, cost = 8
  Rank = 2039: 8 MeshBlocks, cost = 8
  Rank = 2040: 8 MeshBlocks, cost = 8
  Rank = 2041: 8 MeshBlocks, cost = 8
  Rank = 2042: 8 MeshBlocks, cost = 8
  Rank = 2043: 8 MeshBlocks, cost = 8
  Rank = 2044: 8 MeshBlocks, cost = 8
  Rank = 2045: 8 MeshBlocks, cost = 8
  Rank = 2046: 8 MeshBlocks, cost = 8
  Rank = 2047: 8 MeshBlocks, cost = 8
Load Balancing:
  Maximum normalized cost = 1, Average = 1

Setup complete, executing task list(s)...

elapsed=1.548853e+00 cycle=0 time=0.000000e+00 dt=2.197266e-04
elapsed=8.007003e+02 cycle=1000 time=2.197266e-01 dt=2.197266e-04

Terminating on cycle limit
time=2.197266e-01 cycle=1000
tlim=1.000000e+99 nlim=1000

MeshBlock-cycles = 16384000
cpu time used  = 7.991515e+02
zone-cycles/cpu_second = 6.718012e+08
particle-updates/cpu_second = 6.718012e+08
TACC:  Shutdown complete. Exiting. 
