TACC:  Starting up job 31463 
TACC:  Setting up parallel environment for OpenMPI mpirun. 
TACC:  Starting parallel tasks... 

Root grid = 8 x 16 x 16 MeshBlocks
Total number of MeshBlocks = 2048
Number of logical  levels of refinement = 4 (5 levels total)
Number of physical levels of refinement = 0 (1 levels total)
Number of parallel ranks = 4
  Rank = 0: 512 MeshBlocks, cost = 512
  Rank = 1: 512 MeshBlocks, cost = 512
  Rank = 2: 512 MeshBlocks, cost = 512
  Rank = 3: 512 MeshBlocks, cost = 512
Load Balancing:
  Maximum normalized cost = 1, Average = 1

Setup complete, executing task list(s)...

elapsed=3.204520e-01 cycle=0 time=0.000000e+00 dt=8.789063e-04
DustGasDrag halo violation: p=14744920 gid=967 x=(-nan -nan -nan) block x1=[1.2500e-01,2.5000e-01] x2=[3.1250e-01,3.7500e-01] x3=[-1.8750e-01,-1.2500e-01] ip,jp,kp=(-2147483647 -2147483647 -2147483647)
DustGasDrag halo violation: p=14744921 gid=967 x=(-nan -nan -nan) block x1=[1.2500e-01,2.5000e-01] x2=[3.1250e-01,3.7500e-01] x3=[-1.8750e-01,-1.2500e-01] ip,jp,kp=(-2147483647 -2147483647 -2147483647)
DustGasDrag halo violation: p=14744922 gid=967 x=(-nan -nan -nan) block x1=[1.2500e-01,2.5000e-01] x2=[3.1250e-01,3.7500e-01] x3=[-1.8750e-01,-1.2500e-01] ip,jp,kp=(-2147483647 -2147483647 -2147483647)
DustGasDrag halo violation: p=14744888 gid=967 x=(-nan -nan -nan) block x1=[1.2500e-01,2.5000e-01] x2=[3.1250e-01,3.7500e-01] x3=[-1.8750e-01,-1.2500e-01] ip,jp,kp=(-2147483647 -2147483647 -2147483647)
DustGasDrag halo violation: p=14744889 gid=967 x=(-nan -nan -nan) block x1=[1.2500e-01,2.5000e-01] x2=[3.1250e-01,3.7500e-01] x3=[-1.8750e-01,-1.2500e-01] ip,jp,kp=(-2147483647 -2147483647 -2147483647)
DustGasDrag halo violation: p=14744890 gid=967 x=(-nan -nan -nan) block x1=[1.2500e-01,2.5000e-01] x2=[3.1250e-01,3.7500e-01] x3=[-1.8750e-01,-1.2500e-01] ip,jp,kp=(-2147483647 -2147483647 -2147483647)
DustGasDrag halo violation: p=14744891 gid=967 x=(-nan -nan -nan) block x1=[1.2500e-01,2.5000e-01] x2=[3.1250e-01,3.7500e-01] x3=[-1.8750e-01,-1.2500e-01] ip,jp,kp=(-2147483647 -2147483647 -2147483647)
DustGasDrag halo violation: p=14744854 gid=967 x=(-nan -nan -nan) block x1=[1.2500e-01,2.5000e-01] x2=[3.1250e-01,3.7500e-01] x3=[-1.8750e-01,-1.2500e-01] ip,jp,kp=(-2147483647 -2147483647 -2147483647)
DustGasDrag halo violation: p=14744855 gid=967 x=(-nan -nan -nan) block x1=[1.2500e-01,2.5000e-01] x2=[3.1250e-01,3.7500e-01] x3=[-1.8750e-01,-1.2500e-01] ip,jp,kp=(-2147483647 -2147483647 -2147483647)
DustGasDrag halo violation: p=14744856 gid=967 x=(-nan -nan -nan) block x1=[1.2500e-01,2.5000e-01] x2=[3.1250e-01,3.7500e-01] x3=[-1.8750e-01,-1.2500e-01] ip,jp,kp=(-2147483647 -2147483647 -2147483647)
DustGasDrag halo violation: p=14744857 gid=967 x=(-nan -nan -nan) block x1=[1.2500e-01,2.5000e-01] x2=[3.1250e-01,3.7500e-01] x3=[-1.8750e-01,-1.2500e-01] ip,jp,kp=(-2147483647 -2147483647 -2147483647)
DustGasDrag halo violation: p=14744858 gid=967 x=(-nan -nan -nan) block x1=[1.2500e-01,2.5000e-01] x2=[3.1250e-01,3.7500e-01] x3=[-1.8750e-01,-1.2500e-01] ip,jp,kp=(-2147483647 -2147483647 -2147483647)
DustGasDrag halo violation: p=14744859 gid=967 x=(-nan -nan -nan) block x1=[1.2500e-01,2.5000e-01] x2=[3.1250e-01,3.7500e-01] x3=[-1.8750e-01,-1.2500e-01] ip,jp,kp=(-2147483647 -2147483647 -2147483647)
DustGasDrag halo violation: p=14744860 gid=967 x=(-nan -nan -nan) block x1=[1.2500e-01,2.5000e-01] x2=[3.1250e-01,3.7500e-01] x3=[-1.8750e-01,-1.2500e-01] ip,jp,kp=(-2147483647 -2147483647 -2147483647)
DustGasDrag halo violation: p=14743865 gid=967 x=(-nan -nan -nan) block x1=[1.2500e-01,2.5000e-01] x2=[3.1250e-01,3.7500e-01] x3=[-1.8750e-01,-1.2500e-01] ip,jp,kp=(-2147483647 -2147483647 -2147483647)
DustGasDrag halo violation: p=14743866 gid=967 x=(-nan -nan -nan) block x1=[1.2500e-01,2.5000e-01] x2=[3.1250e-01,3.7500e-01] x3=[-1.8750e-01,-1.2500e-01] ip,jp,kp=(-2147483647 -2147483647 -2147483647)
DustGasDrag halo violation: p=14743867 gid=967 x=(-nan -nan -nan) block x1=[1.2500e-01,2.5000e-01] x2=[3.1250e-01,3.7500e-01] x3=[-1.8750e-01,-1.2500e-01] ip,jp,kp=(-2147483647 -2147483647 -2147483647)
DustGasDrag halo violation: p=14743831 gid=967 x=(-nan -nan -nan) block x1=[1.2500e-01,2.5000e-01] x2=[3.1250e-01,3.7500e-01] x3=[-1.8750e-01,-1.2500e-01] ip,jp,kp=(-2147483647 -2147483647 -2147483647)
DustGasDrag halo violation: p=14743832 gid=967 x=(-nan -nan -nan) block x1=[1.2500e-01,2.5000e-01] x2=[3.1250e-01,3.7500e-01] x3=[-1.8750e-01,-1.2500e-01] ip,jp,kp=(-2147483647 -2147483647 -2147483647)
DustGasDrag halo violation: p=14743833 gid=967 x=(-nan -nan -nan) block x1=[1.2500e-01,2.5000e-01] x2=[3.1250e-01,3.7500e-01] x3=[-1.8750e-01,-1.2500e-01] ip,jp,kp=(-2147483647 -2147483647 -2147483647)
DustGasDrag halo violation: p=14743834 gid=967 x=(-nan -nan -nan) block x1=[1.2500e-01,2.5000e-01] x2=[3.1250e-01,3.7500e-01] x3=[-1.8750e-01,-1.2500e-01] ip,jp,kp=(-2147483647 -2147483647 -2147483647)
DustGasDrag halo violation: p=14743835 gid=967 x=(-nan -nan -nan) block x1=[1.2500e-01,2.5000e-01] x2=[3.1250e-01,3.7500e-01] x3=[-1.8750e-01,-1.2500e-01] ip,jp,kp=(-2147483647 -2147483647 -2147483647)
DustGasDrag halo violation: p=14743836 gid=967 x=(-nan -nan -nan) block x1=[1.2500e-01,2.5000e-01] x2=[3.1250e-01,3.7500e-01] x3=[-1.8750e-01,-1.2500e-01] ip,jp,kp=(-2147483647 -2147483647 -2147483647)
DustGasDrag halo violation: p=14742808 gid=967 x=(-nan -nan -nan) block x1=[1.2500e-01,2.5000e-01] x2=[3.1250e-01,3.7500e-01] x3=[-1.8750e-01,-1.2500e-01] ip,jp,kp=(-2147483647 -2147483647 -2147483647)
DustGasDrag halo violation: p=14742809 gid=967 x=(-nan -nan -nan) block x1=[1.2500e-01,2.5000e-01] x2=[3.1250e-01,3.7500e-01] x3=[-1.8750e-01,-1.2500e-01] ip,jp,kp=(-2147483647 -2147483647 -2147483647)
DustGasDrag halo violation: p=14742810 gid=967 x=(-nan -nan -nan) block x1=[1.2500e-01,2.5000e-01] x2=[3.1250e-01,3.7500e-01] x3=[-1.8750e-01,-1.2500e-01] ip,jp,kp=(-2147483647 -2147483647 -2147483647)
DustGasDrag halo violation: p=14742776 gid=967 x=(-nan -nan -nan) block x1=[1.2500e-01,2.5000e-01] x2=[3.1250e-01,3.7500e-01] x3=[-1.8750e-01,-1.2500e-01] ip,jp,kp=(-2147483647 -2147483647 -2147483647)
DustGasDrag halo violation: p=14742777 gid=967 x=(-nan -nan -nan) block x1=[1.2500e-01,2.5000e-01] x2=[3.1250e-01,3.7500e-01] x3=[-1.8750e-01,-1.2500e-01] ip,jp,kp=(-2147483647 -2147483647 -2147483647)
DustGasDrag halo violation: p=14742778 gid=967 x=(-nan -nan -nan) block x1=[1.2500e-01,2.5000e-01] x2=[3.1250e-01,3.7500e-01] x3=[-1.8750e-01,-1.2500e-01] ip,jp,kp=(-2147483647 -2147483647 -2147483647)
DustGasDrag halo violation: p=14742744 gid=967 x=(-nan -nan -nan) block x1=[1.2500e-01,2.5000e-01] x2=[3.1250e-01,3.7500e-01] x3=[-1.8750e-01,-1.2500e-01] ip,jp,kp=(-2147483647 -2147483647 -2147483647)
DustGasDrag halo violation: p=14742745 gid=967 x=(-nan -nan -nan) block x1=[1.2500e-01,2.5000e-01] x2=[3.1250e-01,3.7500e-01] x3=[-1.8750e-01,-1.2500e-01] ip,jp,kp=(-2147483647 -2147483647 -2147483647)
DustGasDrag halo violation: p=14742746 gid=967 x=(-nan -nan -nan) block x1=[1.2500e-01,2.5000e-01] x2=[3.1250e-01,3.7500e-01] x3=[-1.8750e-01,-1.2500e-01] ip,jp,kp=(-2147483647 -2147483647 -2147483647)
DustGasDrag halo violation: p=14744760 gid=967 x=(-nan -nan -nan) block x1=[1.2500e-01,2.5000e-01] x2=[3.1250e-01,3.7500e-01] x3=[-1.8750e-01,-1.2500e-01] ip,jp,kp=(-2147483647 -2147483647 -2147483647)
DustGasDrag halo violation: p=14744761 gid=967 x=(-nan -nan -nan) block x1=[1.2500e-01,2.5000e-01] x2=[3.1250e-01,3.7500e-01] x3=[-1.8750e-01,-1.2500e-01] ip,jp,kp=(-2147483647 -2147483647 -2147483647)
DustGasDrag halo violation: p=14744762 gid=967 x=(-nan -nan -nan) block x1=[1.2500e-01,2.5000e-01] x2=[3.1250e-01,3.7500e-01] x3=[-1.8750e-01,-1.2500e-01] ip,jp,kp=(-2147483647 -2147483647 -2147483647)
DustGasDrag halo violation: p=14744728 gid=967 x=(-nan -nan -nan) block x1=[1.2500e-01,2.5000e-01] x2=[3.1250e-01,3.7500e-01] x3=[-1.8750e-01,-1.2500e-01] ip,jp,kp=(-2147483647 -2147483647 -2147483647)
DustGasDrag halo violation: p=14744729 gid=967 x=(-nan -nan -nan) block x1=[1.2500e-01,2.5000e-01] x2=[3.1250e-01,3.7500e-01] x3=[-1.8750e-01,-1.2500e-01] ip,jp,kp=(-2147483647 -2147483647 -2147483647)
DustGasDrag halo violation: p=14744730 gid=967 x=(-nan -nan -nan) block x1=[1.2500e-01,2.5000e-01] x2=[3.1250e-01,3.7500e-01] x3=[-1.8750e-01,-1.2500e-01] ip,jp,kp=(-2147483647 -2147483647 -2147483647)
DustGasDrag halo violation: p=14744822 gid=967 x=(-nan -nan -nan) block x1=[1.2500e-01,2.5000e-01] x2=[3.1250e-01,3.7500e-01] x3=[-1.8750e-01,-1.2500e-01] ip,jp,kp=(-2147483647 -2147483647 -2147483647)
DustGasDrag halo violation: p=14744823 gid=967 x=(-nan -nan -nan) block x1=[1.2500e-01,2.5000e-01] x2=[3.1250e-01,3.7500e-01] x3=[-1.8750e-01,-1.2500e-01] ip,jp,kp=(-2147483647 -2147483647 -2147483647)
DustGasDrag halo violation: p=14744824 gid=967 x=(-nan -nan -nan) block x1=[1.2500e-01,2.5000e-01] x2=[3.1250e-01,3.7500e-01] x3=[-1.8750e-01,-1.2500e-01] ip,jp,kp=(-2147483647 -2147483647 -2147483647)
DustGasDrag halo violation: p=14744825 gid=967 x=(-nan -nan -nan) block x1=[1.2500e-01,2.5000e-01] x2=[3.1250e-01,3.7500e-01] x3=[-1.8750e-01,-1.2500e-01] ip,jp,kp=(-2147483647 -2147483647 -2147483647)
DustGasDrag halo violation: p=14744826 gid=967 x=(-nan -nan -nan) block x1=[1.2500e-01,2.5000e-01] x2=[3.1250e-01,3.7500e-01] x3=[-1.8750e-01,-1.2500e-01] ip,jp,kp=(-2147483647 -2147483647 -2147483647)
DustGasDrag halo violation: p=14744827 gid=967 x=(-nan -nan -nan) block x1=[1.2500e-01,2.5000e-01] x2=[3.1250e-01,3.7500e-01] x3=[-1.8750e-01,-1.2500e-01] ip,jp,kp=(-2147483647 -2147483647 -2147483647)
DustGasDrag halo violation: p=14744828 gid=967 x=(-nan -nan -nan) block x1=[1.2500e-01,2.5000e-01] x2=[3.1250e-01,3.7500e-01] x3=[-1.8750e-01,-1.2500e-01] ip,jp,kp=(-2147483647 -2147483647 -2147483647)
DustGasDrag halo violation: p=14744790 gid=967 x=(-nan -nan -nan) block x1=[1.2500e-01,2.5000e-01] x2=[3.1250e-01,3.7500e-01] x3=[-1.8750e-01,-1.2500e-01] ip,jp,kp=(-2147483647 -2147483647 -2147483647)
DustGasDrag halo violation: p=14744791 gid=967 x=(-nan -nan -nan) block x1=[1.2500e-01,2.5000e-01] x2=[3.1250e-01,3.7500e-01] x3=[-1.8750e-01,-1.2500e-01] ip,jp,kp=(-2147483647 -2147483647 -2147483647)
DustGasDrag halo violation: p=14744792 gid=967 x=(-nan -nan -nan) block x1=[1.2500e-01,2.5000e-01] x2=[3.1250e-01,3.7500e-01] x3=[-1.8750e-01,-1.2500e-01] ip,jp,kp=(-2147483647 -2147483647 -2147483647)
DustGasDrag halo violation: p=14744793 gid=967 x=(-nan -nan -nan) block x1=[1.2500e-01,2.5000e-01] x2=[3.1250e-01,3.7500e-01] x3=[-1.8750e-01,-1.2500e-01] ip,jp,kp=(-2147483647 -2147483647 -2147483647)
DustGasDrag halo violation: p=14744794 gid=967 x=(-nan -nan -nan) block x1=[1.2500e-01,2.5000e-01] x2=[3.1250e-01,3.7500e-01] x3=[-1.8750e-01,-1.2500e-01] ip,jp,kp=(-2147483647 -2147483647 -2147483647)
DustGasDrag halo violation: p=14744795 gid=967 x=(-nan -nan -nan) block x1=[1.2500e-01,2.5000e-01] x2=[3.1250e-01,3.7500e-01] x3=[-1.8750e-01,-1.2500e-01] ip,jp,kp=(-2147483647 -2147483647 -2147483647)
DustGasDrag halo violation: p=14744796 gid=967 x=(-nan -nan -nan) block x1=[1.2500e-01,2.5000e-01] x2=[3.1250e-01,3.7500e-01] x3=[-1.8750e-01,-1.2500e-01] ip,jp,kp=(-2147483647 -2147483647 -2147483647)
DustGasDrag halo violation: p=14848313 gid=995 x=(-nan -nan -nan) block x1=[1.2500e-01,2.5000e-01] x2=[3.1250e-01,3.7500e-01] x3=[-1.2500e-01,-6.2500e-02] ip,jp,kp=(-2147483647 -2147483647 -2147483647)
DustGasDrag halo violation: p=14848314 gid=995 x=(-nan -nan -nan) block x1=[1.2500e-01,2.5000e-01] x2=[3.1250e-01,3.7500e-01] x3=[-1.2500e-01,-6.2500e-02] ip,jp,kp=(-2147483647 -2147483647 -2147483647)
DustGasDrag halo violation: p=14848315 gid=995 x=(-nan -nan -nan) block x1=[1.2500e-01,2.5000e-01] x2=[3.1250e-01,3.7500e-01] x3=[-1.2500e-01,-6.2500e-02] ip,jp,kp=(-2147483647 -2147483647 -2147483647)
DustGasDrag halo violation: p=14847321 gid=995 x=(-nan -nan -nan) block x1=[1.2500e-01,2.5000e-01] x2=[3.1250e-01,3.7500e-01] x3=[-1.2500e-01,-6.2500e-02] ip,jp,kp=(-2147483647 -2147483647 -2147483647)
DustGasDrag halo violation: p=14847322 gid=995 x=(-nan -nan -nan) block x1=[1.2500e-01,2.5000e-01] x2=[3.1250e-01,3.7500e-01] x3=[-1.2500e-01,-6.2500e-02] ip,jp,kp=(-2147483647 -2147483647 -2147483647)
DustGasDrag halo violation: p=14847323 gid=995 x=(-nan -nan -nan) block x1=[1.2500e-01,2.5000e-01] x2=[3.1250e-01,3.7500e-01] x3=[-1.2500e-01,-6.2500e-02] ip,jp,kp=(-2147483647 -2147483647 -2147483647)
DustGasDrag halo violation: p=14848279 gid=995 x=(-nan -nan -nan) block x1=[1.2500e-01,2.5000e-01] x2=[3.1250e-01,3.7500e-01] x3=[-1.2500e-01,-6.2500e-02] ip,jp,kp=(-2147483647 -2147483647 -2147483647)
DustGasDrag halo violation: p=14848280 gid=995 x=(-nan -nan -nan) block x1=[1.2500e-01,2.5000e-01] x2=[3.1250e-01,3.7500e-01] x3=[-1.2500e-01,-6.2500e-02] ip,jp,kp=(-2147483647 -2147483647 -2147483647)
DustGasDrag halo violation: p=14848281 gid=995 x=(-nan -nan -nan) block x1=[1.2500e-01,2.5000e-01] x2=[3.1250e-01,3.7500e-01] x3=[-1.2500e-01,-6.2500e-02] ip,jp,kp=(-2147483647 -2147483647 -2147483647)
DustGasDrag halo violation: p=14848282 gid=995 x=(-nan -nan -nan) block x1=[1.2500e-01,2.5000e-01] x2=[3.1250e-01,3.7500e-01] x3=[-1.2500e-01,-6.2500e-02] ip,jp,kp=(-2147483647 -2147483647 -2147483647)
DustGasDrag halo violation: p=14848283 gid=995 x=(-nan -nan -nan) block x1=[1.2500e-01,2.5000e-01] x2=[3.1250e-01,3.7500e-01] x3=[-1.2500e-01,-6.2500e-02] ip,jp,kp=(-2147483647 -2147483647 -2147483647)
DustGasDrag halo violation: p=14848284 gid=995 x=(-nan -nan -nan) block x1=[1.2500e-01,2.5000e-01] x2=[3.1250e-01,3.7500e-01] x3=[-1.2500e-01,-6.2500e-02] ip,jp,kp=(-2147483647 -2147483647 -2147483647)
DustGasDrag halo violation: p=14847289 gid=995 x=(-nan -nan -nan) block x1=[1.2500e-01,2.5000e-01] x2=[3.1250e-01,3.7500e-01] x3=[-1.2500e-01,-6.2500e-02] ip,jp,kp=(-2147483647 -2147483647 -2147483647)
DustGasDrag halo violation: p=14847290 gid=995 x=(-nan -nan -nan) block x1=[1.2500e-01,2.5000e-01] x2=[3.1250e-01,3.7500e-01] x3=[-1.2500e-01,-6.2500e-02] ip,jp,kp=(-2147483647 -2147483647 -2147483647)
DustGasDrag halo violation: p=14847291 gid=995 x=(-nan -nan -nan) block x1=[1.2500e-01,2.5000e-01] x2=[3.1250e-01,3.7500e-01] x3=[-1.2500e-01,-6.2500e-02] ip,jp,kp=(-2147483647 -2147483647 -2147483647)
DustGasDrag halo violation: p=14847255 gid=995 x=(-nan -nan -nan) block x1=[1.2500e-01,2.5000e-01] x2=[3.1250e-01,3.7500e-01] x3=[-1.2500e-01,-6.2500e-02] ip,jp,kp=(-2147483647 -2147483647 -2147483647)
DustGasDrag halo violation: p=14847256 gid=995 x=(-nan -nan -nan) block x1=[1.2500e-01,2.5000e-01] x2=[3.1250e-01,3.7500e-01] x3=[-1.2500e-01,-6.2500e-02] ip,jp,kp=(-2147483647 -2147483647 -2147483647)
DustGasDrag halo violation: p=14847257 gid=995 x=(-nan -nan -nan) block x1=[1.2500e-01,2.5000e-01] x2=[3.1250e-01,3.7500e-01] x3=[-1.2500e-01,-6.2500e-02] ip,jp,kp=(-2147483647 -2147483647 -2147483647)
DustGasDrag halo violation: p=14847258 gid=995 x=(-nan -nan -nan) block x1=[1.2500e-01,2.5000e-01] x2=[3.1250e-01,3.7500e-01] x3=[-1.2500e-01,-6.2500e-02] ip,jp,kp=(-2147483647 -2147483647 -2147483647)
DustGasDrag halo violation: p=14847259 gid=995 x=(-nan -nan -nan) block x1=[1.2500e-01,2.5000e-01] x2=[3.1250e-01,3.7500e-01] x3=[-1.2500e-01,-6.2500e-02] ip,jp,kp=(-2147483647 -2147483647 -2147483647)
DustGasDrag halo violation: p=14847260 gid=995 x=(-nan -nan -nan) block x1=[1.2500e-01,2.5000e-01] x2=[3.1250e-01,3.7500e-01] x3=[-1.2500e-01,-6.2500e-02] ip,jp,kp=(-2147483647 -2147483647 -2147483647)
DustGasDrag halo violation: p=14847261 gid=995 x=(-nan -nan -nan) block x1=[1.2500e-01,2.5000e-01] x2=[3.1250e-01,3.7500e-01] x3=[-1.2500e-01,-6.2500e-02] ip,jp,kp=(-2147483647 -2147483647 -2147483647)
DustGasDrag halo violation: p=14844024 gid=995 x=(-nan -nan -nan) block x1=[1.2500e-01,2.5000e-01] x2=[3.1250e-01,3.7500e-01] x3=[-1.2500e-01,-6.2500e-02] ip,jp,kp=(-2147483647 -2147483647 -2147483647)
DustGasDrag halo violation: p=14844025 gid=995 x=(-nan -nan -nan) block x1=[1.2500e-01,2.5000e-01] x2=[3.1250e-01,3.7500e-01] x3=[-1.2500e-01,-6.2500e-02] ip,jp,kp=(-2147483647 -2147483647 -2147483647)
DustGasDrag halo violation: p=14844026 gid=995 x=(-nan -nan -nan) block x1=[1.2500e-01,2.5000e-01] x2=[3.1250e-01,3.7500e-01] x3=[-1.2500e-01,-6.2500e-02] ip,jp,kp=(-2147483647 -2147483647 -2147483647)
DustGasDrag halo violation: p=14844055 gid=995 x=(-nan -nan -nan) block x1=[1.2500e-01,2.5000e-01] x2=[3.1250e-01,3.7500e-01] x3=[-1.2500e-01,-6.2500e-02] ip,jp,kp=(-2147483647 -2147483647 -2147483647)
DustGasDrag halo violation: p=14844056 gid=995 x=(-nan -nan -nan) block x1=[1.2500e-01,2.5000e-01] x2=[3.1250e-01,3.7500e-01] x3=[-1.2500e-01,-6.2500e-02] ip,jp,kp=(-2147483647 -2147483647 -2147483647)
DustGasDrag halo violation: p=14844057 gid=995 x=(-nan -nan -nan) block x1=[1.2500e-01,2.5000e-01] x2=[3.1250e-01,3.7500e-01] x3=[-1.2500e-01,-6.2500e-02] ip,jp,kp=(-2147483647 -2147483647 -2147483647)
DustGasDrag halo violation: p=14844058 gid=995 x=(-nan -nan -nan) block x1=[1.2500e-01,2.5000e-01] x2=[3.1250e-01,3.7500e-01] x3=[-1.2500e-01,-6.2500e-02] ip,jp,kp=(-2147483647 -2147483647 -2147483647)
DustGasDrag halo violation: p=14844059 gid=995 x=(-nan -nan -nan) block x1=[1.2500e-01,2.5000e-01] x2=[3.1250e-01,3.7500e-01] x3=[-1.2500e-01,-6.2500e-02] ip,jp,kp=(-2147483647 -2147483647 -2147483647)
DustGasDrag halo violation: p=14844060 gid=995 x=(-nan -nan -nan) block x1=[1.2500e-01,2.5000e-01] x2=[3.1250e-01,3.7500e-01] x3=[-1.2500e-01,-6.2500e-02] ip,jp,kp=(-2147483647 -2147483647 -2147483647)
DustGasDrag halo violation: p=14844086 gid=995 x=(-nan -nan -nan) block x1=[1.2500e-01,2.5000e-01] x2=[3.1250e-01,3.7500e-01] x3=[-1.2500e-01,-6.2500e-02] ip,jp,kp=(-2147483647 -2147483647 -2147483647)
DustGasDrag halo violation: p=14844087 gid=995 x=(-nan -nan -nan) block x1=[1.2500e-01,2.5000e-01] x2=[3.1250e-01,3.7500e-01] x3=[-1.2500e-01,-6.2500e-02] ip,jp,kp=(-2147483647 -2147483647 -2147483647)
DustGasDrag halo violation: p=14844088 gid=995 x=(-nan -nan -nan) block x1=[1.2500e-01,2.5000e-01] x2=[3.1250e-01,3.7500e-01] x3=[-1.2500e-01,-6.2500e-02] ip,jp,kp=(-2147483647 -2147483647 -2147483647)
DustGasDrag halo violation: p=14844089 gid=995 x=(-nan -nan -nan) block x1=[1.2500e-01,2.5000e-01] x2=[3.1250e-01,3.7500e-01] x3=[-1.2500e-01,-6.2500e-02] ip,jp,kp=(-2147483647 -2147483647 -2147483647)
DustGasDrag halo violation: p=14844090 gid=995 x=(-nan -nan -nan) block x1=[1.2500e-01,2.5000e-01] x2=[3.1250e-01,3.7500e-01] x3=[-1.2500e-01,-6.2500e-02] ip,jp,kp=(-2147483647 -2147483647 -2147483647)
DustGasDrag halo violation: p=14844091 gid=995 x=(-nan -nan -nan) block x1=[1.2500e-01,2.5000e-01] x2=[3.1250e-01,3.7500e-01] x3=[-1.2500e-01,-6.2500e-02] ip,jp,kp=(-2147483647 -2147483647 -2147483647)
DustGasDrag halo violation: p=14844092 gid=995 x=(-nan -nan -nan) block x1=[1.2500e-01,2.5000e-01] x2=[3.1250e-01,3.7500e-01] x3=[-1.2500e-01,-6.2500e-02] ip,jp,kp=(-2147483647 -2147483647 -2147483647)
DustGasDrag halo violation: p=14844149 gid=995 x=(-nan -nan -nan) block x1=[1.2500e-01,2.5000e-01] x2=[3.1250e-01,3.7500e-01] x3=[-1.2500e-01,-6.2500e-02] ip,jp,kp=(-2147483647 -2147483647 -2147483647)
DustGasDrag halo violation: p=14844150 gid=995 x=(-nan -nan -nan) block x1=[1.2500e-01,2.5000e-01] x2=[3.1250e-01,3.7500e-01] x3=[-1.2500e-01,-6.2500e-02] ip,jp,kp=(-2147483647 -2147483647 -2147483647)
DustGasDrag halo violation: p=14844151 gid=995 x=(-nan -nan -nan) block x1=[1.2500e-01,2.5000e-01] x2=[3.1250e-01,3.7500e-01] x3=[-1.2500e-01,-6.2500e-02] ip,jp,kp=(-2147483647 -2147483647 -2147483647)
DustGasDrag halo violation: p=14844152 gid=995 x=(-nan -nan -nan) block x1=[1.2500e-01,2.5000e-01] x2=[3.1250e-01,3.7500e-01] x3=[-1.2500e-01,-6.2500e-02] ip,jp,kp=(-2147483647 -2147483647 -2147483647)
DustGasDrag halo violation: p=14844153 gid=995 x=(-nan -nan -nan) block x1=[1.2500e-01,2.5000e-01] x2=[3.1250e-01,3.7500e-01] x3=[-1.2500e-01,-6.2500e-02] ip,jp,kp=(-2147483647 -2147483647 -2147483647)
DustGasDrag halo violation: p=14844154 gid=995 x=(-nan -nan -nan) block x1=[1.2500e-01,2.5000e-01] x2=[3.1250e-01,3.7500e-01] x3=[-1.2500e-01,-6.2500e-02] ip,jp,kp=(-2147483647 -2147483647 -2147483647)
DustGasDrag halo violation: p=14844155 gid=995 x=(-nan -nan -nan) block x1=[1.2500e-01,2.5000e-01] x2=[3.1250e-01,3.7500e-01] x3=[-1.2500e-01,-6.2500e-02] ip,jp,kp=(-2147483647 -2147483647 -2147483647)
DustGasDrag halo violation: p=14844156 gid=995 x=(-nan -nan -nan) block x1=[1.2500e-01,2.5000e-01] x2=[3.1250e-01,3.7500e-01] x3=[-1.2500e-01,-6.2500e-02] ip,jp,kp=(-2147483647 -2147483647 -2147483647)
DustGasDrag halo violation: p=14844157 gid=995 x=(-nan -nan -nan) block x1=[1.2500e-01,2.5000e-01] x2=[3.1250e-01,3.7500e-01] x3=[-1.2500e-01,-6.2500e-02] ip,jp,kp=(-2147483647 -2147483647 -2147483647)
DustGasDrag halo violation: p=14844158 gid=995 x=(-nan -nan -nan) block x1=[1.2500e-01,2.5000e-01] x2=[3.1250e-01,3.7500e-01] x3=[-1.2500e-01,-6.2500e-02] ip,jp,kp=(-2147483647 -2147483647 -2147483647)
DustGasDrag halo violation: p=14844117 gid=995 x=(-nan -nan -nan) block x1=[1.2500e-01,2.5000e-01] x2=[3.1250e-01,3.7500e-01] x3=[-1.2500e-01,-6.2500e-02] ip,jp,kp=(-2147483647 -2147483647 -2147483647)
DustGasDrag halo violation: p=14844118 gid=995 x=(-nan -nan -nan) block x1=[1.2500e-01,2.5000e-01] x2=[3.1250e-01,3.7500e-01] x3=[-1.2500e-01,-6.2500e-02] ip,jp,kp=(-2147483647 -2147483647 -2147483647)
DustGasDrag halo violation: p=14844119 gid=995 x=(-nan -nan -nan) block x1=[1.2500e-01,2.5000e-01] x2=[3.1250e-01,3.7500e-01] x3=[-1.2500e-01,-6.2500e-02] ip,jp,kp=(-2147483647 -2147483647 -2147483647)
DustGasDrag halo violation: p=14844120 gid=995 x=(-nan -nan -nan) block x1=[1.2500e-01,2.5000e-01] x2=[3.1250e-01,3.7500e-01] x3=[-1.2500e-01,-6.2500e-02] ip,jp,kp=(-2147483647 -2147483647 -2147483647)
DustGasDrag halo violation: p=14844121 gid=995 x=(-nan -nan -nan) block x1=[1.2500e-01,2.5000e-01] x2=[3.1250e-01,3.7500e-01] x3=[-1.2500e-01,-6.2500e-02] ip,jp,kp=(-2147483647 -2147483647 -2147483647)
DustGasDrag halo violation: p=14844122 gid=995 x=(-nan -nan -nan) block x1=[1.2500e-01,2.5000e-01] x2=[3.1250e-01,3.7500e-01] x3=[-1.2500e-01,-6.2500e-02] ip,jp,kp=(-2147483647 -2147483647 -2147483647)
DustGasDrag halo violation: p=14844123 gid=995 x=(-nan -nan -nan) block x1=[1.2500e-01,2.5000e-01] x2=[3.1250e-01,3.7500e-01] x3=[-1.2500e-01,-6.2500e-02] ip,jp,kp=(-2147483647 -2147483647 -2147483647)
DustGasDrag halo violation: p=14844124 gid=995 x=(-nan -nan -nan) block x1=[1.2500e-01,2.5000e-01] x2=[3.1250e-01,3.7500e-01] x3=[-1.2500e-01,-6.2500e-02] ip,jp,kp=(-2147483647 -2147483647 -2147483647)
DustGasDrag halo violation: p=14844125 gid=995 x=(-nan -nan -nan) block x1=[1.2500e-01,2.5000e-01] x2=[3.1250e-01,3.7500e-01] x3=[-1.2500e-01,-6.2500e-02] ip,jp,kp=(-2147483647 -2147483647 -2147483647)
DustGasDrag halo violation: p=14844126 gid=995 x=(-nan -nan -nan) block x1=[1.2500e-01,2.5000e-01] x2=[3.1250e-01,3.7500e-01] x3=[-1.2500e-01,-6.2500e-02] ip,jp,kp=(-2147483647 -2147483647 -2147483647)
DustGasDrag halo violation: p=14743736 gid=967 x=(-nan -nan -nan) block x1=[1.2500e-01,2.5000e-01] x2=[3.1250e-01,3.7500e-01] x3=[-1.8750e-01,-1.2500e-01] ip,jp,kp=(-2147483647 -2147483647 -2147483647)
DustGasDrag halo violation: p=14743737 gid=967 x=(-nan -nan -nan) block x1=[1.2500e-01,2.5000e-01] x2=[3.1250e-01,3.7500e-01] x3=[-1.8750e-01,-1.2500e-01] ip,jp,kp=(-2147483647 -2147483647 -2147483647)
DustGasDrag halo violation: p=14743738 gid=967 x=(-nan -nan -nan) block x1=[1.2500e-01,2.5000e-01] x2=[3.1250e-01,3.7500e-01] x3=[-1.8750e-01,-1.2500e-01] ip,jp,kp=(-2147483647 -2147483647 -2147483647)
DustGasDrag halo violation: p=14743799 gid=967 x=(-nan -nan -nan) block x1=[1.2500e-01,2.5000e-01] x2=[3.1250e-01,3.7500e-01] x3=[-1.8750e-01,-1.2500e-01] ip,jp,kp=(-2147483647 -2147483647 -2147483647)
DustGasDrag halo violation: p=14743800 gid=967 x=(-nan -nan -nan) block x1=[1.2500e-01,2.5000e-01] x2=[3.1250e-01,3.7500e-01] x3=[-1.8750e-01,-1.2500e-01] ip,jp,kp=(-2147483647 -2147483647 -2147483647)
DustGasDrag halo violation: p=14743801 gid=967 x=(-nan -nan -nan) block x1=[1.2500e-01,2.5000e-01] x2=[3.1250e-01,3.7500e-01] x3=[-1.8750e-01,-1.2500e-01] ip,jp,kp=(-2147483647 -2147483647 -2147483647)
DustGasDrag halo violation: p=14743802 gid=967 x=(-nan -nan -nan) block x1=[1.2500e-01,2.5000e-01] x2=[3.1250e-01,3.7500e-01] x3=[-1.8750e-01,-1.2500e-01] ip,jp,kp=(-2147483647 -2147483647 -2147483647)
DustGasDrag halo violation: p=14743803 gid=967 x=(-nan -nan -nan) block x1=[1.2500e-01,2.5000e-01] x2=[3.1250e-01,3.7500e-01] x3=[-1.8750e-01,-1.2500e-01] ip,jp,kp=(-2147483647 -2147483647 -2147483647)
DustGasDrag halo violation: p=14743804 gid=967 x=(-nan -nan -nan) block x1=[1.2500e-01,2.5000e-01] x2=[3.1250e-01,3.7500e-01] x3=[-1.8750e-01,-1.2500e-01] ip,jp,kp=(-2147483647 -2147483647 -2147483647)
DustGasDrag halo violation: p=14743767 gid=967 x=(-nan -nan -nan) block x1=[1.2500e-01,2.5000e-01] x2=[3.1250e-01,3.7500e-01] x3=[-1.8750e-01,-1.2500e-01] ip,jp,kp=(-2147483647 -2147483647 -2147483647)
DustGasDrag halo violation: p=14743768 gid=967 x=(-nan -nan -nan) block x1=[1.2500e-01,2.5000e-01] x2=[3.1250e-01,3.7500e-01] x3=[-1.8750e-01,-1.2500e-01] ip,jp,kp=(-2147483647 -2147483647 -2147483647)
DustGasDrag halo violation: p=14743769 gid=967 x=(-nan -nan -nan) block x1=[1.2500e-01,2.5000e-01] x2=[3.1250e-01,3.7500e-01] x3=[-1.8750e-01,-1.2500e-01] ip,jp,kp=(-2147483647 -2147483647 -2147483647)
DustGasDrag halo violation: p=14743770 gid=967 x=(-nan -nan -nan) block x1=[1.2500e-01,2.5000e-01] x2=[3.1250e-01,3.7500e-01] x3=[-1.8750e-01,-1.2500e-01] ip,jp,kp=(-2147483647 -2147483647 -2147483647)
DustGasDrag halo violation: p=14743771 gid=967 x=(-nan -nan -nan) block x1=[1.2500e-01,2.5000e-01] x2=[3.1250e-01,3.7500e-01] x3=[-1.8750e-01,-1.2500e-01] ip,jp,kp=(-2147483647 -2147483647 -2147483647)
DustGasDrag halo violation: p=14743772 gid=967 x=(-nan -nan -nan) block x1=[1.2500e-01,2.5000e-01] x2=[3.1250e-01,3.7500e-01] x3=[-1.8750e-01,-1.2500e-01] ip,jp,kp=(-2147483647 -2147483647 -2147483647)
DustGasDrag halo violation: p=14844281 gid=995 x=(-nan -nan -nan) block x1=[1.2500e-01,2.5000e-01] x2=[3.1250e-01,3.7500e-01] x3=[-1.2500e-01,-6.2500e-02] ip,jp,kp=(-2147483647 -2147483647 -2147483647)
DustGasDrag halo violation: p=14844282 gid=995 x=(-nan -nan -nan) block x1=[1.2500e-01,2.5000e-01] x2=[3.1250e-01,3.7500e-01] x3=[-1.2500e-01,-6.2500e-02] ip,jp,kp=(-2147483647 -2147483647 -2147483647)
DustGasDrag halo violation: p=14844283 gid=995 x=(-nan -nan -nan) block x1=[1.2500e-01,2.5000e-01] x2=[3.1250e-01,3.7500e-01] x3=[-1.2500e-01,-6.2500e-02] ip,jp,kp=(-2147483647 -2147483647 -2147483647)
DustGasDrag halo violation: p=14847160 gid=995 x=(-nan -nan -nan) block x1=[1.2500e-01,2.5000e-01] x2=[3.1250e-01,3.7500e-01] x3=[-1.2500e-01,-6.2500e-02] ip,jp,kp=(-2147483647 -2147483647 -2147483647)
DustGasDrag halo violation: p=14847161 gid=995 x=(-nan -nan -nan) block x1=[1.2500e-01,2.5000e-01] x2=[3.1250e-01,3.7500e-01] x3=[-1.2500e-01,-6.2500e-02] ip,jp,kp=(-2147483647 -2147483647 -2147483647)
DustGasDrag halo violation: p=14847162 gid=995 x=(-nan -nan -nan) block x1=[1.2500e-01,2.5000e-01] x2=[3.1250e-01,3.7500e-01] x3=[-1.2500e-01,-6.2500e-02] ip,jp,kp=(-2147483647 -2147483647 -2147483647)
DustGasDrag halo violation: p=14847163 gid=995 x=(-nan -nan -nan) block x1=[1.2500e-01,2.5000e-01] x2=[3.1250e-01,3.7500e-01] x3=[-1.2500e-01,-6.2500e-02] ip,jp,kp=(-2147483647 -2147483647 -2147483647)
DustGasDrag halo violation: p=14847129 gid=995 x=(-nan -nan -nan) block x1=[1.2500e-01,2.5000e-01] x2=[3.1250e-01,3.7500e-01] x3=[-1.2500e-01,-6.2500e-02] ip,jp,kp=(-2147483647 -2147483647 -2147483647)
DustGasDrag halo violation: p=14847130 gid=995 x=(-nan -nan -nan) block x1=[1.2500e-01,2.5000e-01] x2=[3.1250e-01,3.7500e-01] x3=[-1.2500e-01,-6.2500e-02] ip,jp,kp=(-2147483647 -2147483647 -2147483647)
DustGasDrag halo violation: p=14847131 gid=995 x=(-nan -nan -nan) block x1=[1.2500e-01,2.5000e-01] x2=[3.1250e-01,3.7500e-01] x3=[-1.2500e-01,-6.2500e-02] ip,jp,kp=(-2147483647 -2147483647 -2147483647)
DustGasDrag halo violation: p=14844247 gid=995 x=(-nan -nan -nan) block x1=[1.2500e-01,2.5000e-01] x2=[3.1250e-01,3.7500e-01] x3=[-1.2500e-01,-6.2500e-02] ip,jp,kp=(-2147483647 -2147483647 -2147483647)
DustGasDrag halo violation: p=14844248 gid=995 x=(-nan -nan -nan) block x1=[1.2500e-01,2.5000e-01] x2=[3.1250e-01,3.7500e-01] x3=[-1.2500e-01,-6.2500e-02] ip,jp,kp=(-2147483647 -2147483647 -2147483647)
DustGasDrag halo violation: p=14844249 gid=995 x=(-nan -nan -nan) block x1=[1.2500e-01,2.5000e-01] x2=[3.1250e-01,3.7500e-01] x3=[-1.2500e-01,-6.2500e-02] ip,jp,kp=(-2147483647 -2147483647 -2147483647)
DustGasDrag halo violation: p=14844250 gid=995 x=(-nan -nan -nan) block x1=[1.2500e-01,2.5000e-01] x2=[3.1250e-01,3.7500e-01] x3=[-1.2500e-01,-6.2500e-02] ip,jp,kp=(-2147483647 -2147483647 -2147483647)
DustGasDrag halo violation: p=14844251 gid=995 x=(-nan -nan -nan) block x1=[1.2500e-01,2.5000e-01] x2=[3.1250e-01,3.7500e-01] x3=[-1.2500e-01,-6.2500e-02] ip,jp,kp=(-2147483647 -2147483647 -2147483647)
DustGasDrag halo violation: p=14844252 gid=995 x=(-nan -nan -nan) block x1=[1.2500e-01,2.5000e-01] x2=[3.1250e-01,3.7500e-01] x3=[-1.2500e-01,-6.2500e-02] ip,jp,kp=(-2147483647 -2147483647 -2147483647)
DustGasDrag halo violation: p=14844215 gid=995 x=(-nan -nan -nan) block x1=[1.2500e-01,2.5000e-01] x2=[3.1250e-01,3.7500e-01] x3=[-1.2500e-01,-6.2500e-02] ip,jp,kp=(-2147483647 -2147483647 -2147483647)
DustGasDrag halo violation: p=14844216 gid=995 x=(-nan -nan -nan) block x1=[1.2500e-01,2.5000e-01] x2=[3.1250e-01,3.7500e-01] x3=[-1.2500e-01,-6.2500e-02] ip,jp,kp=(-2147483647 -2147483647 -2147483647)
DustGasDrag halo violation: p=14844217 gid=995 x=(-nan -nan -nan) block x1=[1.2500e-01,2.5000e-01] x2=[3.1250e-01,3.7500e-01] x3=[-1.2500e-01,-6.2500e-02] ip,jp,kp=(-2147483647 -2147483647 -2147483647)
DustGasDrag halo violation: p=14844218 gid=995 x=(-nan -nan -nan) block x1=[1.2500e-01,2.5000e-01] x2=[3.1250e-01,3.7500e-01] x3=[-1.2500e-01,-6.2500e-02] ip,jp,kp=(-2147483647 -2147483647 -2147483647)
DustGasDrag halo violation: p=14844219 gid=995 x=(-nan -nan -nan) block x1=[1.2500e-01,2.5000e-01] x2=[3.1250e-01,3.7500e-01] x3=[-1.2500e-01,-6.2500e-02] ip,jp,kp=(-2147483647 -2147483647 -2147483647)
DustGasDrag halo violation: p=14844220 gid=995 x=(-nan -nan -nan) block x1=[1.2500e-01,2.5000e-01] x2=[3.1250e-01,3.7500e-01] x3=[-1.2500e-01,-6.2500e-02] ip,jp,kp=(-2147483647 -2147483647 -2147483647)
DustGasDrag halo violation: p=14844221 gid=995 x=(-nan -nan -nan) block x1=[1.2500e-01,2.5000e-01] x2=[3.1250e-01,3.7500e-01] x3=[-1.2500e-01,-6.2500e-02] ip,jp,kp=(-2147483647 -2147483647 -2147483647)
DustGasDrag halo violation: p=14847223 gid=995 x=(-nan -nan -nan) block x1=[1.2500e-01,2.5000e-01] x2=[3.1250e-01,3.7500e-01] x3=[-1.2500e-01,-6.2500e-02] ip,jp,kp=(-2147483647 -2147483647 -2147483647)
DustGasDrag halo violation: p=14847224 gid=995 x=(-nan -nan -nan) block x1=[1.2500e-01,2.5000e-01] x2=[3.1250e-01,3.7500e-01] x3=[-1.2500e-01,-6.2500e-02] ip,jp,kp=(-2147483647 -2147483647 -2147483647)
DustGasDrag halo violation: p=14847225 gid=995 x=(-nan -nan -nan) block x1=[1.2500e-01,2.5000e-01] x2=[3.1250e-01,3.7500e-01] x3=[-1.2500e-01,-6.2500e-02] ip,jp,kp=(-2147483647 -2147483647 -2147483647)
DustGasDrag halo violation: p=14847226 gid=995 x=(-nan -nan -nan) block x1=[1.2500e-01,2.5000e-01] x2=[3.1250e-01,3.7500e-01] x3=[-1.2500e-01,-6.2500e-02] ip,jp,kp=(-2147483647 -2147483647 -2147483647)
DustGasDrag halo violation: p=14847227 gid=995 x=(-nan -nan -nan) block x1=[1.2500e-01,2.5000e-01] x2=[3.1250e-01,3.7500e-01] x3=[-1.2500e-01,-6.2500e-02] ip,jp,kp=(-2147483647 -2147483647 -2147483647)
DustGasDrag halo violation: p=14847228 gid=995 x=(-nan -nan -nan) block x1=[1.2500e-01,2.5000e-01] x2=[3.1250e-01,3.7500e-01] x3=[-1.2500e-01,-6.2500e-02] ip,jp,kp=(-2147483647 -2147483647 -2147483647)
DustGasDrag halo violation: p=14847229 gid=995 x=(-nan -nan -nan) block x1=[1.2500e-01,2.5000e-01] x2=[3.1250e-01,3.7500e-01] x3=[-1.2500e-01,-6.2500e-02] ip,jp,kp=(-2147483647 -2147483647 -2147483647)
DustGasDrag halo violation: p=14846072 gid=995 x=(-nan -nan -nan) block x1=[1.2500e-01,2.5000e-01] x2=[3.1250e-01,3.7500e-01] x3=[-1.2500e-01,-6.2500e-02] ip,jp,kp=(-2147483647 -2147483647 -2147483647)
DustGasDrag halo violation: p=14846073 gid=995 x=(-nan -nan -nan) block x1=[1.2500e-01,2.5000e-01] x2=[3.1250e-01,3.7500e-01] x3=[-1.2500e-01,-6.2500e-02] ip,jp,kp=(-2147483647 -2147483647 -2147483647)
DustGasDrag halo violation: p=14846074 gid=995 x=(-nan -nan -nan) block x1=[1.2500e-01,2.5000e-01] x2=[3.1250e-01,3.7500e-01] x3=[-1.2500e-01,-6.2500e-02] ip,jp,kp=(-2147483647 -2147483647 -2147483647)
DustGasDrag halo violation: p=14847191 gid=995 x=(-nan -nan -nan) block x1=[1.2500e-01,2.5000e-01] x2=[3.1250e-01,3.7500e-01] x3=[-1.2500e-01,-6.2500e-02] ip,jp,kp=(-2147483647 -2147483647 -2147483647)
DustGasDrag halo violation: p=14847192 gid=995 x=(-nan -nan -nan) block x1=[1.2500e-01,2.5000e-01] x2=[3.1250e-01,3.7500e-01] x3=[-1.2500e-01,-6.2500e-02] ip,jp,kp=(-2147483647 -2147483647 -2147483647)
DustGasDrag halo violation: p=14847193 gid=995 x=(-nan -nan -nan) block x1=[1.2500e-01,2.5000e-01] x2=[3.1250e-01,3.7500e-01] x3=[-1.2500e-01,-6.2500e-02] ip,jp,kp=(-2147483647 -2147483647 -2147483647)
DustGasDrag halo violation: p=14847194 gid=995 x=(-nan -nan -nan) block x1=[1.2500e-01,2.5000e-01] x2=[3.1250e-01,3.7500e-01] x3=[-1.2500e-01,-6.2500e-02] ip,jp,kp=(-2147483647 -2147483647 -2147483647)
DustGasDrag halo violation: p=14847195 gid=995 x=(-nan -nan -nan) block x1=[1.2500e-01,2.5000e-01] x2=[3.1250e-01,3.7500e-01] x3=[-1.2500e-01,-6.2500e-02] ip,jp,kp=(-2147483647 -2147483647 -2147483647)
DustGasDrag halo violation: p=14847196 gid=995 x=(-nan -nan -nan) block x1=[1.2500e-01,2.5000e-01] x2=[3.1250e-01,3.7500e-01] x3=[-1.2500e-01,-6.2500e-02] ip,jp,kp=(-2147483647 -2147483647 -2147483647)
DustGasDrag halo violation: p=14847197 gid=995 x=(-nan -nan -nan) block x1=[1.2500e-01,2.5000e-01] x2=[3.1250e-01,3.7500e-01] x3=[-1.2500e-01,-6.2500e-02] ip,jp,kp=(-2147483647 -2147483647 -2147483647)
DustGasDrag halo violation: p=14844181 gid=995 x=(-nan -nan -nan) block x1=[1.2500e-01,2.5000e-01] x2=[3.1250e-01,3.7500e-01] x3=[-1.2500e-01,-6.2500e-02] ip,jp,kp=(-2147483647 -2147483647 -2147483647)
DustGasDrag halo violation: p=14844182 gid=995 x=(-nan -nan -nan) block x1=[1.2500e-01,2.5000e-01] x2=[3.1250e-01,3.7500e-01] x3=[-1.2500e-01,-6.2500e-02] ip,jp,kp=(-2147483647 -2147483647 -2147483647)
DustGasDrag halo violation: p=14844183 gid=995 x=(-nan -nan -nan) block x1=[1.2500e-01,2.5000e-01] x2=[3.1250e-01,3.7500e-01] x3=[-1.2500e-01,-6.2500e-02] ip,jp,kp=(-2147483647 -2147483647 -2147483647)
DustGasDrag halo violation: p=14844184 gid=995 x=(-nan -nan -nan) block x1=[1.2500e-01,2.5000e-01] x2=[3.1250e-01,3.7500e-01] x3=[-1.2500e-01,-6.2500e-02] ip,jp,kp=(-2147483647 -2147483647 -2147483647)
DustGasDrag halo violation: p=14844185 gid=995 x=(-nan -nan -nan) block x1=[1.2500e-01,2.5000e-01] x2=[3.1250e-01,3.7500e-01] x3=[-1.2500e-01,-6.2500e-02] ip,jp,kp=(-2147483647 -2147483647 -2147483647)
DustGasDrag halo violation: p=14844186 gid=995 x=(-nan -nan -nan) block x1=[1.2500e-01,2.5000e-01] x2=[3.1250e-01,3.7500e-01] x3=[-1.2500e-01,-6.2500e-02] ip,jp,kp=(-2147483647 -2147483647 -2147483647)
DustGasDrag halo violation: p=14844187 gid=995 x=(-nan -nan -nan) block x1=[1.2500e-01,2.5000e-01] x2=[3.1250e-01,3.7500e-01] x3=[-1.2500e-01,-6.2500e-02] ip,jp,kp=(-2147483647 -2147483647 -2147483647)
DustGasDrag halo violation: p=14844188 gid=995 x=(-nan -nan -nan) block x1=[1.2500e-01,2.5000e-01] x2=[3.1250e-01,3.7500e-01] x3=[-1.2500e-01,-6.2500e-02] ip,jp,kp=(-2147483647 -2147483647 -2147483647)
DustGasDrag halo violation: p=14844189 gid=995 x=(-nan -nan -nan) block x1=[1.2500e-01,2.5000e-01] x2=[3.1250e-01,3.7500e-01] x3=[-1.2500e-01,-6.2500e-02] ip,jp,kp=(-2147483647 -2147483647 -2147483647)
DustGasDrag halo violation: p=14844190 gid=995 x=(-nan -nan -nan) block x1=[1.2500e-01,2.5000e-01] x2=[3.1250e-01,3.7500e-01] x3=[-1.2500e-01,-6.2500e-02] ip,jp,kp=(-2147483647 -2147483647 -2147483647)
DustGasDrag halo violation: p=14845110 gid=995 x=(-nan -nan -nan) block x1=[1.2500e-01,2.5000e-01] x2=[3.1250e-01,3.7500e-01] x3=[-1.2500e-01,-6.2500e-02] ip,jp,kp=(-2147483647 -2147483647 -2147483647)
DustGasDrag halo violation: p=14845111 gid=995 x=(-nan -nan -nan) block x1=[1.2500e-01,2.5000e-01] x2=[3.1250e-01,3.7500e-01] x3=[-1.2500e-01,-6.2500e-02] ip,jp,kp=(-2147483647 -2147483647 -2147483647)
DustGasDrag halo violation: p=14845112 gid=995 x=(-nan -nan -nan) block x1=[1.2500e-01,2.5000e-01] x2=[3.1250e-01,3.7500e-01] x3=[-1.2500e-01,-6.2500e-02] ip,jp,kp=(-2147483647 -2147483647 -2147483647)
DustGasDrag halo violation: p=14845113 gid=995 x=(-nan -nan -nan) block x1=[1.2500e-01,2.5000e-01] x2=[3.1250e-01,3.7500e-01] x3=[-1.2500e-01,-6.2500e-02] ip,jp,kp=(-2147483647 -2147483647 -2147483647)
DustGasDrag halo violation: p=14845114 gid=995 x=(-nan -nan -nan) block x1=[1.2500e-01,2.5000e-01] x2=[3.1250e-01,3.7500e-01] x3=[-1.2500e-01,-6.2500e-02] ip,jp,kp=(-2147483647 -2147483647 -2147483647)
DustGasDrag halo violation: p=14845115 gid=995 x=(-nan -nan -nan) block x1=[1.2500e-01,2.5000e-01] x2=[3.1250e-01,3.7500e-01] x3=[-1.2500e-01,-6.2500e-02] ip,jp,kp=(-2147483647 -2147483647 -2147483647)
DustGasDrag halo violation: p=14845116 gid=995 x=(-nan -nan -nan) block x1=[1.2500e-01,2.5000e-01] x2=[3.1250e-01,3.7500e-01] x3=[-1.2500e-01,-6.2500e-02] ip,jp,kp=(-2147483647 -2147483647 -2147483647)
DustGasDrag halo violation: p=14845079 gid=995 x=(-nan -nan -nan) block x1=[1.2500e-01,2.5000e-01] x2=[3.1250e-01,3.7500e-01] x3=[-1.2500e-01,-6.2500e-02] ip,jp,kp=(-2147483647 -2147483647 -2147483647)
DustGasDrag halo violation: p=14845080 gid=995 x=(-nan -nan -nan) block x1=[1.2500e-01,2.5000e-01] x2=[3.1250e-01,3.7500e-01] x3=[-1.2500e-01,-6.2500e-02] ip,jp,kp=(-2147483647 -2147483647 -2147483647)
DustGasDrag halo violation: p=14845081 gid=995 x=(-nan -nan -nan) block x1=[1.2500e-01,2.5000e-01] x2=[3.1250e-01,3.7500e-01] x3=[-1.2500e-01,-6.2500e-02] ip,jp,kp=(-2147483647 -2147483647 -2147483647)
DustGasDrag halo violation: p=14845082 gid=995 x=(-nan -nan -nan) block x1=[1.2500e-01,2.5000e-01] x2=[3.1250e-01,3.7500e-01] x3=[-1.2500e-01,-6.2500e-02] ip,jp,kp=(-2147483647 -2147483647 -2147483647)
DustGasDrag halo violation: p=14845083 gid=995 x=(-nan -nan -nan) block x1=[1.2500e-01,2.5000e-01] x2=[3.1250e-01,3.7500e-01] x3=[-1.2500e-01,-6.2500e-02] ip,jp,kp=(-2147483647 -2147483647 -2147483647)
DustGasDrag halo violation: p=14845084 gid=995 x=(-nan -nan -nan) block x1=[1.2500e-01,2.5000e-01] x2=[3.1250e-01,3.7500e-01] x3=[-1.2500e-01,-6.2500e-02] ip,jp,kp=(-2147483647 -2147483647 -2147483647)
DustGasDrag halo violation: p=14846329 gid=995 x=(-nan -nan -nan) block x1=[1.2500e-01,2.5000e-01] x2=[3.1250e-01,3.7500e-01] x3=[-1.2500e-01,-6.2500e-02] ip,jp,kp=(-2147483647 -2147483647 -2147483647)
DustGasDrag halo violation: p=14846330 gid=995 x=(-nan -nan -nan) block x1=[1.2500e-01,2.5000e-01] x2=[3.1250e-01,3.7500e-01] x3=[-1.2500e-01,-6.2500e-02] ip,jp,kp=(-2147483647 -2147483647 -2147483647)
DustGasDrag halo violation: p=14846331 gid=995 x=(-nan -nan -nan) block x1=[1.2500e-01,2.5000e-01] x2=[3.1250e-01,3.7500e-01] x3=[-1.2500e-01,-6.2500e-02] ip,jp,kp=(-2147483647 -2147483647 -2147483647)
DustGasDrag halo violation: p=14845141 gid=995 x=(-nan -nan -nan) block x1=[1.2500e-01,2.5000e-01] x2=[3.1250e-01,3.7500e-01] x3=[-1.2500e-01,-6.2500e-02] ip,jp,kp=(-2147483647 -2147483647 -2147483647)
DustGasDrag halo violation: p=14845142 gid=995 x=(-nan -nan -nan) block x1=[1.2500e-01,2.5000e-01] x2=[3.1250e-01,3.7500e-01] x3=[-1.2500e-01,-6.2500e-02] ip,jp,kp=(-2147483647 -2147483647 -2147483647)
DustGasDrag halo violation: p=14845143 gid=995 x=(-nan -nan -nan) block x1=[1.2500e-01,2.5000e-01] x2=[3.1250e-01,3.7500e-01] x3=[-1.2500e-01,-6.2500e-02] ip,jp,kp=(-2147483647 -2147483647 -2147483647)
DustGasDrag halo violation: p=14845144 gid=995 x=(-nan -nan -nan) block x1=[1.2500e-01,2.5000e-01] x2=[3.1250e-01,3.7500e-01] x3=[-1.2500e-01,-6.2500e-02] ip,jp,kp=(-2147483647 -2147483647 -2147483647)
DustGasDrag halo violation: p=14845145 gid=995 x=(-nan -nan -nan) block x1=[1.2500e-01,2.5000e-01] x2=[3.1250e-01,3.7500e-01] x3=[-1.2500e-01,-6.2500e-02] ip,jp,kp=(-2147483647 -2147483647 -2147483647)
DustGasDrag halo violation: p=14845146 gid=995 x=(-nan -nan -nan) block x1=[1.2500e-01,2.5000e-01] x2=[3.1250e-01,3.7500e-01] x3=[-1.2500e-01,-6.2500e-02] ip,jp,kp=(-2147483647 -2147483647 -2147483647)
DustGasDrag halo violation: p=14845147 gid=995 x=(-nan -nan -nan) block x1=[1.2500e-01,2.5000e-01] x2=[3.1250e-01,3.7500e-01] x3=[-1.2500e-01,-6.2500e-02] ip,jp,kp=(-2147483647 -2147483647 -2147483647)
DustGasDrag halo violation: p=14845148 gid=995 x=(-nan -nan -nan) block x1=[1.2500e-01,2.5000e-01] x2=[3.1250e-01,3.7500e-01] x3=[-1.2500e-01,-6.2500e-02] ip,jp,kp=(-2147483647 -2147483647 -2147483647)
DustGasDrag halo violation: p=14845149 gid=995 x=(-nan -nan -nan) block x1=[1.2500e-01,2.5000e-01] x2=[3.1250e-01,3.7500e-01] x3=[-1.2500e-01,-6.2500e-02] ip,jp,kp=(-2147483647 -2147483647 -2147483647)
DustGasDrag halo violation: p=14845150 gid=995 x=(-nan -nan -nan) block x1=[1.2500e-01,2.5000e-01] x2=[3.1250e-01,3.7500e-01] x3=[-1.2500e-01,-6.2500e-02] ip,jp,kp=(-2147483647 -2147483647 -2147483647)
DustGasDrag halo violation: p=14845173 gid=995 x=(-nan -nan -nan) block x1=[1.2500e-01,2.5000e-01] x2=[3.1250e-01,3.7500e-01] x3=[-1.2500e-01,-6.2500e-02] ip,jp,kp=(-2147483647 -2147483647 -2147483647)
DustGasDrag halo violation: p=14845174 gid=995 x=(-nan -nan -nan) block x1=[1.2500e-01,2.5000e-01] x2=[3.1250e-01,3.7500e-01] x3=[-1.2500e-01,-6.2500e-02] ip,jp,kp=(-2147483647 -2147483647 -2147483647)
DustGasDrag halo violation: p=14845175 gid=995 x=(-nan -nan -nan) block x1=[1.2500e-01,2.5000e-01] x2=[3.1250e-01,3.7500e-01] x3=[-1.2500e-01,-6.2500e-02] ip,jp,kp=(-2147483647 -2147483647 -2147483647)
DustGasDrag halo violation: p=14845176 gid=995 x=(-nan -nan -nan) block x1=[1.2500e-01,2.5000e-01] x2=[3.1250e-01,3.7500e-01] x3=[-1.2500e-01,-6.2500e-02] ip,jp,kp=(-2147483647 -2147483647 -2147483647)
DustGasDrag halo violation: p=14845177 gid=995 x=(-nan -nan -nan) block x1=[1.2500e-01,2.5000e-01] x2=[3.1250e-01,3.7500e-01] x3=[-1.2500e-01,-6.2500e-02] ip,jp,kp=(-2147483647 -2147483647 -2147483647)
DustGasDrag halo violation: p=14845178 gid=995 x=(-nan -nan -nan) block x1=[1.2500e-01,2.5000e-01] x2=[3.1250e-01,3.7500e-01] x3=[-1.2500e-01,-6.2500e-02] ip,jp,kp=(-2147483647 -2147483647 -2147483647)
DustGasDrag halo violation: p=14845179 gid=995 x=(-nan -nan -nan) block x1=[1.2500e-01,2.5000e-01] x2=[3.1250e-01,3.7500e-01] x3=[-1.2500e-01,-6.2500e-02] ip,jp,kp=(-2147483647 -2147483647 -2147483647)
DustGasDrag halo violation: p=14845180 gid=995 x=(-nan -nan -nan) block x1=[1.2500e-01,2.5000e-01] x2=[3.1250e-01,3.7500e-01] x3=[-1.2500e-01,-6.2500e-02] ip,jp,kp=(-2147483647 -2147483647 -2147483647)
DustGasDrag halo violation: p=14845181 gid=995 x=(-nan -nan -nan) block x1=[1.2500e-01,2.5000e-01] x2=[3.1250e-01,3.7500e-01] x3=[-1.2500e-01,-6.2500e-02] ip,jp,kp=(-2147483647 -2147483647 -2147483647)
DustGasDrag halo violation: p=14845182 gid=995 x=(-nan -nan -nan) block x1=[1.2500e-01,2.5000e-01] x2=[3.1250e-01,3.7500e-01] x3=[-1.2500e-01,-6.2500e-02] ip,jp,kp=(-2147483647 -2147483647 -2147483647)
DustGasDrag halo violation: p=14846103 gid=995 x=(-nan -nan -nan) block x1=[1.2500e-01,2.5000e-01] x2=[3.1250e-01,3.7500e-01] x3=[-1.2500e-01,-6.2500e-02] ip,jp,kp=(-2147483647 -2147483647 -2147483647)
DustGasDrag halo violation: p=14846104 gid=995 x=(-nan -nan -nan) block x1=[1.2500e-01,2.5000e-01] x2=[3.1250e-01,3.7500e-01] x3=[-1.2500e-01,-6.2500e-02] ip,jp,kp=(-2147483647 -2147483647 -2147483647)
DustGasDrag halo violation: p=14846105 gid=995 x=(-nan -nan -nan) block x1=[1.2500e-01,2.5000e-01] x2=[3.1250e-01,3.7500e-01] x3=[-1.2500e-01,-6.2500e-02] ip,jp,kp=(-2147483647 -2147483647 -2147483647)
DustGasDrag halo violation: p=14846106 gid=995 x=(-nan -nan -nan) block x1=[1.2500e-01,2.5000e-01] x2=[3.1250e-01,3.7500e-01] x3=[-1.2500e-01,-6.2500e-02] ip,jp,kp=(-2147483647 -2147483647 -2147483647)
DustGasDrag halo violation: p=14846107 gid=995 x=(-nan -nan -nan) block x1=[1.2500e-01,2.5000e-01] x2=[3.1250e-01,3.7500e-01] x3=[-1.2500e-01,-6.2500e-02] ip,jp,kp=(-2147483647 -2147483647 -2147483647)
DustGasDrag halo violation: p=14846108 gid=995 x=(-nan -nan -nan) block x1=[1.2500e-01,2.5000e-01] x2=[3.1250e-01,3.7500e-01] x3=[-1.2500e-01,-6.2500e-02] ip,jp,kp=(-2147483647 -2147483647 -2147483647)
DustGasDrag halo violation: p=14846295 gid=995 x=(-nan -nan -nan) block x1=[1.2500e-01,2.5000e-01] x2=[3.1250e-01,3.7500e-01] x3=[-1.2500e-01,-6.2500e-02] ip,jp,kp=(-2147483647 -2147483647 -2147483647)
DustGasDrag halo violation: p=14846296 gid=995 x=(-nan -nan -nan) block x1=[1.2500e-01,2.5000e-01] x2=[3.1250e-01,3.7500e-01] x3=[-1.2500e-01,-6.2500e-02] ip,jp,kp=(-2147483647 -2147483647 -2147483647)
DustGasDrag halo violation: p=14846297 gid=995 x=(-nan -nan -nan) block x1=[1.2500e-01,2.5000e-01] x2=[3.1250e-01,3.7500e-01] x3=[-1.2500e-01,-6.2500e-02] ip,jp,kp=(-2147483647 -2147483647 -2147483647)
DustGasDrag halo violation: p=14846298 gid=995 x=(-nan -nan -nan) block x1=[1.2500e-01,2.5000e-01] x2=[3.1250e-01,3.7500e-01] x3=[-1.2500e-01,-6.2500e-02] ip,jp,kp=(-2147483647 -2147483647 -2147483647)
DustGasDrag halo violation: p=14846299 gid=995 x=(-nan -nan -nan) block x1=[1.2500e-01,2.5000e-01] x2=[3.1250e-01,3.7500e-01] x3=[-1.2500e-01,-6.2500e-02] ip,jp,kp=(-2147483647 -2147483647 -2147483647)
DustGasDrag halo violation: p=14846300 gid=995 x=(-nan -nan -nan) block x1=[1.2500e-01,2.5000e-01] x2=[3.1250e-01,3.7500e-01] x3=[-1.2500e-01,-6.2500e-02] ip,jp,kp=(-2147483647 -2147483647 -2147483647)
DustGasDrag halo violation: p=14846134 gid=995 x=(-nan -nan -nan) block x1=[1.2500e-01,2.5000e-01] x2=[3.1250e-01,3.7500e-01] x3=[-1.2500e-01,-6.2500e-02] ip,jp,kp=(-2147483647 -2147483647 -2147483647)
DustGasDrag halo violation: p=14846135 gid=995 x=(-nan -nan -nan) block x1=[1.2500e-01,2.5000e-01] x2=[3.1250e-01,3.7500e-01] x3=[-1.2500e-01,-6.2500e-02] ip,jp,kp=(-2147483647 -2147483647 -2147483647)
DustGasDrag halo violation: p=14846136 gid=995 x=(-nan -nan -nan) block x1=[1.2500e-01,2.5000e-01] x2=[3.1250e-01,3.7500e-01] x3=[-1.2500e-01,-6.2500e-02] ip,jp,kp=(-2147483647 -2147483647 -2147483647)
DustGasDrag halo violation: p=14846137 gid=995 x=(-nan -nan -nan) block x1=[1.2500e-01,2.5000e-01] x2=[3.1250e-01,3.7500e-01] x3=[-1.2500e-01,-6.2500e-02] ip,jp,kp=(-2147483647 -2147483647 -2147483647)
DustGasDrag halo violation: p=14846138 gid=995 x=(-nan -nan -nan) block x1=[1.2500e-01,2.5000e-01] x2=[3.1250e-01,3.7500e-01] x3=[-1.2500e-01,-6.2500e-02] ip,jp,kp=(-2147483647 -2147483647 -2147483647)
DustGasDrag halo violation: p=14846139 gid=995 x=(-nan -nan -nan) block x1=[1.2500e-01,2.5000e-01] x2=[3.1250e-01,3.7500e-01] x3=[-1.2500e-01,-6.2500e-02] ip,jp,kp=(-2147483647 -2147483647 -2147483647)
DustGasDrag halo violation: p=14846140 gid=995 x=(-nan -nan -nan) block x1=[1.2500e-01,2.5000e-01] x2=[3.1250e-01,3.7500e-01] x3=[-1.2500e-01,-6.2500e-02] ip,jp,kp=(-2147483647 -2147483647 -2147483647)
DustGasDrag halo violation: p=14846263 gid=995 x=(-nan -nan -nan) block x1=[1.2500e-01,2.5000e-01] x2=[3.1250e-01,3.7500e-01] x3=[-1.2500e-01,-6.2500e-02] ip,jp,kp=(-2147483647 -2147483647 -2147483647)
DustGasDrag halo violation: p=14846264 gid=995 x=(-nan -nan -nan) block x1=[1.2500e-01,2.5000e-01] x2=[3.1250e-01,3.7500e-01] x3=[-1.2500e-01,-6.2500e-02] ip,jp,kp=(-2147483647 -2147483647 -2147483647)
DustGasDrag halo violation: p=14846265 gid=995 x=(-nan -nan -nan) block x1=[1.2500e-01,2.5000e-01] x2=[3.1250e-01,3.7500e-01] x3=[-1.2500e-01,-6.2500e-02] ip,jp,kp=(-2147483647 -2147483647 -2147483647)
DustGasDrag halo violation: p=14846266 gid=995 x=(-nan -nan -nan) block x1=[1.2500e-01,2.5000e-01] x2=[3.1250e-01,3.7500e-01] x3=[-1.2500e-01,-6.2500e-02] ip,jp,kp=(-2147483647 -2147483647 -2147483647)
DustGasDrag halo violation: p=14846267 gid=995 x=(-nan -nan -nan) block x1=[1.2500e-01,2.5000e-01] x2=[3.1250e-01,3.7500e-01] x3=[-1.2500e-01,-6.2500e-02] ip,jp,kp=(-2147483647 -2147483647 -2147483647)
DustGasDrag halo violation: p=14846268 gid=995 x=(-nan -nan -nan) block x1=[1.2500e-01,2.5000e-01] x2=[3.1250e-01,3.7500e-01] x3=[-1.2500e-01,-6.2500e-02] ip,jp,kp=(-2147483647 -2147483647 -2147483647)
DustGasDrag halo violation: p=14846269 gid=995 x=(-nan -nan -nan) block x1=[1.2500e-01,2.5000e-01] x2=[3.1250e-01,3.7500e-01] x3=[-1.2500e-01,-6.2500e-02] ip,jp,kp=(-2147483647 -2147483647 -2147483647)
DustGasDrag halo violation: p=14846165 gid=995 x=(-nan -nan -nan) block x1=[1.2500e-01,2.5000e-01] x2=[3.1250e-01,3.7500e-01] x3=[-1.2500e-01,-6.2500e-02] ip,jp,kp=(-2147483647 -2147483647 -2147483647)
DustGasDrag halo violation: p=14846166 gid=995 x=(-nan -nan -nan) block x1=[1.2500e-01,2.5000e-01] x2=[3.1250e-01,3.7500e-01] x3=[-1.2500e-01,-6.2500e-02] ip,jp,kp=(-2147483647 -2147483647 -2147483647)
DustGasDrag halo violation: p=14846167 gid=995 x=(-nan -nan -nan) block x1=[1.2500e-01,2.5000e-01] x2=[3.1250e-01,3.7500e-01] x3=[-1.2500e-01,-6.2500e-02] ip,jp,kp=(-2147483647 -2147483647 -2147483647)
DustGasDrag halo violation: p=14846168 gid=995 x=(-nan -nan -nan) block x1=[1.2500e-01,2.5000e-01] x2=[3.1250e-01,3.7500e-01] x3=[-1.2500e-01,-6.2500e-02] ip,jp,kp=(-2147483647 -2147483647 -2147483647)
DustGasDrag halo violation: p=14846169 gid=995 x=(-nan -nan -nan) block x1=[1.2500e-01,2.5000e-01] x2=[3.1250e-01,3.7500e-01] x3=[-1.2500e-01,-6.2500e-02] ip,jp,kp=(-2147483647 -2147483647 -2147483647)
DustGasDrag halo violation: p=14846170 gid=995 x=(-nan -nan -nan) block x1=[1.2500e-01,2.5000e-01] x2=[3.1250e-01,3.7500e-01] x3=[-1.2500e-01,-6.2500e-02] ip,jp,kp=(-2147483647 -2147483647 -2147483647)
DustGasDrag halo violation: p=14846171 gid=995 x=(-nan -nan -nan) block x1=[1.2500e-01,2.5000e-01] x2=[3.1250e-01,3.7500e-01] x3=[-1.2500e-01,-6.2500e-02] ip,jp,kp=(-2147483647 -2147483647 -2147483647)
DustGasDrag halo violation: p=14846172 gid=995 x=(-nan -nan -nan) block x1=[1.2500e-01,2.5000e-01] x2=[3.1250e-01,3.7500e-01] x3=[-1.2500e-01,-6.2500e-02] ip,jp,kp=(-2147483647 -2147483647 -2147483647)
DustGasDrag halo violation: p=14846173 gid=995 x=(-nan -nan -nan) block x1=[1.2500e-01,2.5000e-01] x2=[3.1250e-01,3.7500e-01] x3=[-1.2500e-01,-6.2500e-02] ip,jp,kp=(-2147483647 -2147483647 -2147483647)
DustGasDrag halo violation: p=14846174 gid=995 x=(-nan -nan -nan) block x1=[1.2500e-01,2.5000e-01] x2=[3.1250e-01,3.7500e-01] x3=[-1.2500e-01,-6.2500e-02] ip,jp,kp=(-2147483647 -2147483647 -2147483647)
DustGasDrag halo violation: p=14846197 gid=995 x=(-nan -nan -nan) block x1=[1.2500e-01,2.5000e-01] x2=[3.1250e-01,3.7500e-01] x3=[-1.2500e-01,-6.2500e-02] ip,jp,kp=(-2147483647 -2147483647 -2147483647)
DustGasDrag halo violation: p=14846198 gid=995 x=(-nan -nan -nan) block x1=[1.2500e-01,2.5000e-01] x2=[3.1250e-01,3.7500e-01] x3=[-1.2500e-01,-6.2500e-02] ip,jp,kp=(-2147483647 -2147483647 -2147483647)
DustGasDrag halo violation: p=14846199 gid=995 x=(-nan -nan -nan) block x1=[1.2500e-01,2.5000e-01] x2=[3.1250e-01,3.7500e-01] x3=[-1.2500e-01,-6.2500e-02] ip,jp,kp=(-2147483647 -2147483647 -2147483647)
DustGasDrag halo violation: p=14846200 gid=995 x=(-nan -nan -nan) block x1=[1.2500e-01,2.5000e-01] x2=[3.1250e-01,3.7500e-01] x3=[-1.2500e-01,-6.2500e-02] ip,jp,kp=(-2147483647 -2147483647 -2147483647)
DustGasDrag halo violation: p=14846201 gid=995 x=(-nan -nan -nan) block x1=[1.2500e-01,2.5000e-01] x2=[3.1250e-01,3.7500e-01] x3=[-1.2500e-01,-6.2500e-02] ip,jp,kp=(-2147483647 -2147483647 -2147483647)
DustGasDrag halo violation: p=14846202 gid=995 x=(-nan -nan -nan) block x1=[1.2500e-01,2.5000e-01] x2=[3.1250e-01,3.7500e-01] x3=[-1.2500e-01,-6.2500e-02] ip,jp,kp=(-2147483647 -2147483647 -2147483647)
DustGasDrag halo violation: p=14846203 gid=995 x=(-nan -nan -nan) block x1=[1.2500e-01,2.5000e-01] x2=[3.1250e-01,3.7500e-01] x3=[-1.2500e-01,-6.2500e-02] ip,jp,kp=(-2147483647 -2147483647 -2147483647)
DustGasDrag halo violation: p=14846204 gid=995 x=(-nan -nan -nan) block x1=[1.2500e-01,2.5000e-01] x2=[3.1250e-01,3.7500e-01] x3=[-1.2500e-01,-6.2500e-02] ip,jp,kp=(-2147483647 -2147483647 -2147483647)
DustGasDrag halo violation: p=14846205 gid=995 x=(-nan -nan -nan) block x1=[1.2500e-01,2.5000e-01] x2=[3.1250e-01,3.7500e-01] x3=[-1.2500e-01,-6.2500e-02] ip,jp,kp=(-2147483647 -2147483647 -2147483647)
DustGasDrag halo violation: p=14846206 gid=995 x=(-nan -nan -nan) block x1=[1.2500e-01,2.5000e-01] x2=[3.1250e-01,3.7500e-01] x3=[-1.2500e-01,-6.2500e-02] ip,jp,kp=(-2147483647 -2147483647 -2147483647)
DustGasDrag halo violation: p=14846229 gid=995 x=(-nan -nan -nan) block x1=[1.2500e-01,2.5000e-01] x2=[3.1250e-01,3.7500e-01] x3=[-1.2500e-01,-6.2500e-02] ip,jp,kp=(-2147483647 -2147483647 -2147483647)
DustGasDrag halo violation: p=14846230 gid=995 x=(-nan -nan -nan) block x1=[1.2500e-01,2.5000e-01] x2=[3.1250e-01,3.7500e-01] x3=[-1.2500e-01,-6.2500e-02] ip,jp,kp=(-2147483647 -2147483647 -2147483647)
DustGasDrag halo violation: p=14846231 gid=995 x=(-nan -nan -nan) block x1=[1.2500e-01,2.5000e-01] x2=[3.1250e-01,3.7500e-01] x3=[-1.2500e-01,-6.2500e-02] ip,jp,kp=(-2147483647 -2147483647 -2147483647)
DustGasDrag halo violation: p=14846232 gid=995 x=(-nan -nan -nan) block x1=[1.2500e-01,2.5000e-01] x2=[3.1250e-01,3.7500e-01] x3=[-1.2500e-01,-6.2500e-02] ip,jp,kp=(-2147483647 -2147483647 -2147483647)
DustGasDrag halo violation: p=14846233 gid=995 x=(-nan -nan -nan) block x1=[1.2500e-01,2.5000e-01] x2=[3.1250e-01,3.7500e-01] x3=[-1.2500e-01,-6.2500e-02] ip,jp,kp=(-2147483647 -2147483647 -2147483647)
DustGasDrag halo violation: p=14846234 gid=995 x=(-nan -nan -nan) block x1=[1.2500e-01,2.5000e-01] x2=[3.1250e-01,3.7500e-01] x3=[-1.2500e-01,-6.2500e-02] ip,jp,kp=(-2147483647 -2147483647 -2147483647)
DustGasDrag halo violation: p=14846235 gid=995 x=(-nan -nan -nan) block x1=[1.2500e-01,2.5000e-01] x2=[3.1250e-01,3.7500e-01] x3=[-1.2500e-01,-6.2500e-02] ip,jp,kp=(-2147483647 -2147483647 -2147483647)
DustGasDrag halo violation: p=14846236 gid=995 x=(-nan -nan -nan) block x1=[1.2500e-01,2.5000e-01] x2=[3.1250e-01,3.7500e-01] x3=[-1.2500e-01,-6.2500e-02] ip,jp,kp=(-2147483647 -2147483647 -2147483647)
DustGasDrag halo violation: p=14846237 gid=995 x=(-nan -nan -nan) block x1=[1.2500e-01,2.5000e-01] x2=[3.1250e-01,3.7500e-01] x3=[-1.2500e-01,-6.2500e-02] ip,jp,kp=(-2147483647 -2147483647 -2147483647)
DustGasDrag halo violation: p=14846238 gid=995 x=(-nan -nan -nan) block x1=[1.2500e-01,2.5000e-01] x2=[3.1250e-01,3.7500e-01] x3=[-1.2500e-01,-6.2500e-02] ip,jp,kp=(-2147483647 -2147483647 -2147483647)
DustGasDrag halo violation: p=14849273 gid=995 x=(-nan -nan -nan) block x1=[1.2500e-01,2.5000e-01] x2=[3.1250e-01,3.7500e-01] x3=[-1.2500e-01,-6.2500e-02] ip,jp,kp=(-2147483647 -2147483647 -2147483647)
DustGasDrag halo violation: p=14849274 gid=995 x=(-nan -nan -nan) block x1=[1.2500e-01,2.5000e-01] x2=[3.1250e-01,3.7500e-01] x3=[-1.2500e-01,-6.2500e-02] ip,jp,kp=(-2147483647 -2147483647 -2147483647)
DustGasDrag halo violation: p=14849275 gid=995 x=(-nan -nan -nan) block x1=[1.2500e-01,2.5000e-01] x2=[3.1250e-01,3.7500e-01] x3=[-1.2500e-01,-6.2500e-02] ip,jp,kp=(-2147483647 -2147483647 -2147483647)
DustGasDrag halo violation: p=14849241 gid=995 x=(-nan -nan -nan) block x1=[1.2500e-01,2.5000e-01] x2=[3.1250e-01,3.7500e-01] x3=[-1.2500e-01,-6.2500e-02] ip,jp,kp=(-2147483647 -2147483647 -2147483647)
DustGasDrag halo violation: p=14849242 gid=995 x=(-nan -nan -nan) block x1=[1.2500e-01,2.5000e-01] x2=[3.1250e-01,3.7500e-01] x3=[-1.2500e-01,-6.2500e-02] ip,jp,kp=(-2147483647 -2147483647 -2147483647)
DustGasDrag halo violation: p=14849243 gid=995 x=(-nan -nan -nan) block x1=[1.2500e-01,2.5000e-01] x2=[3.1250e-01,3.7500e-01] x3=[-1.2500e-01,-6.2500e-02] ip,jp,kp=(-2147483647 -2147483647 -2147483647)
DustGasDrag halo violation: p=14845048 gid=995 x=(-nan -nan -nan) block x1=[1.2500e-01,2.5000e-01] x2=[3.1250e-01,3.7500e-01] x3=[-1.2500e-01,-6.2500e-02] ip,jp,kp=(-2147483647 -2147483647 -2147483647)
DustGasDrag halo violation: p=14845049 gid=995 x=(-nan -nan -nan) block x1=[1.2500e-01,2.5000e-01] x2=[3.1250e-01,3.7500e-01] x3=[-1.2500e-01,-6.2500e-02] ip,jp,kp=(-2147483647 -2147483647 -2147483647)
DustGasDrag halo violation: p=14845050 gid=995 x=(-nan -nan -nan) block x1=[1.2500e-01,2.5000e-01] x2=[3.1250e-01,3.7500e-01] x3=[-1.2500e-01,-6.2500e-02] ip,jp,kp=(-2147483647 -2147483647 -2147483647)
DustGasDrag halo violation: p=14845305 gid=995 x=(-nan -nan -nan) block x1=[1.2500e-01,2.5000e-01] x2=[3.1250e-01,3.7500e-01] x3=[-1.2500e-01,-6.2500e-02] ip,jp,kp=(-2147483647 -2147483647 -2147483647)
DustGasDrag halo violation: p=14845306 gid=995 x=(-nan -nan -nan) block x1=[1.2500e-01,2.5000e-01] x2=[3.1250e-01,3.7500e-01] x3=[-1.2500e-01,-6.2500e-02] ip,jp,kp=(-2147483647 -2147483647 -2147483647)
DustGasDrag halo violation: p=14845307 gid=995 x=(-nan -nan -nan) block x1=[1.2500e-01,2.5000e-01] x2=[3.1250e-01,3.7500e-01] x3=[-1.2500e-01,-6.2500e-02] ip,jp,kp=(-2147483647 -2147483647 -2147483647)
DustGasDrag halo violation: p=14849305 gid=995 x=(-nan -nan -nan) block x1=[1.2500e-01,2.5000e-01] x2=[3.1250e-01,3.7500e-01] x3=[-1.2500e-01,-6.2500e-02] ip,jp,kp=(-2147483647 -2147483647 -2147483647)
DustGasDrag halo violation: p=14849306 gid=995 x=(-nan -nan -nan) block x1=[1.2500e-01,2.5000e-01] x2=[3.1250e-01,3.7500e-01] x3=[-1.2500e-01,-6.2500e-02] ip,jp,kp=(-2147483647 -2147483647 -2147483647)
DustGasDrag halo violation: p=14849307 gid=995 x=(-nan -nan -nan) block x1=[1.2500e-01,2.5000e-01] x2=[3.1250e-01,3.7500e-01] x3=[-1.2500e-01,-6.2500e-02] ip,jp,kp=(-2147483647 -2147483647 -2147483647)
DustGasDrag halo violation: p=14845271 gid=995 x=(-nan -nan -nan) block x1=[1.2500e-01,2.5000e-01] x2=[3.1250e-01,3.7500e-01] x3=[-1.2500e-01,-6.2500e-02] ip,jp,kp=(-2147483647 -2147483647 -2147483647)
DustGasDrag halo violation: p=14845272 gid=995 x=(-nan -nan -nan) block x1=[1.2500e-01,2.5000e-01] x2=[3.1250e-01,3.7500e-01] x3=[-1.2500e-01,-6.2500e-02] ip,jp,kp=(-2147483647 -2147483647 -2147483647)
DustGasDrag halo violation: p=14845273 gid=995 x=(-nan -nan -nan) block x1=[1.2500e-01,2.5000e-01] x2=[3.1250e-01,3.7500e-01] x3=[-1.2500e-01,-6.2500e-02] ip,jp,kp=(-2147483647 -2147483647 -2147483647)
DustGasDrag halo violation: p=14845274 gid=995 x=(-nan -nan -nan) block x1=[1.2500e-01,2.5000e-01] x2=[3.1250e-01,3.7500e-01] x3=[-1.2500e-01,-6.2500e-02] ip,jp,kp=(-2147483647 -2147483647 -2147483647)
DustGasDrag halo violation: p=14845275 gid=995 x=(-nan -nan -nan) block x1=[1.2500e-01,2.5000e-01] x2=[3.1250e-01,3.7500e-01] x3=[-1.2500e-01,-6.2500e-02] ip,jp,kp=(-2147483647 -2147483647 -2147483647)
DustGasDrag halo violation: p=14845276 gid=995 x=(-nan -nan -nan) block x1=[1.2500e-01,2.5000e-01] x2=[3.1250e-01,3.7500e-01] x3=[-1.2500e-01,-6.2500e-02] ip,jp,kp=(-2147483647 -2147483647 -2147483647)
DustGasDrag halo violation: p=14845205 gid=995 x=(-nan -nan -nan) block x1=[1.2500e-01,2.5000e-01] x2=[3.1250e-01,3.7500e-01] x3=[-1.2500e-01,-6.2500e-02] ip,jp,kp=(-2147483647 -2147483647 -2147483647)
DustGasDrag halo violation: p=14845206 gid=995 x=(-nan -nan -nan) block x1=[1.2500e-01,2.5000e-01] x2=[3.1250e-01,3.7500e-01] x3=[-1.2500e-01,-6.2500e-02] ip,jp,kp=(-2147483647 -2147483647 -2147483647)
DustGasDrag halo violation: p=14845207 gid=995 x=(-nan -nan -nan) block x1=[1.2500e-01,2.5000e-01] x2=[3.1250e-01,3.7500e-01] x3=[-1.2500e-01,-6.2500e-02] ip,jp,kp=(-2147483647 -2147483647 -2147483647)
DustGasDrag halo violation: p=14845208 gid=995 x=(-nan -nan -nan) block x1=[1.2500e-01,2.5000e-01] x2=[3.1250e-01,3.7500e-01] x3=[-1.2500e-01,-6.2500e-02] ip,jp,kp=(-2147483647 -2147483647 -2147483647)
DustGasDrag halo violation: p=14845209 gid=995 x=(-nan -nan -nan) block x1=[1.2500e-01,2.5000e-01] x2=[3.1250e-01,3.7500e-01] x3=[-1.2500e-01,-6.2500e-02] ip,jp,kp=(-2147483647 -2147483647 -2147483647)
DustGasDrag halo violation: p=14845210 gid=995 x=(-nan -nan -nan) block x1=[1.2500e-01,2.5000e-01] x2=[3.1250e-01,3.7500e-01] x3=[-1.2500e-01,-6.2500e-02] ip,jp,kp=(-2147483647 -2147483647 -2147483647)
DustGasDrag halo violation: p=14845211 gid=995 x=(-nan -nan -nan) block x1=[1.2500e-01,2.5000e-01] x2=[3.1250e-01,3.7500e-01] x3=[-1.2500e-01,-6.2500e-02] ip,jp,kp=(-2147483647 -2147483647 -2147483647)
DustGasDrag halo violation: p=14845212 gid=995 x=(-nan -nan -nan) block x1=[1.2500e-01,2.5000e-01] x2=[3.1250e-01,3.7500e-01] x3=[-1.2500e-01,-6.2500e-02] ip,jp,kp=(-2147483647 -2147483647 -2147483647)
DustGasDrag halo violation: p=14845213 gid=995 x=(-nan -nan -nan) block x1=[1.2500e-01,2.5000e-01] x2=[3.1250e-01,3.7500e-01] x3=[-1.2500e-01,-6.2500e-02] ip,jp,kp=(-2147483647 -2147483647 -2147483647)
DustGasDrag halo violation: p=14845214 gid=995 x=(-nan -nan -nan) block x1=[1.2500e-01,2.5000e-01] x2=[3.1250e-01,3.7500e-01] x3=[-1.2500e-01,-6.2500e-02] ip,jp,kp=(-2147483647 -2147483647 -2147483647)
DustGasDrag halo violation: p=14845239 gid=995 x=(-nan -nan -nan) block x1=[1.2500e-01,2.5000e-01] x2=[3.1250e-01,3.7500e-01] x3=[-1.2500e-01,-6.2500e-02] ip,jp,kp=(-2147483647 -2147483647 -2147483647)
DustGasDrag halo violation: p=14845240 gid=995 x=(-nan -nan -nan) block x1=[1.2500e-01,2.5000e-01] x2=[3.1250e-01,3.7500e-01] x3=[-1.2500e-01,-6.2500e-02] ip,jp,kp=(-2147483647 -2147483647 -2147483647)
DustGasDrag halo violation: p=14845241 gid=995 x=(-nan -nan -nan) block x1=[1.2500e-01,2.5000e-01] x2=[3.1250e-01,3.7500e-01] x3=[-1.2500e-01,-6.2500e-02] ip,jp,kp=(-2147483647 -2147483647 -2147483647)
DustGasDrag halo violation: p=14845242 gid=995 x=(-nan -nan -nan) block x1=[1.2500e-01,2.5000e-01] x2=[3.1250e-01,3.7500e-01] x3=[-1.2500e-01,-6.2500e-02] ip,jp,kp=(-2147483647 -2147483647 -2147483647)
DustGasDrag halo violation: p=14845243 gid=995 x=(-nan -nan -nan) block x1=[1.2500e-01,2.5000e-01] x2=[3.1250e-01,3.7500e-01] x3=[-1.2500e-01,-6.2500e-02] ip,jp,kp=(-2147483647 -2147483647 -2147483647)
DustGasDrag halo violation: p=14845244 gid=995 x=(-nan -nan -nan) block x1=[1.2500e-01,2.5000e-01] x2=[3.1250e-01,3.7500e-01] x3=[-1.2500e-01,-6.2500e-02] ip,jp,kp=(-2147483647 -2147483647 -2147483647)
DustGasDrag halo violation: p=14845245 gid=995 x=(-nan -nan -nan) block x1=[1.2500e-01,2.5000e-01] x2=[3.1250e-01,3.7500e-01] x3=[-1.2500e-01,-6.2500e-02] ip,jp,kp=(-2147483647 -2147483647 -2147483647)
DustGasDrag halo violation: p=14848184 gid=995 x=(-nan -nan -nan) block x1=[1.2500e-01,2.5000e-01] x2=[3.1250e-01,3.7500e-01] x3=[-1.2500e-01,-6.2500e-02] ip,jp,kp=(-2147483647 -2147483647 -2147483647)
DustGasDrag halo violation: p=14848185 gid=995 x=(-nan -nan -nan) block x1=[1.2500e-01,2.5000e-01] x2=[3.1250e-01,3.7500e-01] x3=[-1.2500e-01,-6.2500e-02] ip,jp,kp=(-2147483647 -2147483647 -2147483647)
DustGasDrag halo violation: p=14848186 gid=995 x=(-nan -nan -nan) block x1=[1.2500e-01,2.5000e-01] x2=[3.1250e-01,3.7500e-01] x3=[-1.2500e-01,-6.2500e-02] ip,jp,kp=(-2147483647 -2147483647 -2147483647)
DustGasDrag halo violation: p=14848215 gid=995 x=(-nan -nan -nan) block x1=[1.2500e-01,2.5000e-01] x2=[3.1250e-01,3.7500e-01] x3=[-1.2500e-01,-6.2500e-02] ip,jp,kp=(-2147483647 -2147483647 -2147483647)
DustGasDrag halo violation: p=14848216 gid=995 x=(-nan -nan -nan) block x1=[1.2500e-01,2.5000e-01] x2=[3.1250e-01,3.7500e-01] x3=[-1.2500e-01,-6.2500e-02] ip,jp,kp=(-2147483647 -2147483647 -2147483647)
DustGasDrag halo violation: p=14848217 gid=995 x=(-nan -nan -nan) block x1=[1.2500e-01,2.5000e-01] x2=[3.1250e-01,3.7500e-01] x3=[-1.2500e-01,-6.2500e-02] ip,jp,kp=(-2147483647 -2147483647 -2147483647)
DustGasDrag halo violation: p=14848218 gid=995 x=(-nan -nan -nan) block x1=[1.2500e-01,2.5000e-01] x2=[3.1250e-01,3.7500e-01] x3=[-1.2500e-01,-6.2500e-02] ip,jp,kp=(-2147483647 -2147483647 -2147483647)
DustGasDrag halo violation: p=14848219 gid=995 x=(-nan -nan -nan) block x1=[1.2500e-01,2.5000e-01] x2=[3.1250e-01,3.7500e-01] x3=[-1.2500e-01,-6.2500e-02] ip,jp,kp=(-2147483647 -2147483647 -2147483647)
DustGasDrag halo violation: p=14848220 gid=995 x=(-nan -nan -nan) block x1=[1.2500e-01,2.5000e-01] x2=[3.1250e-01,3.7500e-01] x3=[-1.2500e-01,-6.2500e-02] ip,jp,kp=(-2147483647 -2147483647 -2147483647)
DustGasDrag halo violation: p=14848247 gid=995 x=(-nan -nan -nan) block x1=[1.2500e-01,2.5000e-01] x2=[3.1250e-01,3.7500e-01] x3=[-1.2500e-01,-6.2500e-02] ip,jp,kp=(-2147483647 -2147483647 -2147483647)
DustGasDrag halo violation: p=14848248 gid=995 x=(-nan -nan -nan) block x1=[1.2500e-01,2.5000e-01] x2=[3.1250e-01,3.7500e-01] x3=[-1.2500e-01,-6.2500e-02] ip,jp,kp=(-2147483647 -2147483647 -2147483647)
DustGasDrag halo violation: p=14848249 gid=995 x=(-nan -nan -nan) block x1=[1.2500e-01,2.5000e-01] x2=[3.1250e-01,3.7500e-01] x3=[-1.2500e-01,-6.2500e-02] ip,jp,kp=(-2147483647 -2147483647 -2147483647)
DustGasDrag halo violation: p=14848250 gid=995 x=(-nan -nan -nan) block x1=[1.2500e-01,2.5000e-01] x2=[3.1250e-01,3.7500e-01] x3=[-1.2500e-01,-6.2500e-02] ip,jp,kp=(-2147483647 -2147483647 -2147483647)
DustGasDrag halo violation: p=14848251 gid=995 x=(-nan -nan -nan) block x1=[1.2500e-01,2.5000e-01] x2=[3.1250e-01,3.7500e-01] x3=[-1.2500e-01,-6.2500e-02] ip,jp,kp=(-2147483647 -2147483647 -2147483647)
DustGasDrag halo violation: p=14848252 gid=995 x=(-nan -nan -nan) block x1=[1.2500e-01,2.5000e-01] x2=[3.1250e-01,3.7500e-01] x3=[-1.2500e-01,-6.2500e-02] ip,jp,kp=(-2147483647 -2147483647 -2147483647)
TACC:  MPI job exited with code: 134 
TACC:  Shutdown complete. Exiting. 
