TACC:  Starting up job 1032265 
TACC:  Setting up parallel environment for OpenMPI mpirun. 
TACC:  Starting parallel tasks... 

Root grid = 1 x 2 x 1 MeshBlocks
Total number of MeshBlocks = 2
Number of logical  levels of refinement = 1 (2 levels total)
Number of physical levels of refinement = 0 (1 levels total)
Number of parallel ranks = 2
  Rank = 0: 1 MeshBlocks, cost = 1
  Rank = 1: 1 MeshBlocks, cost = 1
Load Balancing:
  Maximum normalized cost = 1, Average = 1

Setup complete, executing task list(s)...

elapsed=1.230612e-02 cycle=0 time=0.000000e+00 dt=7.031250e-03
elapsed=2.229632e+01 cycle=1000 time=6.955629e+00 dt=7.023574e-03

Terminating on cycle limit
time=6.955629e+00 cycle=1000
tlim=1.000000e+99 nlim=1000

MeshBlock-cycles = 2000
cpu time used  = 2.228403e+01
zone-cycles/cpu_second = 2.940940e+06
particle-updates/cpu_second = 2.940940e+06
TACC:  Shutdown complete. Exiting. 
