TACC:  Starting up job 1032266 
TACC:  Setting up parallel environment for OpenMPI mpirun. 
TACC:  Starting parallel tasks... 

Root grid = 1 x 2 x 2 MeshBlocks
Total number of MeshBlocks = 4
Number of logical  levels of refinement = 1 (2 levels total)
Number of physical levels of refinement = 0 (1 levels total)
Number of parallel ranks = 4
  Rank = 0: 1 MeshBlocks, cost = 1
  Rank = 1: 1 MeshBlocks, cost = 1
  Rank = 2: 1 MeshBlocks, cost = 1
  Rank = 3: 1 MeshBlocks, cost = 1
Load Balancing:
  Maximum normalized cost = 1, Average = 1

Setup complete, executing task list(s)...

elapsed=2.449555e-02 cycle=0 time=0.000000e+00 dt=7.031250e-03
elapsed=2.332136e+01 cycle=1000 time=5.614707e-01 dt=4.760813e-92

Terminating on cycle limit
time=5.614707e-01 cycle=1000
tlim=1.000000e+99 nlim=1000

MeshBlock-cycles = 4000
cpu time used  = 2.329688e+01
zone-cycles/cpu_second = 5.626162e+06
particle-updates/cpu_second = 5.626162e+06
TACC:  Shutdown complete. Exiting. 
