TACC:  Starting up job 1032267 
TACC:  Setting up parallel environment for OpenMPI mpirun. 
TACC:  Starting parallel tasks... 

Root grid = 1 x 4 x 2 MeshBlocks
Total number of MeshBlocks = 8
Number of logical  levels of refinement = 2 (3 levels total)
Number of physical levels of refinement = 0 (1 levels total)
Number of parallel ranks = 8
  Rank = 0: 1 MeshBlocks, cost = 1
  Rank = 1: 1 MeshBlocks, cost = 1
  Rank = 2: 1 MeshBlocks, cost = 1
  Rank = 3: 1 MeshBlocks, cost = 1
  Rank = 4: 1 MeshBlocks, cost = 1
  Rank = 5: 1 MeshBlocks, cost = 1
  Rank = 6: 1 MeshBlocks, cost = 1
  Rank = 7: 1 MeshBlocks, cost = 1
Load Balancing:
  Maximum normalized cost = 1, Average = 1

Setup complete, executing task list(s)...

elapsed=3.701363e-02 cycle=0 time=0.000000e+00 dt=3.515625e-03
elapsed=2.308483e+01 cycle=1000 time=3.515625e+00 dt=3.515625e-03

Terminating on cycle limit
time=3.515625e+00 cycle=1000
tlim=1.000000e+99 nlim=1000

MeshBlock-cycles = 8000
cpu time used  = 2.304783e+01
zone-cycles/cpu_second = 1.137391e+07
particle-updates/cpu_second = 1.137391e+07
TACC:  Shutdown complete. Exiting. 
